Microchip MPLAB XC8 Compiler V2.00 ()

Linker command line:

-W-3 --edf=C:\Program Files (x86)\Microchip\xc8\v2.00\pic\dat\en_msgs.txt \
  -cs -h+dist/default/production\MCU_projet_tamagogo.X.production.sym \
  --cmf=dist/default/production\MCU_projet_tamagogo.X.production.cmf -z \
  -Q18F4550 -oC:\Users\acajo\AppData\Local\Temp\shdc.2 \
  --defsym=__MPLAB_BUILD=1 \
  -Mdist/default/production/MCU_projet_tamagogo.X.production.map -E1 \
  -ver=XC8 --acfsm=1493 -ASTACK=01C2h-01ffh -pstack=STACK -ACODE=00h-07FFFh \
  -ACONST=00h-07FFFh -ASMALLCONST=0800h-08FFhx120 \
  -AMEDIUMCONST=0800h-07FFFh -ACOMRAM=01h-05Fh -AABS1=00h-07FFh \
  -ABIGRAM=01h-07FFh -ARAM=060h-0FFh,0100h-01FFhx7 -ABANK0=060h-0FFh \
  -ABANK1=0100h-01FFh -ABANK2=0200h-02FFh -ABANK3=0300h-03FFh \
  -ABANK4=0400h-04FFh -ABANK5=0500h-05FFh -ABANK6=0600h-06FFh \
  -ABANK7=0700h-07FFh -ASFR=0F60h-0FFFh \
  -preset_vec=00h,intcode=08h,intcodelo,powerup,init -pramtop=0800h \
  -psmallconst=SMALLCONST -pmediumconst=MEDIUMCONST -pconst=CONST \
  -AFARRAM=00h-00h -ACONFIG=0300000h-030000Dh -pconfig=CONFIG \
  -AIDLOC=0200000h-0200007h -pidloc=IDLOC -AEEDATA=0F00000h-0F000FFh \
  -peeprom_data=EEDATA \
  -prdata=COMRAM,nvrram=COMRAM,nvbit=COMRAM,rbss=COMRAM,rbit=COMRAM \
  -pfarbss=FARRAM,fardata=FARRAM,nvFARRAM=FARRAM \
  -pintsave_regs=BIGRAM,bigbss=BIGRAM,bigdata=BIGRAM -pbss=RAM \
  -pidata=CODE,irdata=CODE,ibigdata=CODE,ifardata=CODE -prparam=COMRAM \
  C:\Users\acajo\AppData\Local\Temp\shdc.o \
  dist/default/production\MCU_projet_tamagogo.X.production.o 

Object code version is 3.11

Machine type is 18F4550

Call graph: (short form)




                Name                               Link     Load   Length Selector   Space Scale
C:\Users\acajo\AppData\Local\Temp\shdc.o
                init                                  E        E        4        4       0
                reset_vec                             0        0        4        0       0
                idloc                            200000   200000        8   200000       0
                config                           300000   300000        E   300000       0
dist/default/production\MCU_projet_tamagogo.X.production.o
                intcode                               8        8        6        4       0
                temp                                 5A       5A        1        1       1
                mediumconst                        72CA     72CA      D36     3965       0
                intcode_body                       23D2     23D2       AE        4       0
                text39                             1870     1870       EC        4       0
                text38                             29F4     29F4       46        4       0
                text37                             29AE     29AE       46        4       0
                text36                             1B1A     1B1A       DA        4       0
                text35                             1256     1256      126        4       0
                text34                             25C8     25C8       9E        4       0
                text33                             28F2     28F2       6A        4       0
                text32                             148E     148E      106        4       0
                text31                             252A     252A       9E        4       0
                text30                             1DA2     1DA2       D6        4       0
                text29                             231A     231A       B8        4       0
                text28                             2882     2882       70        4       0
                text27                              EBC      EBC      144        4       0
                text26                             1000     1000      12C        4       0
                text25                             2480     2480       AA        4       0
                text24                             1BF4     1BF4       D8        4       0
                text23                             295C     295C       52        4       0
                text22                             26F8     26F8       92        4       0
                text21                             1CCC     1CCC       D6        4       0
                text20                              BB2      BB2      1BE        4       0
                text19                              972      972      240        4       0
                text18                             225A     225A       C0        4       0
                text17                             219A     219A       C0        4       0
                text16                             2014     2014       C4        4       0
                text15                              34E      34E      316        4       0
                text14                             2A62     2A62       28        4       0
                text13                             278A     278A       84        4       0
                text12                             112C     112C      12A        4       0
                text11                              D70      D70      14C        4       0
                text10                             2AA2     2AA2        A        4       0
                text9                              2A96     2A96        C        4       0
                text8                              2AAC     2AAC        8        4       0
                text7                              2A8A     2A8A        C        4       0
                text6                              1F46     1F46       CE        4       0
                text5                              137C     137C      112        4       0
                text4                                12       12      33C        4       0
                text3                              1E78     1E78       CE        4       0
                text2                              2A3A     2A3A       28        4       0
                text1                              1A40     1A40       DA        4       0
                text0                              2666     2666       92        4       0
                cstackCOMRAM                          1        1       52        1       1
                dataBIGRAM                          4EE      4EE      30E      4EE       1
                dataBANK4                           400      400       EE      400       1
                dataBANK3                           300      300       EE      300       1
                dataBANK2                           200      200       E4      200       1
                dataBANK1                           100      100       C2      100       1
                dataBANK0                            60       60       74       60       1
                bssBANK0                             D4       D4       17       60       1
                dataCOMRAM                           58       58        2        1       1
                bssCOMRAM                            53       53        5        1       1
                cinit                              1594     1594      100        4       0
                idataBANK4                         1782     1782       EE        4       0
                idataBANK3                         1694     1694       EE        4       0
                idataBANK2                         195C     195C       E4        4       0
                idataBANK1                         20D8     20D8       C2        4       0
                idataBANK0                         280E     280E       74        4       0
                idataBIGRAM                         664      664      30E        4       0
                idataCOMRAM                        2AB4     2AB4        2        4       0

TOTAL           Name                               Link     Load   Length     Space
        CLASS   STACK          

        CLASS   CODE           
                intcode                               8        8        6         0
                init                                  E        E        4         0
                reset_vec                             0        0        4         0
                intcode_body                       23D2     23D2       AE         0
                text39                             1870     1870       EC         0
                text38                             29F4     29F4       46         0
                text37                             29AE     29AE       46         0
                text36                             1B1A     1B1A       DA         0
                text35                             1256     1256      126         0
                text34                             25C8     25C8       9E         0
                text33                             28F2     28F2       6A         0
                text32                             148E     148E      106         0
                text31                             252A     252A       9E         0
                text30                             1DA2     1DA2       D6         0
                text29                             231A     231A       B8         0
                text28                             2882     2882       70         0
                text27                              EBC      EBC      144         0
                text26                             1000     1000      12C         0
                text25                             2480     2480       AA         0
                text24                             1BF4     1BF4       D8         0
                text23                             295C     295C       52         0
                text22                             26F8     26F8       92         0
                text21                             1CCC     1CCC       D6         0
                text20                              BB2      BB2      1BE         0
                text19                              972      972      240         0
                text18                             225A     225A       C0         0
                text17                             219A     219A       C0         0
                text16                             2014     2014       C4         0
                text15                              34E      34E      316         0
                text14                             2A62     2A62       28         0
                text13                             278A     278A       84         0
                text12                             112C     112C      12A         0
                text11                              D70      D70      14C         0
                text10                             2AA2     2AA2        A         0
                text9                              2A96     2A96        C         0
                text8                              2AAC     2AAC        8         0
                text7                              2A8A     2A8A        C         0
                text6                              1F46     1F46       CE         0
                text5                              137C     137C      112         0
                text4                                12       12      33C         0
                text3                              1E78     1E78       CE         0
                text2                              2A3A     2A3A       28         0
                text1                              1A40     1A40       DA         0
                text0                              2666     2666       92         0
                cinit                              1594     1594      100         0
                idataBANK4                         1782     1782       EE         0
                idataBANK3                         1694     1694       EE         0
                idataBANK2                         195C     195C       E4         0
                idataBANK1                         20D8     20D8       C2         0
                idataBANK0                         280E     280E       74         0
                idataBIGRAM                         664      664      30E         0
                idataCOMRAM                        2AB4     2AB4        2         0

        CLASS   CONST          

        CLASS   SMALLCONST     

        CLASS   MEDIUMCONST    
                mediumconst                        72CA     72CA      D36         0

        CLASS   COMRAM         
                temp                                 5A       5A        1         1
                cstackCOMRAM                          1        1       52         1
                dataCOMRAM                           58       58        2         1
                bssCOMRAM                            53       53        5         1

        CLASS   ABS1           

        CLASS   BIGRAM         
                dataBIGRAM                          4EE      4EE      30E         1

        CLASS   RAM            

        CLASS   BANK0          
                dataBANK0                            60       60       74         1
                bssBANK0                             D4       D4       17         1

        CLASS   BANK1          
                dataBANK1                           100      100       C2         1

        CLASS   BANK2          
                dataBANK2                           200      200       E4         1

        CLASS   BANK3          
                dataBANK3                           300      300       EE         1

        CLASS   BANK4          
                dataBANK4                           400      400       EE         1

        CLASS   BANK5          

        CLASS   BANK6          

        CLASS   BANK7          

        CLASS   SFR            

        CLASS   FARRAM         

        CLASS   CONFIG         
                config                           300000   300000        E         0

        CLASS   IDLOC          
                idloc                            200000   200000        8         0

        CLASS   EEDATA         



SEGMENTS        Name                           Load    Length   Top    Selector   Space  Class

                reset_vec                      000000  000004  000004         0       0  CODE    
                cstackCOMRAM                   000001  00005A  00005B         1       1  COMRAM  
                intcode                        000008  002AAE  002AB6         4       0  CODE    
                dataBANK0                      000060  00008B  0000EB        60       1  BANK0   
                dataBANK1                      000100  0000C2  0001C2       100       1  BANK1   
                dataBANK2                      000200  0000E4  0002E4       200       1  BANK2   
                dataBANK3                      000300  0000EE  0003EE       300       1  BANK3   
                dataBANK4                      000400  0000EE  0004EE       400       1  BANK4   
                dataBIGRAM                     0004EE  00030E  0007FC       4EE       1  BIGRAM  
                mediumconst                    0072CA  000D36  008000      3965       0  MEDIUMCO
                idloc                          200000  000008  200008    200000       0  IDLOC   
                config                         300000  00000E  30000E    300000       0  CONFIG  


UNUSED ADDRESS RANGES

        Name                Unused          Largest block    Delta
        BANK0            0000EB-0000FF               15
        BANK1            0001C2-0001FF               3E
        BANK2            0002E4-0002FF               1C
        BANK3            0003EE-0003FF               12
        BANK7            0007FC-0007FF                4
        BIGRAM           00005B-00005F                5
                         0000EB-0000FF               15
                         0001C2-0001FF               3E
                         0002E4-0002FF               1C
                         0003EE-0003FF               12
                         0007FC-0007FF                4
        CODE             000004-000007                4
                         002AB6-0072C9             4814
        COMRAM           00005B-00005F                5
        CONST            000004-000007                4
                         002AB6-0072C9             4814
        EEDATA           F00000-F000FF              100
        MEDIUMCONST      002AB6-0072C9             4814
        RAM              0000EB-0000FF               15
                         0001C2-0001FF               3E
                         0002E4-0002FF               1C
                         0003EE-0003FF               12
                         0007FC-0007FF                4
        SFR              000F60-000FFF               A0
        SMALLCONST       002AB6-0072C9              100
        STACK            0001C2-0001FF               3E

                                  Symbol Table

?___awdiv                     cstackCOMRAM 000001
?___awmod                     cstackCOMRAM 000001
?_creer_champi                cstackCOMRAM 000001
?_strlen                      cstackCOMRAM 000001
_ADCON1                       (abs)        000FC1
_Font3x6                      mediumconst  007ECB
_Font8x8                      mediumconst  0072CB
_INTCONbits                   (abs)        000FF2
_LATBbits                     (abs)        000F8A
_LATD                         (abs)        000F8C
_PIE1bits                     (abs)        000F9D
_PIR1bits                     (abs)        000F9E
_PORTA                        (abs)        000F80
_PORTB                        (abs)        000F81
_PORTC                        (abs)        000F82
_PORTCbits                    (abs)        000F82
_PORTD                        (abs)        000F83
_PORTEbits                    (abs)        000F84
_T1CONbits                    (abs)        000FCD
_TRISA                        (abs)        000F92
_TRISB                        (abs)        000F93
_TRISC                        (abs)        000F94
_TRISD                        (abs)        000F95
_Z1                           dataBANK1    00017E
_Z2                           dataBANK0    0000B4
__CFG_BOR$ON                  (abs)        000000
__CFG_CPD$OFF                 (abs)        000000
__CFG_FOSC$HS                 (abs)        000000
__CFG_LVP$OFF                 (abs)        000000
__CFG_PWRT$OFF                (abs)        000000
__CFG_WDT$ON                  (abs)        000000
__CFG_WRTD$OFF                (abs)        000000
__HRAM                        (abs)        000000
__Habs1                       abs1         000000
__Hbank0                      bank0        000000
__Hbank1                      bank1        000000
__Hbank2                      bank2        000000
__Hbank3                      bank3        000000
__Hbank4                      bank4        000000
__Hbank5                      bank5        000000
__Hbank6                      bank6        000000
__Hbank7                      bank7        000000
__Hbigbss                     bigbss       000000
__Hbigdata                    bigdata      000000
__Hbigram                     bigram       000000
__Hbss                        bss          000000
__HbssBANK0                   bssBANK0     000000
__HbssCOMRAM                  bssCOMRAM    000000
__Hcinit                      cinit        000000
__Hclrtext                    clrtext      000000
__Hcomram                     comram       000000
__Hconfig                     config       30000E
__Hconst                      const        000000
__HcstackCOMRAM               cstackCOMRAM 000000
__Hdata                       data         000000
__HdataBANK0                  dataBANK0    000000
__HdataBANK1                  dataBANK1    000000
__HdataBANK2                  dataBANK2    000000
__HdataBANK3                  dataBANK3    000000
__HdataBANK4                  dataBANK4    000000
__HdataBIGRAM                 dataBIGRAM   000000
__HdataCOMRAM                 dataCOMRAM   000000
__Heeprom_data                eeprom_data  000000
__Hfarbss                     farbss       000000
__Hfardata                    fardata      000000
__Hibigdata                   ibigdata     000000
__Hidata                      idata        000000
__HidataBANK0                 idataBANK0   000000
__HidataBANK1                 idataBANK1   000000
__HidataBANK2                 idataBANK2   000000
__HidataBANK3                 idataBANK3   000000
__HidataBANK4                 idataBANK4   000000
__HidataBIGRAM                idataBIGRAM  000000
__HidataCOMRAM                idataCOMRAM  000000
__Hidloc                      idloc        200008
__Hifardata                   ifardata     000000
__Hinit                       init         000012
__Hintcode                    intcode      00000E
__Hintcode_body               intcode_body 000000
__Hintcodelo                  intcodelo    00000E
__Hintentry                   intentry     000000
__Hintret                     intret       000000
__Hintsave_regs               intsave_regs 000000
__Hirdata                     irdata       000000
__Hmediumconst                mediumconst  008000
__HnvFARRAM                   nvFARRAM     000000
__Hnvbit                      nvbit        000000
__Hnvrram                     nvrram       000000
__Hparam                      rparam       000000
__Hpowerup                    powerup      00000E
__Hram                        ram          000000
__Hramtop                     ramtop       000800
__Hrbit                       rbit         000000
__Hrbss                       rbss         000000
__Hrdata                      rdata        000000
__Hreset_vec                  reset_vec    000004
__Hrparam                     rparam       000000
__Hsfr                        sfr          000000
__Hsmallconst                 smallconst   000000
__Hspace_0                    (abs)        30000E
__Hspace_1                    (abs)        0007FC
__Hspace_2                    (abs)        000000
__Hstack                      stack        000000
__Hstruct                     struct       000000
__Htemp                       temp         00005B
__Htext                       text         000000
__Htext0                      text0        000000
__Htext1                      text1        000000
__Htext10                     text10       000000
__Htext11                     text11       000000
__Htext12                     text12       000000
__Htext13                     text13       000000
__Htext14                     text14       000000
__Htext15                     text15       000000
__Htext16                     text16       000000
__Htext17                     text17       000000
__Htext18                     text18       000000
__Htext19                     text19       000000
__Htext2                      text2        000000
__Htext20                     text20       000000
__Htext21                     text21       000000
__Htext22                     text22       000000
__Htext23                     text23       000000
__Htext24                     text24       000000
__Htext25                     text25       000000
__Htext26                     text26       000000
__Htext27                     text27       000000
__Htext28                     text28       000000
__Htext29                     text29       000000
__Htext3                      text3        000000
__Htext30                     text30       000000
__Htext31                     text31       000000
__Htext32                     text32       000000
__Htext33                     text33       000000
__Htext34                     text34       000000
__Htext35                     text35       000000
__Htext36                     text36       000000
__Htext37                     text37       000000
__Htext38                     text38       000000
__Htext39                     text39       000000
__Htext4                      text4        000000
__Htext5                      text5        000000
__Htext6                      text6        000000
__Htext7                      text7        000000
__Htext8                      text8        000000
__Htext9                      text9        000000
__LRAM                        (abs)        000001
__Labs1                       abs1         000000
__Lbank0                      bank0        000000
__Lbank1                      bank1        000000
__Lbank2                      bank2        000000
__Lbank3                      bank3        000000
__Lbank4                      bank4        000000
__Lbank5                      bank5        000000
__Lbank6                      bank6        000000
__Lbank7                      bank7        000000
__Lbigbss                     bigbss       000000
__Lbigdata                    bigdata      000000
__Lbigram                     bigram       000000
__Lbss                        bss          000000
__LbssBANK0                   bssBANK0     000000
__LbssCOMRAM                  bssCOMRAM    000000
__Lcinit                      cinit        000000
__Lclrtext                    clrtext      000000
__Lcomram                     comram       000000
__Lconfig                     config       300000
__Lconst                      const        000000
__LcstackCOMRAM               cstackCOMRAM 000000
__Ldata                       data         000000
__LdataBANK0                  dataBANK0    000000
__LdataBANK1                  dataBANK1    000000
__LdataBANK2                  dataBANK2    000000
__LdataBANK3                  dataBANK3    000000
__LdataBANK4                  dataBANK4    000000
__LdataBIGRAM                 dataBIGRAM   000000
__LdataCOMRAM                 dataCOMRAM   000000
__Leeprom_data                eeprom_data  000000
__Lfarbss                     farbss       000000
__Lfardata                    fardata      000000
__Libigdata                   ibigdata     000000
__Lidata                      idata        000000
__LidataBANK0                 idataBANK0   000000
__LidataBANK1                 idataBANK1   000000
__LidataBANK2                 idataBANK2   000000
__LidataBANK3                 idataBANK3   000000
__LidataBANK4                 idataBANK4   000000
__LidataBIGRAM                idataBIGRAM  000000
__LidataCOMRAM                idataCOMRAM  000000
__Lidloc                      idloc        200000
__Lifardata                   ifardata     000000
__Linit                       init         00000E
__Lintcode                    intcode      000008
__Lintcode_body               intcode_body 000000
__Lintcodelo                  intcodelo    00000E
__Lintentry                   intentry     000000
__Lintret                     intret       000000
__Lintsave_regs               intsave_regs 000000
__Lirdata                     irdata       000000
__Lmediumconst                mediumconst  0072CA
__LnvFARRAM                   nvFARRAM     000000
__Lnvbit                      nvbit        000000
__Lnvrram                     nvrram       000000
__Lparam                      rparam       000000
__Lpowerup                    powerup      00000E
__Lram                        ram          000000
__Lramtop                     ramtop       000800
__Lrbit                       rbit         000000
__Lrbss                       rbss         000000
__Lrdata                      rdata        000000
__Lreset_vec                  reset_vec    000000
__Lrparam                     rparam       000000
__Lsfr                        sfr          000000
__Lsmallconst                 smallconst   000000
__Lspace_0                    (abs)        000000
__Lspace_1                    (abs)        000000
__Lspace_2                    (abs)        000000
__Lstack                      stack        000000
__Lstruct                     struct       000000
__Ltemp                       temp         00005A
__Ltext                       text         000000
__Ltext0                      text0        000000
__Ltext1                      text1        000000
__Ltext10                     text10       000000
__Ltext11                     text11       000000
__Ltext12                     text12       000000
__Ltext13                     text13       000000
__Ltext14                     text14       000000
__Ltext15                     text15       000000
__Ltext16                     text16       000000
__Ltext17                     text17       000000
__Ltext18                     text18       000000
__Ltext19                     text19       000000
__Ltext2                      text2        000000
__Ltext20                     text20       000000
__Ltext21                     text21       000000
__Ltext22                     text22       000000
__Ltext23                     text23       000000
__Ltext24                     text24       000000
__Ltext25                     text25       000000
__Ltext26                     text26       000000
__Ltext27                     text27       000000
__Ltext28                     text28       000000
__Ltext29                     text29       000000
__Ltext3                      text3        000000
__Ltext30                     text30       000000
__Ltext31                     text31       000000
__Ltext32                     text32       000000
__Ltext33                     text33       000000
__Ltext34                     text34       000000
__Ltext35                     text35       000000
__Ltext36                     text36       000000
__Ltext37                     text37       000000
__Ltext38                     text38       000000
__Ltext39                     text39       000000
__Ltext4                      text4        000000
__Ltext5                      text5        000000
__Ltext6                      text6        000000
__Ltext7                      text7        000000
__Ltext8                      text8        000000
__Ltext9                      text9        000000
__S0                          (abs)        30000E
__S1                          (abs)        0007FC
__S2                          (abs)        000000
___awdiv                      text39       001870
___awdiv@counter              cstackCOMRAM 000005
___awdiv@dividend             cstackCOMRAM 000001
___awdiv@divisor              cstackCOMRAM 000003
___awdiv@quotient             cstackCOMRAM 000007
___awdiv@sign                 cstackCOMRAM 000006
___awmod                      text24       001BF4
___awmod@counter              cstackCOMRAM 000005
___awmod@dividend             cstackCOMRAM 000001
___awmod@divisor              cstackCOMRAM 000003
___awmod@sign                 cstackCOMRAM 000006
___inthi_sp                   stack        000000
___intlo_sp                   stack        000000
___param_bank                 (abs)        000000
___rparam_used                (abs)        000001
___sp                         stack        000000
__accesstop                   (abs)        000060
__activetblptr                (abs)        000002
__end_of_Font3x6              mediumconst  007F8E
__end_of_Font8x8              mediumconst  007ACB
__end_of___awdiv              text39       00195C
__end_of___awmod              text24       001CCC
__end_of__initialization      cinit        001686
__end_of_afficher_sequence    text18       00231A
__end_of_animation            text34       002666
__end_of_animationCaca        text33       00295C
__end_of_animationDodo        text32       001594
__end_of_animationPasContent  text31       0025C8
__end_of_bouger_sequence      text16       0020D8
__end_of_collision            text15       000664
__end_of_creer_champi         text14       002A8A
__end_of_displayObject        text35       00137C
__end_of_effacer_sequence     text17       00225A
__end_of_game_play            text4        00034E
__end_of_game_stats           text19       000BB2
__end_of_glcd_FillScreen      text29       0023D2
__end_of_glcd_Image           text30       001E78
__end_of_glcd_Init            text3        001F46
__end_of_glcd_PlotPixel       text36       001BF4
__end_of_glcd_ReadByte        text38       002A3A
__end_of_glcd_SetCursor       text28       0028F2
__end_of_glcd_WriteByte       text37       0029F4
__end_of_glcd_WriteChar3x6    text27       001000
__end_of_glcd_WriteChar8X8    text26       00112C
__end_of_glcd_WriteString     text25       00252A
__end_of_itoa                 text21       001DA2
__end_of_lancer_minijeu       text11       000EBC
__end_of_main                 text0        0026F8
__end_of_mdr                  intcode_body 002480
__end_of_memset               text20       000D70
__end_of_menu_actions         text6        002014
__end_of_menu_cursor          text5        00148E
__end_of_micro_calin          text10       002AAC
__end_of_micro_dormir         text9        002AA2
__end_of_micro_laver          text8        002AB4
__end_of_micro_manger         text7        002A96
__end_of_microgochi_init      text2        002A62
__end_of_ou                   mediumconst  007F96
__end_of_remplir_tableau      text13       00280E
__end_of_reverse              text22       00278A
__end_of_saut_tamago          text12       001256
__end_of_screen_credits       text1        001B1A
__end_of_strlen               text23       0029AE
__end_of_test                 mediumconst  007ECB
__initialization              cinit        001594
__mediumconst                 mediumconst  0072CA
__pbssBANK0                   bssBANK0     0000D4
__pbssCOMRAM                  bssCOMRAM    000053
__pcinit                      cinit        001594
__pcstackCOMRAM               cstackCOMRAM 000001
__pdataBANK0                  dataBANK0    000060
__pdataBANK1                  dataBANK1    000100
__pdataBANK2                  dataBANK2    000200
__pdataBANK3                  dataBANK3    000300
__pdataBANK4                  dataBANK4    000400
__pdataBIGRAM                 dataBIGRAM   0004EE
__pdataCOMRAM                 dataCOMRAM   000058
__pidataBANK0                 idataBANK0   00280E
__pidataBANK1                 idataBANK1   0020D8
__pidataBANK2                 idataBANK2   00195C
__pidataBANK3                 idataBANK3   001694
__pidataBANK4                 idataBANK4   001782
__pidataBIGRAM                idataBIGRAM  000664
__pidataCOMRAM                idataCOMRAM  002AB4
__pintcode                    intcode      000008
__pintcode_body               intcode_body 0023D2
__pmediumconst                mediumconst  0072CA
__ptext0                      text0        002666
__ptext1                      text1        001A40
__ptext10                     text10       002AA2
__ptext11                     text11       000D70
__ptext12                     text12       00112C
__ptext13                     text13       00278A
__ptext14                     text14       002A62
__ptext15                     text15       00034E
__ptext16                     text16       002014
__ptext17                     text17       00219A
__ptext18                     text18       00225A
__ptext19                     text19       000972
__ptext2                      text2        002A3A
__ptext20                     text20       000BB2
__ptext21                     text21       001CCC
__ptext22                     text22       0026F8
__ptext23                     text23       00295C
__ptext24                     text24       001BF4
__ptext25                     text25       002480
__ptext26                     text26       001000
__ptext27                     text27       000EBC
__ptext28                     text28       002882
__ptext29                     text29       00231A
__ptext3                      text3        001E78
__ptext30                     text30       001DA2
__ptext31                     text31       00252A
__ptext32                     text32       00148E
__ptext33                     text33       0028F2
__ptext34                     text34       0025C8
__ptext35                     text35       001256
__ptext36                     text36       001B1A
__ptext37                     text37       0029AE
__ptext38                     text38       0029F4
__ptext39                     text39       001870
__ptext4                      text4        000012
__ptext5                      text5        00137C
__ptext6                      text6        001F46
__ptext7                      text7        002A8A
__ptext8                      text8        002AAC
__ptext9                      text9        002A96
__ramtop                      ramtop       000800
__size_of___awdiv             (abs)        000000
__size_of___awmod             (abs)        000000
__size_of_afficher_sequence   (abs)        000000
__size_of_animation           (abs)        000000
__size_of_animationCaca       (abs)        000000
__size_of_animationDodo       (abs)        000000
__size_of_animationPasContent (abs)        000000
__size_of_bouger_sequence     (abs)        000000
__size_of_collision           (abs)        000000
__size_of_creer_champi        (abs)        000000
__size_of_displayObject       (abs)        000000
__size_of_effacer_sequence    (abs)        000000
__size_of_game_play           (abs)        000000
__size_of_game_stats          (abs)        000000
__size_of_glcd_FillScreen     (abs)        000000
__size_of_glcd_Image          (abs)        000000
__size_of_glcd_Init           (abs)        000000
__size_of_glcd_PlotPixel      (abs)        000000
__size_of_glcd_ReadByte       (abs)        000000
__size_of_glcd_SetCursor      (abs)        000000
__size_of_glcd_WriteByte      (abs)        000000
__size_of_glcd_WriteChar3x6   (abs)        000000
__size_of_glcd_WriteChar8X8   (abs)        000000
__size_of_glcd_WriteString    (abs)        000000
__size_of_itoa                (abs)        000000
__size_of_lancer_minijeu      (abs)        000000
__size_of_main                (abs)        000000
__size_of_mdr                 (abs)        000000
__size_of_memset              (abs)        000000
__size_of_menu_actions        (abs)        000000
__size_of_menu_cursor         (abs)        000000
__size_of_micro_calin         (abs)        000000
__size_of_micro_dormir        (abs)        000000
__size_of_micro_laver         (abs)        000000
__size_of_micro_manger        (abs)        000000
__size_of_microgochi_init     (abs)        000000
__size_of_remplir_tableau     (abs)        000000
__size_of_reverse             (abs)        000000
__size_of_saut_tamago         (abs)        000000
__size_of_screen_credits      (abs)        000000
__size_of_strlen              (abs)        000000
__smallconst                  smallconst   000000
_afficher_sequence            text18       00225A
_animation                    text34       0025C8
_animationCaca                text33       0028F2
_animationDodo                text32       00148E
_animationPasContent          text31       00252A
_bouger_sequence              text16       002014
_buffer                       bssCOMRAM    000055
_champi                       dataBANK2    000200
_colli                        bssBANK0     0000E5
_collision                    text15       00034E
_cpt                          bssBANK0     0000E9
_creer_champi                 text14       002A62
_cursor                       dataBANK0    000066
_direction                    bssBANK0     0000E7
_displayObject                text35       001256
_effacer_sequence             text17       00219A
_game_play                    text4        000012
_game_stats                   text19       000972
_glcd_FillScreen              text29       00231A
_glcd_Image                   text30       001DA2
_glcd_Init                    text3        001E78
_glcd_PlotPixel               text36       001B1A
_glcd_ReadByte                text38       0029F4
_glcd_SetCursor               text28       002882
_glcd_WriteByte               text37       0029AE
_glcd_WriteChar3x6            text27       000EBC
_glcd_WriteChar8X8            text26       001000
_glcd_WriteString             text25       002480
_gochiDodo                    dataBANK0    0000C4
_gochiMort                    dataBANK0    00009C
_gochiPasContent              dataBANK1    0001A2
_gochi_corps                  dataBIGRAM   0004EE
_gochi_oreilles1              dataBANK3    000300
_gochi_oreilles2              dataBANK4    000400
_gochi_yeux1                  dataBANK2    00027E
_itoa                         text21       001CCC
_lancer_minijeu               text11       000D70
_mGogo                        bssBANK0     0000D4
_main                         text0        002666
_mdr                          intcode      000008
_memset                       text20       000BB2
_menu_actions                 text6        001F46
_menu_cursor                  text5        00137C
_micro_calin                  text10       002AA2
_micro_dormir                 text9        002A96
_micro_laver                  text8        002AAC
_micro_manger                 text7        002A8A
_microgochi_init              text2        002A3A
_mouche                       dataBANK0    000084
_ou                           mediumconst  007F8E
_remplir_tableau              text13       00278A
_reverse                      text22       0026F8
_saut_tamago                  text12       00112C
_score                        dataBANK0    000060
_screen_credits               text1        001A40
_strlen                       text23       00295C
_tab                          bssBANK0     0000DD
_taille                       dataCOMRAM   000058
_tamago                       dataBANK1    000100
_tamago_hauteur               dataBANK0    000062
_tamago_largeur               dataBANK0    000064
_test                         mediumconst  007ACB
_x                            bssCOMRAM    000054
_y                            bssCOMRAM    000053
afficher_sequence@i           cstackCOMRAM 00002D
bouger_sequence@i             cstackCOMRAM 000032
btemp                         temp         00005A
collision@i                   cstackCOMRAM 000040
collision@i_969               cstackCOMRAM 00003E
creer_champi@new_champi       cstackCOMRAM 000006
creer_champi@x                cstackCOMRAM 000005
creer_champi@y                cstackCOMRAM 000001
displayObject@height          cstackCOMRAM 000018
displayObject@i               cstackCOMRAM 000023
displayObject@j               cstackCOMRAM 000025
displayObject@nb              cstackCOMRAM 000021
displayObject@tab             cstackCOMRAM 000012
displayObject@width           cstackCOMRAM 00001A
displayObject@write           cstackCOMRAM 00001C
displayObject@x               cstackCOMRAM 000014
displayObject@y               cstackCOMRAM 000016
effacer_sequence@i            cstackCOMRAM 00002D
end_of_initialization         cinit        001686
game_play@action              cstackCOMRAM 000048
game_play@button_pressed      cstackCOMRAM 000046
game_play@write               cstackCOMRAM 000044
game_stats@sortie_enable      cstackCOMRAM 000018
glcd_FillScreen@color         cstackCOMRAM 00000B
glcd_FillScreen@i             cstackCOMRAM 00000D
glcd_FillScreen@j             cstackCOMRAM 00000C
glcd_Image@cs                 cstackCOMRAM 00000F
glcd_Image@i                  cstackCOMRAM 00000E
glcd_Image@j                  cstackCOMRAM 00000D
glcd_Image@ptr                cstackCOMRAM 00000B
glcd_Init@mode                cstackCOMRAM 00000F
glcd_PlotPixel@color          cstackCOMRAM 00000C
glcd_PlotPixel@data           cstackCOMRAM 000010
glcd_PlotPixel@side           cstackCOMRAM 000011
glcd_PlotPixel@xpos           cstackCOMRAM 00000F
glcd_PlotPixel@ypos           cstackCOMRAM 00000B
glcd_ReadByte@data            cstackCOMRAM 000002
glcd_ReadByte@side            cstackCOMRAM 000001
glcd_SetCursor@side           cstackCOMRAM 00000C
glcd_SetCursor@xpos           cstackCOMRAM 00000D
glcd_SetCursor@ypos           cstackCOMRAM 00000B
glcd_WriteByte@data           cstackCOMRAM 000009
glcd_WriteByte@side           cstackCOMRAM 00000A
glcd_WriteChar3x6@ch          cstackCOMRAM 00000F
glcd_WriteChar3x6@color       cstackCOMRAM 00000B
glcd_WriteChar3x6@i           cstackCOMRAM 000010
glcd_WriteChar3x6@side        cstackCOMRAM 000011
glcd_WriteChar3x6@xpos        cstackCOMRAM 00000E
glcd_WriteChar8X8@ch          cstackCOMRAM 000010
glcd_WriteChar8X8@chr         cstackCOMRAM 00000E
glcd_WriteChar8X8@color       cstackCOMRAM 00000B
glcd_WriteChar8X8@i           cstackCOMRAM 000012
glcd_WriteChar8X8@side        cstackCOMRAM 000013
glcd_WriteChar8X8@xpos        cstackCOMRAM 000011
glcd_WriteString@color        cstackCOMRAM 000017
glcd_WriteString@font         cstackCOMRAM 000016
glcd_WriteString@str          cstackCOMRAM 000014
int$flags                     temp         00005A
int_func                      intcode_body 0023D2
intlevel0                     text         000000
intlevel1                     text         000000
intlevel2                     text         000000
intlevel3                     text         000000
itoa@i                        cstackCOMRAM 000015
itoa@n                        cstackCOMRAM 00000F
itoa@s                        cstackCOMRAM 000011
itoa@sign                     cstackCOMRAM 000013
main@bool_jeu                 cstackCOMRAM 000051
memset@c                      cstackCOMRAM 000003
memset@dest                   cstackCOMRAM 000001
memset@k                      cstackCOMRAM 00000B
memset@n                      cstackCOMRAM 000005
memset@s                      cstackCOMRAM 00000D
menu_actions@action           cstackCOMRAM 000042
menu_cursor@action            cstackCOMRAM 000027
menu_cursor@write             cstackCOMRAM 000029
remplir_tableau@i             cstackCOMRAM 00000C
remplir_tableau@x             cstackCOMRAM 00000E
reverse@c                     cstackCOMRAM 00000A
reverse@i                     cstackCOMRAM 00000B
reverse@j                     cstackCOMRAM 00000D
reverse@s                     cstackCOMRAM 000007
saut_tamago@i                 cstackCOMRAM 000034
stackhi                       (abs)        0001FF
stacklo                       (abs)        0001C2
start                         init         00000E
start_initialization          cinit        001594
strlen@a                      cstackCOMRAM 000005
strlen@s                      cstackCOMRAM 000001
ttemp5                        temp         00005B
ttemp6                        temp         00005E
ttemp7                        temp         000062
wtemp8                        temp         00005B


FUNCTION INFORMATION:

 *************** function _main *****************
 Defined at:
		line 47 in file "main.c"
 Parameters:    Size  Location     Type
  argc            2   73[COMRAM] int 
  argv            3   75[COMRAM] PTR PTR unsigned char 
 Auto vars:     Size  Location     Type
  bool_jeu        2   80[COMRAM] int 
 Return value:  Size  Location     Type
                  2   73[COMRAM] int 
 Registers used:
		wreg, fsr1l, fsr1h, fsr2l, fsr2h, status,2, status,0, tblptrl, tblptrh, tblptru, prodl, prodh, cstack
 Tracked objects:
		On entry : 
		On exit  : 
		Unchanged: 
 Data sizes:     COMRAM   BANK0   BANK1   BANK2   BANK3   BANK4   BANK5   BANK6   BANK7
      Params:         5       0       0       0       0       0       0       0       0
      Locals:         2       0       0       0       0       0       0       0       0
      Temps:          2       0       0       0       0       0       0       0       0
      Totals:         9       0       0       0       0       0       0       0       0
Total ram usage:        9 bytes
 Hardware stack levels required when called:   10
 This function calls:
		_game_play
		_glcd_Init
		_microgochi_init
		_screen_credits
 This function is called by:
		Startup code after reset
 This function uses a non-reentrant model


 *************** function _screen_credits *****************
 Defined at:
		line 25 in file "screen.c"
 Parameters:    Size  Location     Type
		None
 Auto vars:     Size  Location     Type
		None
 Return value:  Size  Location     Type
                  1    wreg      void 
 Registers used:
		wreg, fsr1l, fsr1h, status,2, status,0, tblptrl, tblptrh, tblptru, prodl, prodh, cstack
 Tracked objects:
		On entry : 
		On exit  : 
		Unchanged: 
 Data sizes:     COMRAM   BANK0   BANK1   BANK2   BANK3   BANK4   BANK5   BANK6   BANK7
      Params:         0       0       0       0       0       0       0       0       0
      Locals:         0       0       0       0       0       0       0       0       0
      Temps:          0       0       0       0       0       0       0       0       0
      Totals:         0       0       0       0       0       0       0       0       0
Total ram usage:        0 bytes
 Hardware stack levels used:    1
 Hardware stack levels required when called:    4
 This function calls:
		_glcd_FillScreen
		_glcd_SetCursor
		_glcd_WriteString
 This function is called by:
		_main
 This function uses a non-reentrant model


 *************** function _microgochi_init *****************
 Defined at:
		line 14 in file "microgochi.c"
 Parameters:    Size  Location     Type
		None
 Auto vars:     Size  Location     Type
		None
 Return value:  Size  Location     Type
                  1    wreg      void 
 Registers used:
		wreg, status,2
 Tracked objects:
		On entry : 
		On exit  : 
		Unchanged: 
 Data sizes:     COMRAM   BANK0   BANK1   BANK2   BANK3   BANK4   BANK5   BANK6   BANK7
      Params:         0       0       0       0       0       0       0       0       0
      Locals:         0       0       0       0       0       0       0       0       0
      Temps:          0       0       0       0       0       0       0       0       0
      Totals:         0       0       0       0       0       0       0       0       0
Total ram usage:        0 bytes
 Hardware stack levels used:    1
 Hardware stack levels required when called:    1
 This function calls:
		Nothing
 This function is called by:
		_main
 This function uses a non-reentrant model


 *************** function _glcd_Init *****************
 Defined at:
		line 341 in file "glcd.c"
 Parameters:    Size  Location     Type
  mode            1    wreg     unsigned char 
 Auto vars:     Size  Location     Type
  mode            1   14[COMRAM] unsigned char 
  k               1    0        unsigned char 
  j               1    0        unsigned char 
  i               1    0        unsigned char 
 Return value:  Size  Location     Type
                  1    wreg      void 
 Registers used:
		wreg, status,2, status,0, prodl, prodh, cstack
 Tracked objects:
		On entry : 
		On exit  : 
		Unchanged: 
 Data sizes:     COMRAM   BANK0   BANK1   BANK2   BANK3   BANK4   BANK5   BANK6   BANK7
      Params:         0       0       0       0       0       0       0       0       0
      Locals:         1       0       0       0       0       0       0       0       0
      Temps:          1       0       0       0       0       0       0       0       0
      Totals:         2       0       0       0       0       0       0       0       0
Total ram usage:        2 bytes
 Hardware stack levels used:    1
 Hardware stack levels required when called:    3
 This function calls:
		_glcd_FillScreen
		_glcd_WriteByte
 This function is called by:
		_main
 This function uses a non-reentrant model


 *************** function _game_play *****************
 Defined at:
		line 23 in file "game.c"
 Parameters:    Size  Location     Type
		None
 Auto vars:     Size  Location     Type
  action          2   71[COMRAM] int 
  button_press    2   69[COMRAM] int 
  write           2   67[COMRAM] int 
 Return value:  Size  Location     Type
                  1    wreg      void 
 Registers used:
		wreg, fsr1l, fsr1h, fsr2l, fsr2h, status,2, status,0, tblptrl, tblptrh, tblptru, prodl, prodh, cstack
 Tracked objects:
		On entry : 
		On exit  : 
		Unchanged: 
 Data sizes:     COMRAM   BANK0   BANK1   BANK2   BANK3   BANK4   BANK5   BANK6   BANK7
      Params:         0       0       0       0       0       0       0       0       0
      Locals:         6       0       0       0       0       0       0       0       0
      Temps:          0       0       0       0       0       0       0       0       0
      Totals:         6       0       0       0       0       0       0       0       0
Total ram usage:        6 bytes
 Hardware stack levels used:    1
 Hardware stack levels required when called:    9
 This function calls:
		_animation
		_animationCaca
		_animationDodo
		_animationPasContent
		_displayObject
		_glcd_FillScreen
		_glcd_Image
		_glcd_SetCursor
		_menu_actions
		_menu_cursor
 This function is called by:
		_main
 This function uses a non-reentrant model


 *************** function _menu_cursor *****************
 Defined at:
		line 18 in file "menu.c"
 Parameters:    Size  Location     Type
  action          2   38[COMRAM] int 
  write           2   40[COMRAM] int 
 Auto vars:     Size  Location     Type
		None
 Return value:  Size  Location     Type
                  1    wreg      void 
 Registers used:
		wreg, fsr2l, fsr2h, status,2, status,0, cstack
 Tracked objects:
		On entry : 
		On exit  : 
		Unchanged: 
 Data sizes:     COMRAM   BANK0   BANK1   BANK2   BANK3   BANK4   BANK5   BANK6   BANK7
      Params:         4       0       0       0       0       0       0       0       0
      Locals:         0       0       0       0       0       0       0       0       0
      Temps:          2       0       0       0       0       0       0       0       0
      Totals:         6       0       0       0       0       0       0       0       0
Total ram usage:        6 bytes
 Hardware stack levels used:    1
 Hardware stack levels required when called:    4
 This function calls:
		_displayObject
 This function is called by:
		_game_play
 This function uses a non-reentrant model


 *************** function _menu_actions *****************
 Defined at:
		line 39 in file "menu.c"
 Parameters:    Size  Location     Type
  action          2   65[COMRAM] int 
 Auto vars:     Size  Location     Type
		None
 Return value:  Size  Location     Type
                  1    wreg      void 
 Registers used:
		wreg, fsr1l, fsr1h, fsr2l, fsr2h, status,2, status,0, tblptrl, tblptrh, tblptru, prodl, prodh, cstack
 Tracked objects:
		On entry : 
		On exit  : 
		Unchanged: 
 Data sizes:     COMRAM   BANK0   BANK1   BANK2   BANK3   BANK4   BANK5   BANK6   BANK7
      Params:         2       0       0       0       0       0       0       0       0
      Locals:         0       0       0       0       0       0       0       0       0
      Temps:          0       0       0       0       0       0       0       0       0
      Totals:         2       0       0       0       0       0       0       0       0
Total ram usage:        2 bytes
 Hardware stack levels used:    1
 Hardware stack levels required when called:    8
 This function calls:
		_game_stats
		_lancer_minijeu
		_micro_calin
		_micro_dormir
		_micro_laver
		_micro_manger
 This function is called by:
		_game_play
 This function uses a non-reentrant model


 *************** function _micro_manger *****************
 Defined at:
		line 39 in file "microgochi.c"
 Parameters:    Size  Location     Type
		None
 Auto vars:     Size  Location     Type
		None
 Return value:  Size  Location     Type
                  1    wreg      void 
 Registers used:
		wreg, status,2, status,0
 Tracked objects:
		On entry : 
		On exit  : 
		Unchanged: 
 Data sizes:     COMRAM   BANK0   BANK1   BANK2   BANK3   BANK4   BANK5   BANK6   BANK7
      Params:         0       0       0       0       0       0       0       0       0
      Locals:         0       0       0       0       0       0       0       0       0
      Temps:          0       0       0       0       0       0       0       0       0
      Totals:         0       0       0       0       0       0       0       0       0
Total ram usage:        0 bytes
 Hardware stack levels used:    1
 Hardware stack levels required when called:    1
 This function calls:
		Nothing
 This function is called by:
		_menu_actions
 This function uses a non-reentrant model


 *************** function _micro_laver *****************
 Defined at:
		line 50 in file "microgochi.c"
 Parameters:    Size  Location     Type
		None
 Auto vars:     Size  Location     Type
		None
 Return value:  Size  Location     Type
                  1    wreg      void 
 Registers used:
		wreg, status,2
 Tracked objects:
		On entry : 
		On exit  : 
		Unchanged: 
 Data sizes:     COMRAM   BANK0   BANK1   BANK2   BANK3   BANK4   BANK5   BANK6   BANK7
      Params:         0       0       0       0       0       0       0       0       0
      Locals:         0       0       0       0       0       0       0       0       0
      Temps:          0       0       0       0       0       0       0       0       0
      Totals:         0       0       0       0       0       0       0       0       0
Total ram usage:        0 bytes
 Hardware stack levels used:    1
 Hardware stack levels required when called:    1
 This function calls:
		Nothing
 This function is called by:
		_menu_actions
 This function uses a non-reentrant model


 *************** function _micro_dormir *****************
 Defined at:
		line 55 in file "microgochi.c"
 Parameters:    Size  Location     Type
		None
 Auto vars:     Size  Location     Type
		None
 Return value:  Size  Location     Type
                  1    wreg      void 
 Registers used:
		wreg, status,2, status,0
 Tracked objects:
		On entry : 
		On exit  : 
		Unchanged: 
 Data sizes:     COMRAM   BANK0   BANK1   BANK2   BANK3   BANK4   BANK5   BANK6   BANK7
      Params:         0       0       0       0       0       0       0       0       0
      Locals:         0       0       0       0       0       0       0       0       0
      Temps:          0       0       0       0       0       0       0       0       0
      Totals:         0       0       0       0       0       0       0       0       0
Total ram usage:        0 bytes
 Hardware stack levels used:    1
 Hardware stack levels required when called:    1
 This function calls:
		Nothing
 This function is called by:
		_menu_actions
 This function uses a non-reentrant model


 *************** function _micro_calin *****************
 Defined at:
		line 45 in file "microgochi.c"
 Parameters:    Size  Location     Type
		None
 Auto vars:     Size  Location     Type
		None
 Return value:  Size  Location     Type
                  1    wreg      void 
 Registers used:
		wreg, status,2, status,0
 Tracked objects:
		On entry : 
		On exit  : 
		Unchanged: 
 Data sizes:     COMRAM   BANK0   BANK1   BANK2   BANK3   BANK4   BANK5   BANK6   BANK7
      Params:         0       0       0       0       0       0       0       0       0
      Locals:         0       0       0       0       0       0       0       0       0
      Temps:          0       0       0       0       0       0       0       0       0
      Totals:         0       0       0       0       0       0       0       0       0
Total ram usage:        0 bytes
 Hardware stack levels used:    1
 Hardware stack levels required when called:    1
 This function calls:
		Nothing
 This function is called by:
		_menu_actions
 This function uses a non-reentrant model


 *************** function _lancer_minijeu *****************
 Defined at:
		line 197 in file "minijeu.c"
 Parameters:    Size  Location     Type
		None
 Auto vars:     Size  Location     Type
		None
 Return value:  Size  Location     Type
                  1    wreg      void 
 Registers used:
		wreg, fsr1l, fsr1h, fsr2l, fsr2h, status,2, status,0, tblptrl, tblptrh, tblptru, prodl, prodh, cstack
 Tracked objects:
		On entry : 
		On exit  : 
		Unchanged: 
 Data sizes:     COMRAM   BANK0   BANK1   BANK2   BANK3   BANK4   BANK5   BANK6   BANK7
      Params:         0       0       0       0       0       0       0       0       0
      Locals:         0       0       0       0       0       0       0       0       0
      Temps:          0       0       0       0       0       0       0       0       0
      Totals:         0       0       0       0       0       0       0       0       0
Total ram usage:        0 bytes
 Hardware stack levels used:    1
 Hardware stack levels required when called:    7
 This function calls:
		_bouger_sequence
		_collision
		_displayObject
		_glcd_FillScreen
		_glcd_SetCursor
		_glcd_WriteString
		_itoa
		_memset
		_remplir_tableau
		_saut_tamago
 This function is called by:
		_menu_actions
 This function uses a non-reentrant model


 *************** function _saut_tamago *****************
 Defined at:
		line 94 in file "minijeu.c"
 Parameters:    Size  Location     Type
		None
 Auto vars:     Size  Location     Type
  i               2   51[COMRAM] int 
 Return value:  Size  Location     Type
                  1    wreg      void 
 Registers used:
		wreg, fsr2l, fsr2h, status,2, status,0, cstack
 Tracked objects:
		On entry : 
		On exit  : 
		Unchanged: 
 Data sizes:     COMRAM   BANK0   BANK1   BANK2   BANK3   BANK4   BANK5   BANK6   BANK7
      Params:         0       0       0       0       0       0       0       0       0
      Locals:         2       0       0       0       0       0       0       0       0
      Temps:          0       0       0       0       0       0       0       0       0
      Totals:         2       0       0       0       0       0       0       0       0
Total ram usage:        2 bytes
 Hardware stack levels used:    1
 Hardware stack levels required when called:    6
 This function calls:
		_bouger_sequence
		_displayObject
 This function is called by:
		_lancer_minijeu
 This function uses a non-reentrant model


 *************** function _remplir_tableau *****************
 Defined at:
		line 46 in file "minijeu.c"
 Parameters:    Size  Location     Type
		None
 Auto vars:     Size  Location     Type
  i               2   11[COMRAM] int 
  x               1   13[COMRAM] unsigned char 
 Return value:  Size  Location     Type
                  1    wreg      void 
 Registers used:
		wreg, fsr2l, fsr2h, status,2, status,0, cstack
 Tracked objects:
		On entry : 
		On exit  : 
		Unchanged: 
 Data sizes:     COMRAM   BANK0   BANK1   BANK2   BANK3   BANK4   BANK5   BANK6   BANK7
      Params:         0       0       0       0       0       0       0       0       0
      Locals:         3       0       0       0       0       0       0       0       0
      Temps:          2       0       0       0       0       0       0       0       0
      Totals:         5       0       0       0       0       0       0       0       0
Total ram usage:        5 bytes
 Hardware stack levels used:    1
 Hardware stack levels required when called:    2
 This function calls:
		_creer_champi
 This function is called by:
		_lancer_minijeu
 This function uses a non-reentrant model


 *************** function _creer_champi *****************
 Defined at:
		line 36 in file "minijeu.c"
 Parameters:    Size  Location     Type
  x               1    wreg     unsigned char 
  y               1    0[COMRAM] unsigned char 
 Auto vars:     Size  Location     Type
  x               1    4[COMRAM] unsigned char 
  new_champi      4    5[COMRAM] struct champi
 Return value:  Size  Location     Type
                  4    0[COMRAM] struct champi
 Registers used:
		wreg, status,2
 Tracked objects:
		On entry : 
		On exit  : 
		Unchanged: 
 Data sizes:     COMRAM   BANK0   BANK1   BANK2   BANK3   BANK4   BANK5   BANK6   BANK7
      Params:         4       0       0       0       0       0       0       0       0
      Locals:         5       0       0       0       0       0       0       0       0
      Temps:          0       0       0       0       0       0       0       0       0
      Totals:         9       0       0       0       0       0       0       0       0
Total ram usage:        9 bytes
 Hardware stack levels used:    1
 Hardware stack levels required when called:    1
 This function calls:
		Nothing
 This function is called by:
		_remplir_tableau
 This function uses a non-reentrant model


 *************** function _collision *****************
 Defined at:
		line 123 in file "minijeu.c"
 Parameters:    Size  Location     Type
		None
 Auto vars:     Size  Location     Type
  i               2   61[COMRAM] int 
  i               2   63[COMRAM] int 
 Return value:  Size  Location     Type
                  1    wreg      void 
 Registers used:
		wreg, fsr2l, fsr2h, status,2, status,0, cstack
 Tracked objects:
		On entry : 
		On exit  : 
		Unchanged: 
 Data sizes:     COMRAM   BANK0   BANK1   BANK2   BANK3   BANK4   BANK5   BANK6   BANK7
      Params:         0       0       0       0       0       0       0       0       0
      Locals:         4       0       0       0       0       0       0       0       0
      Temps:         10       0       0       0       0       0       0       0       0
      Totals:        14       0       0       0       0       0       0       0       0
Total ram usage:       14 bytes
 Hardware stack levels used:    1
 Hardware stack levels required when called:    6
 This function calls:
		_bouger_sequence
		_displayObject
 This function is called by:
		_lancer_minijeu
 This function uses a non-reentrant model


 *************** function _bouger_sequence *****************
 Defined at:
		line 78 in file "minijeu.c"
 Parameters:    Size  Location     Type
		None
 Auto vars:     Size  Location     Type
  i               2   49[COMRAM] int 
 Return value:  Size  Location     Type
                  1    wreg      void 
 Registers used:
		wreg, fsr2l, fsr2h, status,2, status,0, cstack
 Tracked objects:
		On entry : 
		On exit  : 
		Unchanged: 
 Data sizes:     COMRAM   BANK0   BANK1   BANK2   BANK3   BANK4   BANK5   BANK6   BANK7
      Params:         0       0       0       0       0       0       0       0       0
      Locals:         2       0       0       0       0       0       0       0       0
      Temps:          3       0       0       0       0       0       0       0       0
      Totals:         5       0       0       0       0       0       0       0       0
Total ram usage:        5 bytes
 Hardware stack levels used:    1
 Hardware stack levels required when called:    5
 This function calls:
		_afficher_sequence
		_effacer_sequence
 This function is called by:
		_saut_tamago
		_collision
		_lancer_minijeu
 This function uses a non-reentrant model


 *************** function _effacer_sequence *****************
 Defined at:
		line 67 in file "minijeu.c"
 Parameters:    Size  Location     Type
		None
 Auto vars:     Size  Location     Type
  i               2   44[COMRAM] int 
 Return value:  Size  Location     Type
                  1    wreg      void 
 Registers used:
		wreg, fsr2l, fsr2h, status,2, status,0, cstack
 Tracked objects:
		On entry : 
		On exit  : 
		Unchanged: 
 Data sizes:     COMRAM   BANK0   BANK1   BANK2   BANK3   BANK4   BANK5   BANK6   BANK7
      Params:         0       0       0       0       0       0       0       0       0
      Locals:         2       0       0       0       0       0       0       0       0
      Temps:          6       0       0       0       0       0       0       0       0
      Totals:         8       0       0       0       0       0       0       0       0
Total ram usage:        8 bytes
 Hardware stack levels used:    1
 Hardware stack levels required when called:    4
 This function calls:
		_displayObject
 This function is called by:
		_bouger_sequence
 This function uses a non-reentrant model


 *************** function _afficher_sequence *****************
 Defined at:
		line 56 in file "minijeu.c"
 Parameters:    Size  Location     Type
		None
 Auto vars:     Size  Location     Type
  i               2   44[COMRAM] int 
 Return value:  Size  Location     Type
                  1    wreg      void 
 Registers used:
		wreg, fsr2l, fsr2h, status,2, status,0, cstack
 Tracked objects:
		On entry : 
		On exit  : 
		Unchanged: 
 Data sizes:     COMRAM   BANK0   BANK1   BANK2   BANK3   BANK4   BANK5   BANK6   BANK7
      Params:         0       0       0       0       0       0       0       0       0
      Locals:         2       0       0       0       0       0       0       0       0
      Temps:          6       0       0       0       0       0       0       0       0
      Totals:         8       0       0       0       0       0       0       0       0
Total ram usage:        8 bytes
 Hardware stack levels used:    1
 Hardware stack levels required when called:    4
 This function calls:
		_displayObject
 This function is called by:
		_bouger_sequence
 This function uses a non-reentrant model


 *************** function _game_stats *****************
 Defined at:
		line 119 in file "game.c"
 Parameters:    Size  Location     Type
		None
 Auto vars:     Size  Location     Type
  sortie_enabl    2   23[COMRAM] int 
 Return value:  Size  Location     Type
                  1    wreg      void 
 Registers used:
		wreg, fsr1l, fsr1h, fsr2l, fsr2h, status,2, status,0, tblptrl, tblptrh, tblptru, prodl, prodh, cstack
 Tracked objects:
		On entry : 
		On exit  : 
		Unchanged: 
 Data sizes:     COMRAM   BANK0   BANK1   BANK2   BANK3   BANK4   BANK5   BANK6   BANK7
      Params:         0       0       0       0       0       0       0       0       0
      Locals:         2       0       0       0       0       0       0       0       0
      Temps:          0       0       0       0       0       0       0       0       0
      Totals:         2       0       0       0       0       0       0       0       0
Total ram usage:        2 bytes
 Hardware stack levels used:    1
 Hardware stack levels required when called:    4
 This function calls:
		_glcd_FillScreen
		_glcd_SetCursor
		_glcd_WriteString
		_itoa
		_memset
 This function is called by:
		_menu_actions
 This function uses a non-reentrant model


 *************** function _memset *****************
 Defined at:
		line 4 in file "C:\Program Files (x86)\Microchip\xc8\v2.00\pic\sources\c99\common\memset.c"
 Parameters:    Size  Location     Type
  dest            2    0[COMRAM] PTR void 
		 -> buffer(3), 
  c               2    2[COMRAM] int 
  n               2    4[COMRAM] unsigned int 
 Auto vars:     Size  Location     Type
  s               2   12[COMRAM] PTR unsigned char 
		 -> buffer(3), 
  k               2   10[COMRAM] unsigned int 
 Return value:  Size  Location     Type
                  2    0[COMRAM] PTR void 
 Registers used:
		wreg, fsr2l, fsr2h, status,2, status,0
 Tracked objects:
		On entry : 
		On exit  : 
		Unchanged: 
 Data sizes:     COMRAM   BANK0   BANK1   BANK2   BANK3   BANK4   BANK5   BANK6   BANK7
      Params:         6       0       0       0       0       0       0       0       0
      Locals:         4       0       0       0       0       0       0       0       0
      Temps:          4       0       0       0       0       0       0       0       0
      Totals:        14       0       0       0       0       0       0       0       0
Total ram usage:       14 bytes
 Hardware stack levels used:    1
 Hardware stack levels required when called:    1
 This function calls:
		Nothing
 This function is called by:
		_game_stats
		_lancer_minijeu
 This function uses a non-reentrant model


 *************** function _itoa *****************
 Defined at:
		line 14 in file "itoa.c"
 Parameters:    Size  Location     Type
  n               2   14[COMRAM] int 
  s               2   16[COMRAM] PTR unsigned char 
		 -> buffer(3), 
 Auto vars:     Size  Location     Type
  i               2   20[COMRAM] int 
  sign            2   18[COMRAM] int 
 Return value:  Size  Location     Type
                  1    wreg      void 
 Registers used:
		wreg, fsr1l, fsr1h, fsr2l, fsr2h, status,2, status,0, cstack
 Tracked objects:
		On entry : 
		On exit  : 
		Unchanged: 
 Data sizes:     COMRAM   BANK0   BANK1   BANK2   BANK3   BANK4   BANK5   BANK6   BANK7
      Params:         4       0       0       0       0       0       0       0       0
      Locals:         4       0       0       0       0       0       0       0       0
      Temps:          0       0       0       0       0       0       0       0       0
      Totals:         8       0       0       0       0       0       0       0       0
Total ram usage:        8 bytes
 Hardware stack levels used:    1
 Hardware stack levels required when called:    3
 This function calls:
		___awdiv
		___awmod
		_reverse
 This function is called by:
		_game_stats
		_lancer_minijeu
 This function uses a non-reentrant model


 *************** function _reverse *****************
 Defined at:
		line 31 in file "itoa.c"
 Parameters:    Size  Location     Type
  s               2    6[COMRAM] PTR unsigned char 
		 -> buffer(3), 
 Auto vars:     Size  Location     Type
  j               2   12[COMRAM] int 
  i               2   10[COMRAM] int 
  c               1    9[COMRAM] unsigned char 
 Return value:  Size  Location     Type
                  1    wreg      void 
 Registers used:
		wreg, fsr1l, fsr1h, fsr2l, fsr2h, status,2, status,0, cstack
 Tracked objects:
		On entry : 
		On exit  : 
		Unchanged: 
 Data sizes:     COMRAM   BANK0   BANK1   BANK2   BANK3   BANK4   BANK5   BANK6   BANK7
      Params:         2       0       0       0       0       0       0       0       0
      Locals:         5       0       0       0       0       0       0       0       0
      Temps:          1       0       0       0       0       0       0       0       0
      Totals:         8       0       0       0       0       0       0       0       0
Total ram usage:        8 bytes
 Hardware stack levels used:    1
 Hardware stack levels required when called:    2
 This function calls:
		_strlen
 This function is called by:
		_itoa
 This function uses a non-reentrant model


 *************** function _strlen *****************
 Defined at:
		line 12 in file "C:\Program Files (x86)\Microchip\xc8\v2.00\pic\sources\c99\common\strlen.c"
 Parameters:    Size  Location     Type
  s               2    0[COMRAM] PTR const unsigned char 
		 -> buffer(3), 
 Auto vars:     Size  Location     Type
  a               2    4[COMRAM] PTR const unsigned char 
		 -> buffer(3), 
 Return value:  Size  Location     Type
                  2    0[COMRAM] unsigned int 
 Registers used:
		wreg, fsr2l, fsr2h, status,2, status,0
 Tracked objects:
		On entry : 
		On exit  : 
		Unchanged: 
 Data sizes:     COMRAM   BANK0   BANK1   BANK2   BANK3   BANK4   BANK5   BANK6   BANK7
      Params:         2       0       0       0       0       0       0       0       0
      Locals:         2       0       0       0       0       0       0       0       0
      Temps:          2       0       0       0       0       0       0       0       0
      Totals:         6       0       0       0       0       0       0       0       0
Total ram usage:        6 bytes
 Hardware stack levels used:    1
 Hardware stack levels required when called:    1
 This function calls:
		Nothing
 This function is called by:
		_reverse
 This function uses a non-reentrant model


 *************** function ___awmod *****************
 Defined at:
		line 7 in file "C:\Program Files (x86)\Microchip\xc8\v2.00\pic\sources\c99\common\awmod.c"
 Parameters:    Size  Location     Type
  dividend        2    0[COMRAM] int 
  divisor         2    2[COMRAM] int 
 Auto vars:     Size  Location     Type
  sign            1    5[COMRAM] unsigned char 
  counter         1    4[COMRAM] unsigned char 
 Return value:  Size  Location     Type
                  2    0[COMRAM] int 
 Registers used:
		wreg, status,2, status,0
 Tracked objects:
		On entry : 
		On exit  : 
		Unchanged: 
 Data sizes:     COMRAM   BANK0   BANK1   BANK2   BANK3   BANK4   BANK5   BANK6   BANK7
      Params:         4       0       0       0       0       0       0       0       0
      Locals:         2       0       0       0       0       0       0       0       0
      Temps:          0       0       0       0       0       0       0       0       0
      Totals:         6       0       0       0       0       0       0       0       0
Total ram usage:        6 bytes
 Hardware stack levels used:    1
 Hardware stack levels required when called:    1
 This function calls:
		Nothing
 This function is called by:
		_itoa
 This function uses a non-reentrant model


 *************** function _glcd_WriteString *****************
 Defined at:
		line 670 in file "glcd.c"
 Parameters:    Size  Location     Type
  str             2   19[COMRAM] PTR const unsigned char 
		 -> STR_16(5), STR_15(7), STR_14(5), STR_13(4), 
		 -> STR_12(6), STR_11(5), STR_10(7), STR_9(6), 
		 -> STR_8(6), STR_7(7), STR_6(8), STR_5(7), 
		 -> STR_4(9), buffer(3), STR_3(6), STR_2(9), 
		 -> STR_1(7), 
  font            1   21[COMRAM] unsigned char 
  color           1   22[COMRAM] unsigned char 
 Auto vars:     Size  Location     Type
		None
 Return value:  Size  Location     Type
                  1    wreg      void 
 Registers used:
		wreg, fsr1l, fsr1h, status,2, status,0, tblptrl, tblptrh, tblptru, prodl, prodh, cstack
 Tracked objects:
		On entry : 
		On exit  : 
		Unchanged: 
 Data sizes:     COMRAM   BANK0   BANK1   BANK2   BANK3   BANK4   BANK5   BANK6   BANK7
      Params:         4       0       0       0       0       0       0       0       0
      Locals:         0       0       0       0       0       0       0       0       0
      Temps:          0       0       0       0       0       0       0       0       0
      Totals:         4       0       0       0       0       0       0       0       0
Total ram usage:        4 bytes
 Hardware stack levels used:    1
 Hardware stack levels required when called:    3
 This function calls:
		_glcd_WriteChar3x6
		_glcd_WriteChar8X8
 This function is called by:
		_game_stats
		_screen_credits
		_lancer_minijeu
		_glcd_text_write
 This function uses a non-reentrant model


 *************** function _glcd_WriteChar8X8 *****************
 Defined at:
		line 576 in file "glcd.c"
 Parameters:    Size  Location     Type
  ch              1    wreg     unsigned char 
  color           1   10[COMRAM] unsigned char 
 Auto vars:     Size  Location     Type
  ch              1   15[COMRAM] unsigned char 
  chr             2   13[COMRAM] unsigned int 
  side            1   18[COMRAM] unsigned char 
  i               1   17[COMRAM] unsigned char 
  xpos            1   16[COMRAM] unsigned char 
 Return value:  Size  Location     Type
                  1    wreg      void 
 Registers used:
		wreg, status,2, status,0, tblptrl, tblptrh, tblptru, prodl, prodh, cstack
 Tracked objects:
		On entry : 
		On exit  : 
		Unchanged: 
 Data sizes:     COMRAM   BANK0   BANK1   BANK2   BANK3   BANK4   BANK5   BANK6   BANK7
      Params:         1       0       0       0       0       0       0       0       0
      Locals:         6       0       0       0       0       0       0       0       0
      Temps:          2       0       0       0       0       0       0       0       0
      Totals:         9       0       0       0       0       0       0       0       0
Total ram usage:        9 bytes
 Hardware stack levels used:    1
 Hardware stack levels required when called:    2
 This function calls:
		_glcd_WriteByte
 This function is called by:
		_glcd_WriteString
 This function uses a non-reentrant model


 *************** function _glcd_WriteChar3x6 *****************
 Defined at:
		line 624 in file "glcd.c"
 Parameters:    Size  Location     Type
  ch              1    wreg     unsigned char 
  color           1   10[COMRAM] unsigned char 
 Auto vars:     Size  Location     Type
  ch              1   14[COMRAM] unsigned char 
  side            1   16[COMRAM] unsigned char 
  i               1   15[COMRAM] unsigned char 
  xpos            1   13[COMRAM] unsigned char 
 Return value:  Size  Location     Type
[...]
      Totals:         7       0       0       0       0       0       0       0       0
Total ram usage:        7 bytes
 Hardware stack levels used:    1
 Hardware stack levels required when called:    2
 This function calls:
		_glcd_WriteByte
 This function is called by:
		_glcd_WriteString
 This function uses a non-reentrant model


 *************** function _glcd_SetCursor *****************
 Defined at:
		line 551 in file "glcd.c"
 Parameters:    Size  Location     Type
  xpos            1    wreg     unsigned char 
  ypos            1   10[COMRAM] unsigned char 
 Auto vars:     Size  Location     Type
  xpos            1   12[COMRAM] unsigned char 
  side            1   11[COMRAM] unsigned char 
 Return value:  Size  Location     Type
                  1    wreg      void 
 Registers used:
		wreg, status,2, status,0, cstack
 Tracked objects:
		On entry : 
		On exit  : 
		Unchanged: 
 Data sizes:     COMRAM   BANK0   BANK1   BANK2   BANK3   BANK4   BANK5   BANK6   BANK7
      Params:         1       0       0       0       0       0       0       0       0
      Locals:         2       0       0       0       0       0       0       0       0
      Temps:          0       0       0       0       0       0       0       0       0
      Totals:         3       0       0       0       0       0       0       0       0
Total ram usage:        3 bytes
 Hardware stack levels used:    1
 Hardware stack levels required when called:    2
 This function calls:
		_glcd_WriteByte
 This function is called by:
		_game_play
		_game_stats
		_screen_credits
		_lancer_minijeu
		_glcd_text_write
 This function uses a non-reentrant model


 *************** function _glcd_FillScreen *****************
 Defined at:
		line 527 in file "glcd.c"
 Parameters:    Size  Location     Type
  color           1    wreg     unsigned char 
 Auto vars:     Size  Location     Type
  color           1   10[COMRAM] unsigned char 
  i               1   12[COMRAM] unsigned char 
  j               1   11[COMRAM] unsigned char 
 Return value:  Size  Location     Type
                  1    wreg      void 
 Registers used:
		wreg, status,2, status,0, prodl, prodh, cstack
 Tracked objects:
		On entry : 
		On exit  : 
		Unchanged: 
 Data sizes:     COMRAM   BANK0   BANK1   BANK2   BANK3   BANK4   BANK5   BANK6   BANK7
      Params:         0       0       0       0       0       0       0       0       0
      Locals:         3       0       0       0       0       0       0       0       0
      Temps:          0       0       0       0       0       0       0       0       0
      Totals:         3       0       0       0       0       0       0       0       0
Total ram usage:        3 bytes
 Hardware stack levels used:    1
 Hardware stack levels required when called:    2
 This function calls:
		_glcd_WriteByte
 This function is called by:
		_game_play
		_game_stats
		_screen_credits
		_glcd_Init
		_lancer_minijeu
 This function uses a non-reentrant model


 *************** function _glcd_Image *****************
 Defined at:
		line 697 in file "glcd.c"
 Parameters:    Size  Location     Type
		None
 Auto vars:     Size  Location     Type
  ptr             2   10[COMRAM] int 
  cs              1   14[COMRAM] unsigned char 
  i               1   13[COMRAM] unsigned char 
  j               1   12[COMRAM] unsigned char 
 Return value:  Size  Location     Type
                  1    wreg      void 
 Registers used:
		wreg, status,2, status,0, tblptrl, tblptrh, tblptru, cstack
 Tracked objects:
		On entry : 
		On exit  : 
		Unchanged: 
 Data sizes:     COMRAM   BANK0   BANK1   BANK2   BANK3   BANK4   BANK5   BANK6   BANK7
      Params:         0       0       0       0       0       0       0       0       0
      Locals:         5       0       0       0       0       0       0       0       0
      Temps:          0       0       0       0       0       0       0       0       0
      Totals:         5       0       0       0       0       0       0       0       0
Total ram usage:        5 bytes
 Hardware stack levels used:    1
 Hardware stack levels required when called:    2
 This function calls:
		_glcd_WriteByte
 This function is called by:
		_game_play
 This function uses a non-reentrant model


 *************** function _animationPasContent *****************
 Defined at:
		line 292 in file "game.c"
 Parameters:    Size  Location     Type
		None
 Auto vars:     Size  Location     Type
		None
 Return value:  Size  Location     Type
                  1    wreg      void 
 Registers used:
		wreg, fsr2l, fsr2h, status,2, status,0, cstack
 Tracked objects:
		On entry : 
		On exit  : 
		Unchanged: 
 Data sizes:     COMRAM   BANK0   BANK1   BANK2   BANK3   BANK4   BANK5   BANK6   BANK7
      Params:         0       0       0       0       0       0       0       0       0
      Locals:         0       0       0       0       0       0       0       0       0
      Temps:          0       0       0       0       0       0       0       0       0
      Totals:         0       0       0       0       0       0       0       0       0
Total ram usage:        0 bytes
 Hardware stack levels used:    1
 Hardware stack levels required when called:    4
 This function calls:
		_displayObject
 This function is called by:
		_game_play
 This function uses a non-reentrant model


 *************** function _animationDodo *****************
 Defined at:
		line 235 in file "game.c"
 Parameters:    Size  Location     Type
		None
 Auto vars:     Size  Location     Type
		None
 Return value:  Size  Location     Type
                  1    wreg      void 
 Registers used:
		wreg, fsr2l, fsr2h, status,2, status,0, cstack
 Tracked objects:
		On entry : 
		On exit  : 
		Unchanged: 
 Data sizes:     COMRAM   BANK0   BANK1   BANK2   BANK3   BANK4   BANK5   BANK6   BANK7
      Params:         0       0       0       0       0       0       0       0       0
      Locals:         0       0       0       0       0       0       0       0       0
      Temps:          0       0       0       0       0       0       0       0       0
      Totals:         0       0       0       0       0       0       0       0       0
Total ram usage:        0 bytes
 Hardware stack levels used:    1
 Hardware stack levels required when called:    4
 This function calls:
		_displayObject
 This function is called by:
		_game_play
 This function uses a non-reentrant model


 *************** function _animationCaca *****************
 Defined at:
		line 260 in file "game.c"
 Parameters:    Size  Location     Type
		None
 Auto vars:     Size  Location     Type
		None
 Return value:  Size  Location     Type
                  1    wreg      void 
 Registers used:
		wreg, fsr2l, fsr2h, status,2, status,0, cstack
 Tracked objects:
		On entry : 
		On exit  : 
		Unchanged: 
 Data sizes:     COMRAM   BANK0   BANK1   BANK2   BANK3   BANK4   BANK5   BANK6   BANK7
      Params:         0       0       0       0       0       0       0       0       0
      Locals:         0       0       0       0       0       0       0       0       0
      Temps:          0       0       0       0       0       0       0       0       0
      Totals:         0       0       0       0       0       0       0       0       0
Total ram usage:        0 bytes
 Hardware stack levels used:    1
 Hardware stack levels required when called:    4
 This function calls:
		_displayObject
 This function is called by:
		_game_play
 This function uses a non-reentrant model


 *************** function _animation *****************
 Defined at:
		line 200 in file "game.c"
 Parameters:    Size  Location     Type
		None
 Auto vars:     Size  Location     Type
		None
 Return value:  Size  Location     Type
                  1    wreg      void 
 Registers used:
		wreg, fsr2l, fsr2h, status,2, status,0, cstack
 Tracked objects:
		On entry : 
		On exit  : 
		Unchanged: 
 Data sizes:     COMRAM   BANK0   BANK1   BANK2   BANK3   BANK4   BANK5   BANK6   BANK7
      Params:         0       0       0       0       0       0       0       0       0
      Locals:         0       0       0       0       0       0       0       0       0
      Temps:          0       0       0       0       0       0       0       0       0
      Totals:         0       0       0       0       0       0       0       0       0
Total ram usage:        0 bytes
 Hardware stack levels used:    1
 Hardware stack levels required when called:    4
 This function calls:
		_displayObject
 This function is called by:
		_game_play
 This function uses a non-reentrant model


 *************** function _displayObject *****************
 Defined at:
		line 13 in file "myglcd.c"
 Parameters:    Size  Location     Type
  tab             2   17[COMRAM] PTR unsigned char 
		 -> tamago(126), cursor(30), gochiPasContent(32), gochiMort(24), 
		 -> gochiDodo(16), gochi_yeux1(102), gochi_oreilles1(238), gochi_corps(782), 
		 -> Z2(16), Z1(36), mouche(24), champi(126), 
  x               2   19[COMRAM] int 
  y               2   21[COMRAM] int 
  height          2   23[COMRAM] int 
  width           2   25[COMRAM] int 
  write           2   27[COMRAM] int 
 Auto vars:     Size  Location     Type
  j               2   36[COMRAM] int 
  i               2   34[COMRAM] int 
  nb              2   32[COMRAM] int 
 Return value:  Size  Location     Type
                  1    wreg      void 
 Registers used:
		wreg, fsr2l, fsr2h, status,2, status,0, cstack
 Tracked objects:
		On entry : 
		On exit  : 
		Unchanged: 
 Data sizes:     COMRAM   BANK0   BANK1   BANK2   BANK3   BANK4   BANK5   BANK6   BANK7
      Params:        12       0       0       0       0       0       0       0       0
      Locals:         6       0       0       0       0       0       0       0       0
      Temps:          3       0       0       0       0       0       0       0       0
      Totals:        21       0       0       0       0       0       0       0       0
Total ram usage:       21 bytes
 Hardware stack levels used:    1
 Hardware stack levels required when called:    3
 This function calls:
		_glcd_PlotPixel
 This function is called by:
		_game_play
		_animation
		_animationDodo
		_animationCaca
		_animationPasContent
		_menu_cursor
		_afficher_sequence
		_effacer_sequence
		_saut_tamago
		_collision
		_lancer_minijeu
		_animationDead
 This function uses a non-reentrant model


 *************** function _glcd_PlotPixel *****************
 Defined at:
		line 468 in file "glcd.c"
 Parameters:    Size  Location     Type
  xpos            1    wreg     unsigned char 
  ypos            1   10[COMRAM] unsigned char 
  color           1   11[COMRAM] unsigned char 
 Auto vars:     Size  Location     Type
  xpos            1   14[COMRAM] unsigned char 
  side            1   16[COMRAM] unsigned char 
  data            1   15[COMRAM] unsigned char 
 Return value:  Size  Location     Type
                  1    wreg      void 
 Registers used:
		wreg, status,2, status,0, cstack
 Tracked objects:
		On entry : 
		On exit  : 
		Unchanged: 
 Data sizes:     COMRAM   BANK0   BANK1   BANK2   BANK3   BANK4   BANK5   BANK6   BANK7
      Params:         2       0       0       0       0       0       0       0       0
      Locals:         3       0       0       0       0       0       0       0       0
      Temps:          2       0       0       0       0       0       0       0       0
      Totals:         7       0       0       0       0       0       0       0       0
Total ram usage:        7 bytes
 Hardware stack levels used:    1
 Hardware stack levels required when called:    2
 This function calls:
		___awdiv
		_glcd_ReadByte
		_glcd_WriteByte
 This function is called by:
		_displayObject
		_glcd_Rect
 This function uses a non-reentrant model


 *************** function _glcd_WriteByte *****************
 Defined at:
		line 395 in file "glcd.c"
 Parameters:    Size  Location     Type
  side            1    wreg     unsigned char 
  data            1    8[COMRAM] unsigned char 
 Auto vars:     Size  Location     Type
  side            1    9[COMRAM] unsigned char 
 Return value:  Size  Location     Type
                  1    wreg      void 
 Registers used:
		wreg, status,2
 Tracked objects:
		On entry : 
		On exit  : 
		Unchanged: 
 Data sizes:     COMRAM   BANK0   BANK1   BANK2   BANK3   BANK4   BANK5   BANK6   BANK7
      Params:         1       0       0       0       0       0       0       0       0
      Locals:         1       0       0       0       0       0       0       0       0
      Temps:          0       0       0       0       0       0       0       0       0
      Totals:         2       0       0       0       0       0       0       0       0
Total ram usage:        2 bytes
 Hardware stack levels used:    1
 Hardware stack levels required when called:    1
 This function calls:
		Nothing
 This function is called by:
		_glcd_Init
		_glcd_PlotPixel
		_glcd_FillScreen
		_glcd_SetCursor
		_glcd_WriteChar8X8
		_glcd_WriteChar3x6
		_glcd_Image
		_glcd_icon8X8
 This function uses a non-reentrant model


 *************** function _glcd_ReadByte *****************
 Defined at:
		line 431 in file "glcd.c"
 Parameters:    Size  Location     Type
  side            1    wreg     unsigned char 
 Auto vars:     Size  Location     Type
  side            1    0[COMRAM] unsigned char 
  data            1    1[COMRAM] unsigned char 
 Return value:  Size  Location     Type
                  1    wreg      unsigned char 
 Registers used:
		wreg, status,2, cstack
 Tracked objects:
		On entry : 
		On exit  : 
		Unchanged: 
 Data sizes:     COMRAM   BANK0   BANK1   BANK2   BANK3   BANK4   BANK5   BANK6   BANK7
      Params:         0       0       0       0       0       0       0       0       0
      Locals:         2       0       0       0       0       0       0       0       0
      Temps:          0       0       0       0       0       0       0       0       0
      Totals:         2       0       0       0       0       0       0       0       0
Total ram usage:        2 bytes
 Hardware stack levels used:    1
 Hardware stack levels required when called:    1
 This function calls:
		Nothing
 This function is called by:
		_glcd_PlotPixel
 This function uses a non-reentrant model


 *************** function ___awdiv *****************
 Defined at:
		line 7 in file "C:\Program Files (x86)\Microchip\xc8\v2.00\pic\sources\c99\common\awdiv.c"
 Parameters:    Size  Location     Type
  dividend        2    0[COMRAM] int 
  divisor         2    2[COMRAM] int 
 Auto vars:     Size  Location     Type
  quotient        2    6[COMRAM] int 
  sign            1    5[COMRAM] unsigned char 
  counter         1    4[COMRAM] unsigned char 
 Return value:  Size  Location     Type
                  2    0[COMRAM] int 
 Registers used:
		wreg, status,2, status,0
 Tracked objects:
		On entry : 
		On exit  : 
		Unchanged: 
 Data sizes:     COMRAM   BANK0   BANK1   BANK2   BANK3   BANK4   BANK5   BANK6   BANK7
      Params:         4       0       0       0       0       0       0       0       0
      Locals:         4       0       0       0       0       0       0       0       0
      Temps:          0       0       0       0       0       0       0       0       0
      Totals:         8       0       0       0       0       0       0       0       0
Total ram usage:        8 bytes
 Hardware stack levels used:    1
 Hardware stack levels required when called:    1
 This function calls:
		Nothing
 This function is called by:
		_glcd_PlotPixel
		_itoa
 This function uses a non-reentrant model


 *************** function _mdr *****************
 Defined at:
		line 142 in file "main.c"
 Parameters:    Size  Location     Type
		None
 Auto vars:     Size  Location     Type
		None
 Return value:  Size  Location     Type
                  1    wreg      void 
 Registers used:
		wreg, status,2, status,0
 Tracked objects:
		On entry : 
		On exit  : 
		Unchanged: 
 Data sizes:     COMRAM   BANK0   BANK1   BANK2   BANK3   BANK4   BANK5   BANK6   BANK7
      Params:         0       0       0       0       0       0       0       0       0
      Locals:         0       0       0       0       0       0       0       0       0
      Temps:          0       0       0       0       0       0       0       0       0
      Totals:         0       0       0       0       0       0       0       0       0
Total ram usage:        0 bytes
 Hardware stack levels used:    1
 This function calls:
		Nothing
 This function is called by:
		Interrupt level 2
 This function uses a non-reentrant model



MODULE INFORMATION

Module		Function		Class		Link	Load	Size
minijeu.c
		_creer_champi  		CODE           	2A62	0000	41
		_afficher_sequence		CODE           	225A	0000	193
		_collision     		CODE           	034E	0000	791
		_effacer_sequence		CODE           	219A	0000	193
		_saut_tamago   		CODE           	112C	0000	299
		_remplir_tableau		CODE           	278A	0000	133
		_lancer_minijeu		CODE           	0D70	0000	333
		_bouger_sequence		CODE           	2014	0000	197

minijeu.c estimated size: 2180

C:\Program Files (x86)\Microchip\xc8\v2.00\pic\sources\c99\common\awmod.c
		___awmod       		CODE           	1BF4	0000	217

C:\Program Files (x86)\Microchip\xc8\v2.00\pic\sources\c99\common\awmod.c estimated size: 217

microgochi.c
		_microgochi_init		CODE           	2A3A	0000	41
		_micro_dormir  		CODE           	2A96	0000	13
		_micro_manger  		CODE           	2A8A	0000	13
		_micro_calin   		CODE           	2AA2	0000	11
		_micro_laver   		CODE           	2AAC	0000	9

microgochi.c estimated size: 87

C:\Program Files (x86)\Microchip\xc8\v2.00\pic\sources\c99\common\strlen.c
		_strlen        		CODE           	295C	0000	83

C:\Program Files (x86)\Microchip\xc8\v2.00\pic\sources\c99\common\strlen.c estimated size: 83

screen.c
		_screen_credits		CODE           	1A40	0000	219

screen.c estimated size: 219

C:\Program Files (x86)\Microchip\xc8\v2.00\pic\sources\c99\common\memset.c
		_memset        		CODE           	0BB2	0000	447

C:\Program Files (x86)\Microchip\xc8\v2.00\pic\sources\c99\common\memset.c estimated size: 447

C:\Program Files (x86)\Microchip\xc8\v2.00\pic\sources\c99\common\awdiv.c
		___awdiv       		CODE           	1870	0000	237

C:\Program Files (x86)\Microchip\xc8\v2.00\pic\sources\c99\common\awdiv.c estimated size: 237

shared
		_Font3x6       		MEDIUMCONST    	7ECB	0000	196
		_Font8x8       		MEDIUMCONST    	72CB	0000	2049
		_test          		MEDIUMCONST    	7ACB	0000	1025
		__initialization		CODE           	1594	0000	243
		_ou            		MEDIUMCONST    	7F8E	0000	9

shared estimated size: 3522

game.c
		_animation     		CODE           	25C8	0000	159
		_animationCaca 		CODE           	28F2	0000	107
		_animationDodo 		CODE           	148E	0000	263
		_game_stats    		CODE           	0972	0000	577
		_game_play     		CODE           	0012	0000	829
		_animationPasContent		CODE           	252A	0000	159

game.c estimated size: 2094

glcd.c
		_glcd_SetCursor		CODE           	2882	0000	113
		_glcd_WriteString		CODE           	2480	0000	171
		_glcd_WriteByte		CODE           	29AE	0000	71
		_glcd_Init     		CODE           	1E78	0000	207
		_glcd_ReadByte 		CODE           	29F4	0000	71
		_glcd_WriteChar8X8		CODE           	1000	0000	301
		_glcd_FillScreen		CODE           	231A	0000	185
		_glcd_WriteChar3x6		CODE           	0EBC	0000	325
		_glcd_PlotPixel		CODE           	1B1A	0000	219
		_glcd_Image    		CODE           	1DA2	0000	215

glcd.c estimated size: 1878

myglcd.c
		_displayObject 		CODE           	1256	0000	295

myglcd.c estimated size: 295

menu.c
		_menu_actions  		CODE           	1F46	0000	207
		_menu_cursor   		CODE           	137C	0000	275

menu.c estimated size: 482

itoa.c
		_itoa          		CODE           	1CCC	0000	215
		_reverse       		CODE           	26F8	0000	147

itoa.c estimated size: 362

main.c
		_mdr           		CODE           	0008	0000	181
		_main          		CODE           	2666	0000	147

main.c estimated size: 328

