Microchip MPLAB XC8 Compiler V2.00 ()

Linker command line:

-W-3 --edf=C:\Program Files (x86)\Microchip\xc8\v2.00\pic\dat\en_msgs.txt \
  -cs -h+dist/default/production\MCU_projet_tamagogo.X.production.sym \
  --cmf=dist/default/production\MCU_projet_tamagogo.X.production.cmf -z \
  -Q18F4550 -oC:\Users\acajo\AppData\Local\Temp\s9jg.2 \
  --defsym=__MPLAB_BUILD=1 \
  -Mdist/default/production/MCU_projet_tamagogo.X.production.map -E1 \
  -ver=XC8 --acfsm=1493 -ASTACK=07Eh-07ffh -pstack=STACK -ACODE=00h-07FFFh \
  -ACONST=00h-07FFFh -ASMALLCONST=0800h-08FFhx120 \
  -AMEDIUMCONST=0800h-07FFFh -ACOMRAM=01h-05Fh -AABS1=00h-07FFh \
  -ABIGRAM=01h-07FFh -ARAM=060h-0FFh,0100h-01FFhx7 -ABANK0=060h-0FFh \
  -ABANK1=0100h-01FFh -ABANK2=0200h-02FFh -ABANK3=0300h-03FFh \
  -ABANK4=0400h-04FFh -ABANK5=0500h-05FFh -ABANK6=0600h-06FFh \
  -ABANK7=0700h-07FFh -ASFR=0F60h-0FFFh \
  -preset_vec=00h,intcode,intcodelo,powerup,init -pramtop=0800h \
  -psmallconst=SMALLCONST -pmediumconst=MEDIUMCONST -pconst=CONST \
  -AFARRAM=00h-00h -ACONFIG=0300000h-030000Dh -pconfig=CONFIG \
  -AIDLOC=0200000h-0200007h -pidloc=IDLOC -AEEDATA=0F00000h-0F000FFh \
  -peeprom_data=EEDATA \
  -prdata=COMRAM,nvrram=COMRAM,nvbit=COMRAM,rbss=COMRAM,rbit=COMRAM \
  -pfarbss=FARRAM,fardata=FARRAM,nvFARRAM=FARRAM \
  -pintsave_regs=BIGRAM,bigbss=BIGRAM,bigdata=BIGRAM -pbss=RAM \
  -pidata=CODE,irdata=CODE,ibigdata=CODE,ifardata=CODE -prparam=COMRAM \
  C:\Users\acajo\AppData\Local\Temp\s9jg.o \
  dist/default/production\MCU_projet_tamagogo.X.production.o 

Object code version is 3.11

Machine type is 18F4550

Call graph: (short form)




                Name                               Link     Load   Length Selector   Space Scale
C:\Users\acajo\AppData\Local\Temp\s9jg.o
                init                                  0        0        4        0       0
                idloc                            200000   200000        8   200000       0
                config                           300000   300000        E   300000       0
dist/default/production\MCU_projet_tamagogo.X.production.o
                mediumconst                        72F6     72F6      D0A     397B       0
                text19                             63DC     63DC       46     31EE       0
                text18                             68DA     68DA       D6     346D       0
                text17                             6754     6754       B8     33AA       0
                text16                             6590     6590       70     32C8       0
                text15                             6FB4     6FB4      144     37DA       0
                text14                             6E88     6E88      12C     3744       0
                text13                             6522     6522       6E     3291       0
                text12                             669E     669E       B6     334F       0
                text11                             6376     6376       12     31BB       0
                text10                             64C2     64C2       60     3261       0
                text9                              6B64     6B64       EC     35B2       0
                text8                              6422     6422       46     3211       0
                text7                              69B0     69B0       DA     34D8       0
                text6                              6D62     6D62      126     36B1       0
                text5                              6C50     6C50      112     3628       0
                text4                              70F8     70F8      1FE     387C       0
                text3                              680C     680C       CE     3406       0
                text2                              6468     6468       5A     3234       0
                text1                              6A8A     6A8A       DA     3545       0
                text0                              6600     6600       9E     3300       0
                cstackCOMRAM                          1        1       3C        1       1
                dataBANK0                            60       60       1E       60       1
                bssCOMRAM                            3D       3D        6        1       1
                cinit                              63A6     63A6       36     31D3       0
                idataBANK0                         6388     6388       1E     6388       0

TOTAL           Name                               Link     Load   Length     Space
        CLASS   STACK          

        CLASS   CODE           
                init                                  0        0        4         0
                text19                             63DC     63DC       46         0
                text18                             68DA     68DA       D6         0
                text17                             6754     6754       B8         0
                text16                             6590     6590       70         0
                text15                             6FB4     6FB4      144         0
                text14                             6E88     6E88      12C         0
                text13                             6522     6522       6E         0
                text12                             669E     669E       B6         0
                text11                             6376     6376       12         0
                text10                             64C2     64C2       60         0
                text9                              6B64     6B64       EC         0
                text8                              6422     6422       46         0
                text7                              69B0     69B0       DA         0
                text6                              6D62     6D62      126         0
                text5                              6C50     6C50      112         0
                text4                              70F8     70F8      1FE         0
                text3                              680C     680C       CE         0
                text2                              6468     6468       5A         0
                text1                              6A8A     6A8A       DA         0
                text0                              6600     6600       9E         0
                cinit                              63A6     63A6       36         0
                idataBANK0                         6388     6388       1E         0

        CLASS   CONST          

        CLASS   SMALLCONST     

        CLASS   MEDIUMCONST    
                mediumconst                        72F6     72F6      D0A         0

        CLASS   COMRAM         
                cstackCOMRAM                          1        1       3C         1
                bssCOMRAM                            3D       3D        6         1

        CLASS   ABS1           

        CLASS   BIGRAM         

        CLASS   RAM            

        CLASS   BANK0          
                dataBANK0                            60       60       1E         1

        CLASS   BANK1          

        CLASS   BANK2          

        CLASS   BANK3          

        CLASS   BANK4          

        CLASS   BANK5          

        CLASS   BANK6          

        CLASS   BANK7          

        CLASS   SFR            

        CLASS   FARRAM         

        CLASS   CONFIG         
                config                           300000   300000        E         0

        CLASS   IDLOC          
                idloc                            200000   200000        8         0

        CLASS   EEDATA         



SEGMENTS        Name                           Load    Length   Top    Selector   Space  Class

                reset_vec                      000000  000004  000004         0       0  CODE    
                cstackCOMRAM                   000001  000042  000043         1       1  COMRAM  
                dataBANK0                      000060  00001E  00007E        60       1  BANK0   
                text11                         006376  000012  006388      31BB       0  CODE    
                idataBANK0                     006388  00001E  0063A6      6388       0  CODE    
                cinit                          0063A6  000036  0063DC      31D3       0  CODE    
                text19                         0063DC  000046  006422      31EE       0  CODE    
                text8                          006422  000046  006468      3211       0  CODE    
                text2                          006468  00005A  0064C2      3234       0  CODE    
                text10                         0064C2  000060  006522      3261       0  CODE    
                text13                         006522  00006E  006590      3291       0  CODE    
                text16                         006590  000070  006600      32C8       0  CODE    
                text0                          006600  00009E  00669E      3300       0  CODE    
                text12                         00669E  0000B6  006754      334F       0  CODE    
                text17                         006754  0000B8  00680C      33AA       0  CODE    
                text3                          00680C  0000CE  0068DA      3406       0  CODE    
                text18                         0068DA  0000D6  0069B0      346D       0  CODE    
                text7                          0069B0  0000DA  006A8A      34D8       0  CODE    
                text1                          006A8A  0000DA  006B64      3545       0  CODE    
                text9                          006B64  0000EC  006C50      35B2       0  CODE    
                text5                          006C50  000112  006D62      3628       0  CODE    
                text6                          006D62  000126  006E88      36B1       0  CODE    
                text14                         006E88  00012C  006FB4      3744       0  CODE    
                text15                         006FB4  000144  0070F8      37DA       0  CODE    
                text4                          0070F8  0001FE  0072F6      387C       0  CODE    
                mediumconst                    0072F6  000D0A  008000      397B       0  MEDIUMCO
                idloc                          200000  000008  200008    200000       0  IDLOC   
                config                         300000  00000E  30000E    300000       0  CONFIG  


UNUSED ADDRESS RANGES

        Name                Unused          Largest block    Delta
        BANK0            00007E-0000FF               82
        BANK1            000100-0001FF              100
        BANK2            000200-0002FF              100
        BANK3            000300-0003FF              100
        BANK4            000400-0004FF              100
        BANK5            000500-0005FF              100
        BANK6            000600-0006FF              100
        BANK7            000700-0007FF              100
        BIGRAM           000043-00005F               1D
                         00007E-0007FF              782
        CODE             000004-006375             6372
        COMRAM           000043-00005F               1D
        CONST            000004-006375             6372
        EEDATA           F00000-F000FF              100
        MEDIUMCONST      000800-006375             5B76
        RAM              00007E-0007FF              100
        SFR              000F60-000FFF               A0
        SMALLCONST       000800-006375              100
        STACK            00007E-0007FF              782

                                  Symbol Table

?___awdiv                   cstackCOMRAM 000001
?_microgochi_init           cstackCOMRAM 000001
_ADCON1                     (abs)        000FC1
_Font3x6                    mediumconst  007EF7
_Font8x8                    mediumconst  0072F7
_LATBbits                   (abs)        000F8A
_LATD                       (abs)        000F8C
_PORTA                      (abs)        000F80
_PORTB                      (abs)        000F81
_PORTC                      (abs)        000F82
_PORTCbits                  (abs)        000F82
_PORTD                      (abs)        000F83
_PORTEbits                  (abs)        000F84
_TRISA                      (abs)        000F92
_TRISB                      (abs)        000F93
_TRISC                      (abs)        000F94
_TRISD                      (abs)        000F95
__HRAM                      (abs)        000000
__Habs1                     abs1         000000
__Hbank0                    bank0        000000
__Hbank1                    bank1        000000
__Hbank2                    bank2        000000
__Hbank3                    bank3        000000
__Hbank4                    bank4        000000
__Hbank5                    bank5        000000
__Hbank6                    bank6        000000
__Hbank7                    bank7        000000
__Hbigbss                   bigbss       000000
__Hbigdata                  bigdata      000000
__Hbigram                   bigram       000000
__Hbss                      bss          000000
__HbssCOMRAM                bssCOMRAM    000000
__Hcinit                    cinit        000000
__Hclrtext                  clrtext      000000
__Hcomram                   comram       000000
__Hconfig                   config       30000E
__Hconst                    const        000000
__HcstackCOMRAM             cstackCOMRAM 000000
__Hdata                     data         000000
__HdataBANK0                dataBANK0    000000
__Heeprom_data              eeprom_data  000000
__Hfarbss                   farbss       000000
__Hfardata                  fardata      000000
__Hibigdata                 ibigdata     000000
__Hidata                    idata        000000
__HidataBANK0               idataBANK0   000000
__Hidloc                    idloc        200008
__Hifardata                 ifardata     000000
__Hinit                     init         000004
__Hintcode                  intcode      000000
__Hintcode_body             intcode_body 000000
__Hintcodelo                intcodelo    000000
__Hintentry                 intentry     000000
__Hintret                   intret       000000
__Hintsave_regs             intsave_regs 000000
__Hirdata                   irdata       000000
__Hmediumconst              mediumconst  008000
__HnvFARRAM                 nvFARRAM     000000
__Hnvbit                    nvbit        000000
__Hnvrram                   nvrram       000000
__Hparam                    rparam       000000
__Hpowerup                  powerup      000000
__Hram                      ram          000000
__Hramtop                   ramtop       000800
__Hrbit                     rbit         000000
__Hrbss                     rbss         000000
__Hrdata                    rdata        000000
__Hreset_vec                reset_vec    000000
__Hrparam                   rparam       000000
__Hsfr                      sfr          000000
__Hsmallconst               smallconst   000000
__Hspace_0                  (abs)        30000E
__Hspace_1                  (abs)        00007E
__Hspace_2                  (abs)        000000
__Hstack                    stack        000000
__Hstruct                   struct       000000
__Htemp                     temp         000000
__Htext                     text         000000
__Htext0                    text0        000000
__Htext1                    text1        000000
__Htext10                   text10       000000
__Htext11                   text11       000000
__Htext12                   text12       000000
__Htext13                   text13       000000
__Htext14                   text14       000000
__Htext15                   text15       000000
__Htext16                   text16       000000
__Htext17                   text17       000000
__Htext18                   text18       000000
__Htext19                   text19       000000
__Htext2                    text2        000000
__Htext3                    text3        000000
__Htext4                    text4        000000
__Htext5                    text5        000000
__Htext6                    text6        000000
__Htext7                    text7        000000
__Htext8                    text8        000000
__Htext9                    text9        000000
__LRAM                      (abs)        000001
__Labs1                     abs1         000000
__Lbank0                    bank0        000000
__Lbank1                    bank1        000000
__Lbank2                    bank2        000000
__Lbank3                    bank3        000000
__Lbank4                    bank4        000000
__Lbank5                    bank5        000000
__Lbank6                    bank6        000000
__Lbank7                    bank7        000000
__Lbigbss                   bigbss       000000
__Lbigdata                  bigdata      000000
__Lbigram                   bigram       000000
__Lbss                      bss          000000
__LbssCOMRAM                bssCOMRAM    000000
__Lcinit                    cinit        000000
__Lclrtext                  clrtext      000000
__Lcomram                   comram       000000
__Lconfig                   config       300000
__Lconst                    const        000000
__LcstackCOMRAM             cstackCOMRAM 000000
__Ldata                     data         000000
__LdataBANK0                dataBANK0    000000
__Leeprom_data              eeprom_data  000000
__Lfarbss                   farbss       000000
__Lfardata                  fardata      000000
__Libigdata                 ibigdata     000000
__Lidata                    idata        000000
__LidataBANK0               idataBANK0   000000
__Lidloc                    idloc        200000
__Lifardata                 ifardata     000000
__Linit                     init         000000
__Lintcode                  intcode      000000
__Lintcode_body             intcode_body 000000
__Lintcodelo                intcodelo    000000
__Lintentry                 intentry     000000
__Lintret                   intret       000000
__Lintsave_regs             intsave_regs 000000
__Lirdata                   irdata       000000
__Lmediumconst              mediumconst  0072F6
__LnvFARRAM                 nvFARRAM     000000
__Lnvbit                    nvbit        000000
__Lnvrram                   nvrram       000000
__Lparam                    rparam       000000
__Lpowerup                  powerup      000000
__Lram                      ram          000000
__Lramtop                   ramtop       000800
__Lrbit                     rbit         000000
__Lrbss                     rbss         000000
__Lrdata                    rdata        000000
__Lreset_vec                reset_vec    000000
__Lrparam                   rparam       000000
__Lsfr                      sfr          000000
__Lsmallconst               smallconst   000000
__Lspace_0                  (abs)        000000
__Lspace_1                  (abs)        000000
__Lspace_2                  (abs)        000000
__Lstack                    stack        000000
__Lstruct                   struct       000000
__Ltemp                     temp         000000
__Ltext                     text         000000
__Ltext0                    text0        000000
__Ltext1                    text1        000000
__Ltext10                   text10       000000
__Ltext11                   text11       000000
__Ltext12                   text12       000000
__Ltext13                   text13       000000
__Ltext14                   text14       000000
__Ltext15                   text15       000000
__Ltext16                   text16       000000
__Ltext17                   text17       000000
__Ltext18                   text18       000000
__Ltext19                   text19       000000
__Ltext2                    text2        000000
__Ltext3                    text3        000000
__Ltext4                    text4        000000
__Ltext5                    text5        000000
__Ltext6                    text6        000000
__Ltext7                    text7        000000
__Ltext8                    text8        000000
__Ltext9                    text9        000000
__S0                        (abs)        30000E
__S1                        (abs)        00007E
__S2                        (abs)        000000
___awdiv                    text9        006B64
___awdiv@counter            cstackCOMRAM 000005
___awdiv@dividend           cstackCOMRAM 000001
___awdiv@divisor            cstackCOMRAM 000003
___awdiv@quotient           cstackCOMRAM 000007
___awdiv@sign               cstackCOMRAM 000006
___inthi_sp                 stack        000000
___intlo_sp                 stack        000000
___param_bank               (abs)        000000
___rparam_used              (abs)        000001
___sp                       stack        000000
__accesstop                 (abs)        000060
__activetblptr              (abs)        000002
__end_of_Font3x6            mediumconst  007FBA
__end_of_Font8x8            mediumconst  007AF7
__end_of___awdiv            text9        006C50
__end_of__initialization    cinit        0063D2
__end_of_displayObject      text6        006E88
__end_of_game_play          text4        0072F6
__end_of_game_stats         text12       006754
__end_of_glcd_FillScreen    text17       00680C
__end_of_glcd_Image         text18       0069B0
__end_of_glcd_Init          text3        0068DA
__end_of_glcd_PlotPixel     text7        006A8A
__end_of_glcd_ReadByte      text8        006468
__end_of_glcd_SetCursor     text16       006600
__end_of_glcd_WriteByte     text19       006422
__end_of_glcd_WriteChar3x6  text15       0070F8
__end_of_glcd_WriteChar8X8  text14       006FB4
__end_of_glcd_WriteString   text13       006590
__end_of_main               text0        00669E
__end_of_menu_actions       text10       006522
__end_of_menu_cursor        text5        006D62
__end_of_micro_manger       text11       006388
__end_of_microgochi_init    text2        0064C2
__end_of_ou                 mediumconst  007FC2
__end_of_screen_credits     text1        006B64
__end_of_test               mediumconst  007EF7
__initialization            cinit        0063A6
__mediumconst               mediumconst  0072F6
__pbssCOMRAM                bssCOMRAM    00003D
__pcinit                    cinit        0063A6
__pcstackCOMRAM             cstackCOMRAM 000001
__pdataBANK0                dataBANK0    000060
__pidataBANK0               idataBANK0   006388
__pmediumconst              mediumconst  0072F6
__ptext0                    text0        006600
__ptext1                    text1        006A8A
__ptext10                   text10       0064C2
__ptext11                   text11       006376
__ptext12                   text12       00669E
__ptext13                   text13       006522
__ptext14                   text14       006E88
__ptext15                   text15       006FB4
__ptext16                   text16       006590
__ptext17                   text17       006754
__ptext18                   text18       0068DA
__ptext19                   text19       0063DC
__ptext2                    text2        006468
__ptext3                    text3        00680C
__ptext4                    text4        0070F8
__ptext5                    text5        006C50
__ptext6                    text6        006D62
__ptext7                    text7        0069B0
__ptext8                    text8        006422
__ptext9                    text9        006B64
__ramtop                    ramtop       000800
__size_of___awdiv           (abs)        000000
__size_of_displayObject     (abs)        000000
__size_of_game_play         (abs)        000000
__size_of_game_stats        (abs)        000000
__size_of_glcd_FillScreen   (abs)        000000
__size_of_glcd_Image        (abs)        000000
__size_of_glcd_Init         (abs)        000000
__size_of_glcd_PlotPixel    (abs)        000000
__size_of_glcd_ReadByte     (abs)        000000
__size_of_glcd_SetCursor    (abs)        000000
__size_of_glcd_WriteByte    (abs)        000000
__size_of_glcd_WriteChar3x6 (abs)        000000
__size_of_glcd_WriteChar8X8 (abs)        000000
__size_of_glcd_WriteString  (abs)        000000
__size_of_main              (abs)        000000
__size_of_menu_actions      (abs)        000000
__size_of_menu_cursor       (abs)        000000
__size_of_micro_manger      (abs)        000000
__size_of_microgochi_init   (abs)        000000
__size_of_screen_credits    (abs)        000000
__smallconst                smallconst   000000
_cpt                        bssCOMRAM    00003D
_cursor                     dataBANK0    000060
_displayObject              text6        006D62
_game_play                  text4        0070F8
_game_stats                 text12       00669E
_glcd_FillScreen            text17       006754
_glcd_Image                 text18       0068DA
_glcd_Init                  text3        00680C
_glcd_PlotPixel             text7        0069B0
_glcd_ReadByte              text8        006422
_glcd_SetCursor             text16       006590
_glcd_WriteByte             text19       0063DC
_glcd_WriteChar3x6          text15       006FB4
_glcd_WriteChar8X8          text14       006E88
_glcd_WriteString           text13       006522
_mGogo                      bssCOMRAM    00003F
_main                       text0        006600
_menu_actions               text10       0064C2
_menu_cursor                text5        006C50
_micro_manger               text11       006376
_microgochi_init            text2        006468
_ou                         mediumconst  007FBA
_screen_credits             text1        006A8A
_test                       mediumconst  007AF7
_x                          bssCOMRAM    000042
_y                          bssCOMRAM    000041
displayObject@height        cstackCOMRAM 000018
displayObject@i             cstackCOMRAM 000023
displayObject@j             cstackCOMRAM 000025
displayObject@nb            cstackCOMRAM 000021
displayObject@tab           cstackCOMRAM 000012
displayObject@width         cstackCOMRAM 00001A
displayObject@write         cstackCOMRAM 00001C
displayObject@x             cstackCOMRAM 000014
displayObject@y             cstackCOMRAM 000016
end_of_initialization       cinit        0063D2
game_play@action            cstackCOMRAM 000032
game_play@button_pressed    cstackCOMRAM 000030
game_play@write             cstackCOMRAM 00002E
game_stats@sortie_enable    cstackCOMRAM 000018
glcd_FillScreen@color       cstackCOMRAM 00000B
glcd_FillScreen@i           cstackCOMRAM 00000D
glcd_FillScreen@j           cstackCOMRAM 00000C
glcd_Image@cs               cstackCOMRAM 00000F
glcd_Image@i                cstackCOMRAM 00000E
glcd_Image@j                cstackCOMRAM 00000D
glcd_Image@ptr              cstackCOMRAM 00000B
glcd_Init@mode              cstackCOMRAM 00000F
glcd_PlotPixel@color        cstackCOMRAM 00000C
glcd_PlotPixel@data         cstackCOMRAM 000010
glcd_PlotPixel@side         cstackCOMRAM 000011
glcd_PlotPixel@xpos         cstackCOMRAM 00000F
glcd_PlotPixel@ypos         cstackCOMRAM 00000B
glcd_ReadByte@data          cstackCOMRAM 000002
glcd_ReadByte@side          cstackCOMRAM 000001
glcd_SetCursor@side         cstackCOMRAM 00000C
glcd_SetCursor@xpos         cstackCOMRAM 00000D
glcd_SetCursor@ypos         cstackCOMRAM 00000B
glcd_WriteByte@data         cstackCOMRAM 000009
glcd_WriteByte@side         cstackCOMRAM 00000A
glcd_WriteChar3x6@ch        cstackCOMRAM 00000F
glcd_WriteChar3x6@color     cstackCOMRAM 00000B
glcd_WriteChar3x6@i         cstackCOMRAM 000010
glcd_WriteChar3x6@side      cstackCOMRAM 000011
glcd_WriteChar3x6@xpos      cstackCOMRAM 00000E
glcd_WriteChar8X8@ch        cstackCOMRAM 000010
glcd_WriteChar8X8@chr       cstackCOMRAM 00000E
glcd_WriteChar8X8@color     cstackCOMRAM 00000B
glcd_WriteChar8X8@i         cstackCOMRAM 000012
glcd_WriteChar8X8@side      cstackCOMRAM 000013
glcd_WriteChar8X8@xpos      cstackCOMRAM 000011
glcd_WriteString@color      cstackCOMRAM 000017
glcd_WriteString@font       cstackCOMRAM 000016
glcd_WriteString@str        cstackCOMRAM 000014
intlevel0                   text         000000
intlevel1                   text         000000
intlevel2                   text         000000
intlevel3                   text         000000
main@bool_jeu               cstackCOMRAM 00003B
menu_actions@action         cstackCOMRAM 00001A
menu_cursor@action          cstackCOMRAM 000027
menu_cursor@write           cstackCOMRAM 000029
microgochi_init@m           cstackCOMRAM 000001
stackhi                     (abs)        0007FF
stacklo                     (abs)        00007E
start                       init         000000
start_initialization        cinit        0063A6


FUNCTION INFORMATION:

 *************** function _main *****************
 Defined at:
		line 27 in file "main.c"
 Parameters:    Size  Location     Type
  argc            2   51[COMRAM] int 
  argv            3   53[COMRAM] PTR PTR unsigned char 
 Auto vars:     Size  Location     Type
  bool_jeu        2   58[COMRAM] int 
 Return value:  Size  Location     Type
                  2   51[COMRAM] int 
 Registers used:
		wreg, fsr2l, fsr2h, status,2, status,0, tblptrl, tblptrh, tblptru, prodl, prodh, cstack
 Tracked objects:
		On entry : 
		On exit  : 
		Unchanged: 
 Data sizes:     COMRAM   BANK0   BANK1   BANK2   BANK3   BANK4   BANK5   BANK6   BANK7
      Params:         5       0       0       0       0       0       0       0       0
      Locals:         2       0       0       0       0       0       0       0       0
      Temps:          2       0       0       0       0       0       0       0       0
      Totals:         9       0       0       0       0       0       0       0       0
Total ram usage:        9 bytes
 Hardware stack levels required when called:    6
 This function calls:
		_game_play
		_glcd_Init
		_microgochi_init
		_screen_credits
 This function is called by:
		Startup code after reset
 This function uses a non-reentrant model


 *************** function _screen_credits *****************
 Defined at:
		line 25 in file "screen.c"
 Parameters:    Size  Location     Type
		None
 Auto vars:     Size  Location     Type
		None
 Return value:  Size  Location     Type
                  1    wreg      void 
 Registers used:
		wreg, status,2, status,0, tblptrl, tblptrh, tblptru, prodl, prodh, cstack
 Tracked objects:
		On entry : 
		On exit  : 
		Unchanged: 
 Data sizes:     COMRAM   BANK0   BANK1   BANK2   BANK3   BANK4   BANK5   BANK6   BANK7
      Params:         0       0       0       0       0       0       0       0       0
      Locals:         0       0       0       0       0       0       0       0       0
      Temps:          0       0       0       0       0       0       0       0       0
      Totals:         0       0       0       0       0       0       0       0       0
Total ram usage:        0 bytes
 Hardware stack levels used:    1
 Hardware stack levels required when called:    3
 This function calls:
		_glcd_FillScreen
		_glcd_SetCursor
		_glcd_WriteString
 This function is called by:
		_main
 This function uses a non-reentrant model


 *************** function _microgochi_init *****************
 Defined at:
		line 12 in file "microgochi.c"
 Parameters:    Size  Location     Type
  m               2    0[COMRAM] PTR struct Microgochi
		 -> NULL(0), 
 Auto vars:     Size  Location     Type
		None
 Return value:  Size  Location     Type
                  2    0[COMRAM] PTR struct Microgochi
 Registers used:
		wreg, fsr2l, fsr2h, status,2, status,0
 Tracked objects:
		On entry : 
		On exit  : 
		Unchanged: 
 Data sizes:     COMRAM   BANK0   BANK1   BANK2   BANK3   BANK4   BANK5   BANK6   BANK7
      Params:         2       0       0       0       0       0       0       0       0
      Locals:         0       0       0       0       0       0       0       0       0
      Temps:          0       0       0       0       0       0       0       0       0
      Totals:         2       0       0       0       0       0       0       0       0
Total ram usage:        2 bytes
 Hardware stack levels used:    1
 This function calls:
		Nothing
 This function is called by:
		_main
 This function uses a non-reentrant model


 *************** function _glcd_Init *****************
 Defined at:
		line 341 in file "glcd.c"
 Parameters:    Size  Location     Type
  mode            1    wreg     unsigned char 
 Auto vars:     Size  Location     Type
  mode            1   14[COMRAM] unsigned char 
  k               1    0        unsigned char 
  j               1    0        unsigned char 
  i               1    0        unsigned char 
 Return value:  Size  Location     Type
                  1    wreg      void 
 Registers used:
		wreg, status,2, status,0, prodl, prodh, cstack
 Tracked objects:
		On entry : 
		On exit  : 
		Unchanged: 
 Data sizes:     COMRAM   BANK0   BANK1   BANK2   BANK3   BANK4   BANK5   BANK6   BANK7
      Params:         0       0       0       0       0       0       0       0       0
      Locals:         1       0       0       0       0       0       0       0       0
      Temps:          1       0       0       0       0       0       0       0       0
      Totals:         2       0       0       0       0       0       0       0       0
Total ram usage:        2 bytes
 Hardware stack levels used:    1
 Hardware stack levels required when called:    2
 This function calls:
		_glcd_FillScreen
		_glcd_WriteByte
 This function is called by:
		_main
 This function uses a non-reentrant model


 *************** function _game_play *****************
 Defined at:
		line 18 in file "game.c"
 Parameters:    Size  Location     Type
		None
 Auto vars:     Size  Location     Type
  action          2   49[COMRAM] int 
  button_press    2   47[COMRAM] int 
  write           2   45[COMRAM] int 
 Return value:  Size  Location     Type
                  1    wreg      void 
 Registers used:
		wreg, fsr2l, fsr2h, status,2, status,0, tblptrl, tblptrh, tblptru, prodl, prodh, cstack
 Tracked objects:
		On entry : 
		On exit  : 
		Unchanged: 
 Data sizes:     COMRAM   BANK0   BANK1   BANK2   BANK3   BANK4   BANK5   BANK6   BANK7
      Params:         0       0       0       0       0       0       0       0       0
      Locals:         6       0       0       0       0       0       0       0       0
      Temps:          1       0       0       0       0       0       0       0       0
      Totals:         7       0       0       0       0       0       0       0       0
Total ram usage:        7 bytes
 Hardware stack levels used:    1
 Hardware stack levels required when called:    5
 This function calls:
		_glcd_FillScreen
		_glcd_Image
		_glcd_SetCursor
		_menu_actions
		_menu_cursor
 This function is called by:
		_main
 This function uses a non-reentrant model


 *************** function _menu_cursor *****************
 Defined at:
		line 17 in file "menu.c"
 Parameters:    Size  Location     Type
  action          2   38[COMRAM] int 
  write           2   40[COMRAM] int 
 Auto vars:     Size  Location     Type
		None
 Return value:  Size  Location     Type
                  1    wreg      void 
 Registers used:
		wreg, fsr2l, fsr2h, status,2, status,0, cstack
 Tracked objects:
		On entry : 
		On exit  : 
		Unchanged: 
 Data sizes:     COMRAM   BANK0   BANK1   BANK2   BANK3   BANK4   BANK5   BANK6   BANK7
      Params:         4       0       0       0       0       0       0       0       0
      Locals:         0       0       0       0       0       0       0       0       0
      Temps:          2       0       0       0       0       0       0       0       0
      Totals:         6       0       0       0       0       0       0       0       0
Total ram usage:        6 bytes
 Hardware stack levels used:    1
 Hardware stack levels required when called:    3
 This function calls:
		_displayObject
 This function is called by:
		_game_play
 This function uses a non-reentrant model


 *************** function _displayObject *****************
 Defined at:
		line 12 in file "myglcd.c"
 Parameters:    Size  Location     Type
  tab             2   17[COMRAM] PTR unsigned char 
		 -> cursor(30), 
  x               2   19[COMRAM] int 
  y               2   21[COMRAM] int 
  height          2   23[COMRAM] int 
  width           2   25[COMRAM] int 
  write           2   27[COMRAM] int 
 Auto vars:     Size  Location     Type
  j               2   36[COMRAM] int 
  i               2   34[COMRAM] int 
  nb              2   32[COMRAM] int 
 Return value:  Size  Location     Type
                  1    wreg      void 
 Registers used:
		wreg, fsr2l, fsr2h, status,2, status,0, cstack
 Tracked objects:
		On entry : 
		On exit  : 
		Unchanged: 
 Data sizes:     COMRAM   BANK0   BANK1   BANK2   BANK3   BANK4   BANK5   BANK6   BANK7
      Params:        12       0       0       0       0       0       0       0       0
      Locals:         6       0       0       0       0       0       0       0       0
      Temps:          3       0       0       0       0       0       0       0       0
      Totals:        21       0       0       0       0       0       0       0       0
Total ram usage:       21 bytes
 Hardware stack levels used:    1
 Hardware stack levels required when called:    2
 This function calls:
		_glcd_PlotPixel
 This function is called by:
		_menu_cursor
 This function uses a non-reentrant model


 *************** function _glcd_PlotPixel *****************
 Defined at:
		line 468 in file "glcd.c"
 Parameters:    Size  Location     Type
  xpos            1    wreg     unsigned char 
  ypos            1   10[COMRAM] unsigned char 
  color           1   11[COMRAM] unsigned char 
 Auto vars:     Size  Location     Type
  xpos            1   14[COMRAM] unsigned char 
  side            1   16[COMRAM] unsigned char 
  data            1   15[COMRAM] unsigned char 
 Return value:  Size  Location     Type
                  1    wreg      void 
 Registers used:
		wreg, status,2, status,0, cstack
 Tracked objects:
		On entry : 
		On exit  : 
		Unchanged: 
 Data sizes:     COMRAM   BANK0   BANK1   BANK2   BANK3   BANK4   BANK5   BANK6   BANK7
      Params:         2       0       0       0       0       0       0       0       0
      Locals:         3       0       0       0       0       0       0       0       0
      Temps:          2       0       0       0       0       0       0       0       0
      Totals:         7       0       0       0       0       0       0       0       0
Total ram usage:        7 bytes
 Hardware stack levels used:    1
 Hardware stack levels required when called:    1
 This function calls:
		___awdiv
		_glcd_ReadByte
		_glcd_WriteByte
 This function is called by:
		_displayObject
		_glcd_Rect
 This function uses a non-reentrant model


 *************** function _glcd_ReadByte *****************
 Defined at:
		line 431 in file "glcd.c"
 Parameters:    Size  Location     Type
  side            1    wreg     unsigned char 
 Auto vars:     Size  Location     Type
  side            1    0[COMRAM] unsigned char 
  data            1    1[COMRAM] unsigned char 
 Return value:  Size  Location     Type
                  1    wreg      unsigned char 
 Registers used:
		wreg, status,2, cstack
 Tracked objects:
		On entry : 
		On exit  : 
		Unchanged: 
 Data sizes:     COMRAM   BANK0   BANK1   BANK2   BANK3   BANK4   BANK5   BANK6   BANK7
      Params:         0       0       0       0       0       0       0       0       0
      Locals:         2       0       0       0       0       0       0       0       0
      Temps:          0       0       0       0       0       0       0       0       0
      Totals:         2       0       0       0       0       0       0       0       0
Total ram usage:        2 bytes
 Hardware stack levels used:    1
 This function calls:
		Nothing
 This function is called by:
		_glcd_PlotPixel
 This function uses a non-reentrant model


 *************** function ___awdiv *****************
 Defined at:
		line 7 in file "C:\Program Files (x86)\Microchip\xc8\v2.00\pic\sources\c99\common\awdiv.c"
 Parameters:    Size  Location     Type
  dividend        2    0[COMRAM] int 
  divisor         2    2[COMRAM] int 
 Auto vars:     Size  Location     Type
  quotient        2    6[COMRAM] int 
  sign            1    5[COMRAM] unsigned char 
  counter         1    4[COMRAM] unsigned char 
 Return value:  Size  Location     Type
                  2    0[COMRAM] int 
 Registers used:
		wreg, status,2, status,0
 Tracked objects:
		On entry : 
		On exit  : 
		Unchanged: 
 Data sizes:     COMRAM   BANK0   BANK1   BANK2   BANK3   BANK4   BANK5   BANK6   BANK7
      Params:         4       0       0       0       0       0       0       0       0
      Locals:         4       0       0       0       0       0       0       0       0
      Temps:          0       0       0       0       0       0       0       0       0
      Totals:         8       0       0       0       0       0       0       0       0
Total ram usage:        8 bytes
 Hardware stack levels used:    1
 This function calls:
		Nothing
 This function is called by:
		_glcd_PlotPixel
 This function uses a non-reentrant model


 *************** function _menu_actions *****************
 Defined at:
		line 38 in file "menu.c"
 Parameters:    Size  Location     Type
  action          2   25[COMRAM] int 
 Auto vars:     Size  Location     Type
		None
 Return value:  Size  Location     Type
                  1    wreg      void 
 Registers used:
		wreg, fsr2l, fsr2h, status,2, status,0, tblptrl, tblptrh, tblptru, prodl, prodh, cstack
 Tracked objects:
		On entry : 
		On exit  : 
		Unchanged: 
 Data sizes:     COMRAM   BANK0   BANK1   BANK2   BANK3   BANK4   BANK5   BANK6   BANK7
      Params:         2       0       0       0       0       0       0       0       0
      Locals:         0       0       0       0       0       0       0       0       0
      Temps:          0       0       0       0       0       0       0       0       0
      Totals:         2       0       0       0       0       0       0       0       0
Total ram usage:        2 bytes
 Hardware stack levels used:    1
 Hardware stack levels required when called:    4
 This function calls:
		_game_stats
		_micro_manger
 This function is called by:
		_game_play
 This function uses a non-reentrant model


 *************** function _micro_manger *****************
 Defined at:
		line 24 in file "microgochi.c"
 Parameters:    Size  Location     Type
		None
 Auto vars:     Size  Location     Type
		None
 Return value:  Size  Location     Type
                  1    wreg      void 
 Registers used:
		wreg, fsr2l, fsr2h, status,2, status,0
 Tracked objects:
		On entry : 
		On exit  : 
		Unchanged: 
 Data sizes:     COMRAM   BANK0   BANK1   BANK2   BANK3   BANK4   BANK5   BANK6   BANK7
      Params:         0       0       0       0       0       0       0       0       0
      Locals:         0       0       0       0       0       0       0       0       0
      Temps:          0       0       0       0       0       0       0       0       0
      Totals:         0       0       0       0       0       0       0       0       0
Total ram usage:        0 bytes
 Hardware stack levels used:    1
 This function calls:
		Nothing
 This function is called by:
		_menu_actions
 This function uses a non-reentrant model


 *************** function _game_stats *****************
 Defined at:
		line 89 in file "game.c"
 Parameters:    Size  Location     Type
		None
 Auto vars:     Size  Location     Type
  sortie_enabl    2   23[COMRAM] int 
 Return value:  Size  Location     Type
                  1    wreg      void 
 Registers used:
		wreg, status,2, status,0, tblptrl, tblptrh, tblptru, prodl, prodh, cstack
 Tracked objects:
		On entry : 
		On exit  : 
		Unchanged: 
 Data sizes:     COMRAM   BANK0   BANK1   BANK2   BANK3   BANK4   BANK5   BANK6   BANK7
      Params:         0       0       0       0       0       0       0       0       0
      Locals:         2       0       0       0       0       0       0       0       0
      Temps:          0       0       0       0       0       0       0       0       0
      Totals:         2       0       0       0       0       0       0       0       0
Total ram usage:        2 bytes
 Hardware stack levels used:    1
 Hardware stack levels required when called:    3
 This function calls:
		_glcd_FillScreen
		_glcd_SetCursor
		_glcd_WriteString
 This function is called by:
		_menu_actions
 This function uses a non-reentrant model


 *************** function _glcd_WriteString *****************
 Defined at:
		line 670 in file "glcd.c"
 Parameters:    Size  Location     Type
  str             2   19[COMRAM] PTR const unsigned char 
		 -> STR_10(4), STR_9(6), STR_8(5), STR_7(7), 
		 -> STR_6(6), STR_5(6), STR_4(7), STR_3(4), 
		 -> STR_2(9), STR_1(7), 
  font            1   21[COMRAM] unsigned char 
  color           1   22[COMRAM] unsigned char 
 Auto vars:     Size  Location     Type
		None
 Return value:  Size  Location     Type
                  1    wreg      void 
 Registers used:
		wreg, status,2, status,0, tblptrl, tblptrh, tblptru, prodl, prodh, cstack
 Tracked objects:
		On entry : 
		On exit  : 
		Unchanged: 
 Data sizes:     COMRAM   BANK0   BANK1   BANK2   BANK3   BANK4   BANK5   BANK6   BANK7
      Params:         4       0       0       0       0       0       0       0       0
      Locals:         0       0       0       0       0       0       0       0       0
      Temps:          0       0       0       0       0       0       0       0       0
      Totals:         4       0       0       0       0       0       0       0       0
Total ram usage:        4 bytes
 Hardware stack levels used:    1
 Hardware stack levels required when called:    2
 This function calls:
		_glcd_WriteChar3x6
		_glcd_WriteChar8X8
 This function is called by:
		_game_stats
		_screen_credits
		_glcd_text_write
 This function uses a non-reentrant model


 *************** function _glcd_WriteChar8X8 *****************
 Defined at:
		line 576 in file "glcd.c"
 Parameters:    Size  Location     Type
  ch              1    wreg     unsigned char 
  color           1   10[COMRAM] unsigned char 
 Auto vars:     Size  Location     Type
  ch              1   15[COMRAM] unsigned char 
  chr             2   13[COMRAM] unsigned int 
  side            1   18[COMRAM] unsigned char 
  i               1   17[COMRAM] unsigned char 
  xpos            1   16[COMRAM] unsigned char 
 Return value:  Size  Location     Type
                  1    wreg      void 
 Registers used:
		wreg, status,2, status,0, tblptrl, tblptrh, tblptru, prodl, prodh, cstack
 Tracked objects:
		On entry : 
		On exit  : 
		Unchanged: 
 Data sizes:     COMRAM   BANK0   BANK1   BANK2   BANK3   BANK4   BANK5   BANK6   BANK7
      Params:         1       0       0       0       0       0       0       0       0
      Locals:         6       0       0       0       0       0       0       0       0
      Temps:          2       0       0       0       0       0       0       0       0
      Totals:         9       0       0       0       0       0       0       0       0
Total ram usage:        9 bytes
 Hardware stack levels used:    1
 Hardware stack levels required when called:    1
 This function calls:
		_glcd_WriteByte
 This function is called by:
		_glcd_WriteString
 This function uses a non-reentrant model


 *************** function _glcd_WriteChar3x6 *****************
 Defined at:
		line 624 in file "glcd.c"
 Parameters:    Size  Location     Type
  ch              1    wreg     unsigned char 
  color           1   10[COMRAM] unsigned char 
 Auto vars:     Size  Location     Type
  ch              1   14[COMRAM] unsigned char 
  side            1   16[COMRAM] unsigned char 
  i               1   15[COMRAM] unsigned char 
  xpos            1   13[COMRAM] unsigned char 
 Return value:  Size  Location     Type
                  1    wreg      void 
 Registers used:
		wreg, status,2, status,0, tblptrl, tblptrh, tblptru, prodl, prodh, cstack
 Tracked objects:
		On entry : 
		On exit  : 
		Unchanged: 
 Data sizes:     COMRAM   BANK0   BANK1   BANK2   BANK3   BANK4   BANK5   BANK6   BANK7
      Params:         1       0       0       0       0       0       0       0       0
      Locals:         4       0       0       0       0       0       0       0       0
      Temps:          2       0       0       0       0       0       0       0       0
      Totals:         7       0       0       0       0       0       0       0       0
Total ram usage:        7 bytes
 Hardware stack levels used:    1
 Hardware stack levels required when called:    1
 This function calls:
		_glcd_WriteByte
 This function is called by:
		_glcd_WriteString
 This function uses a non-reentrant model


 *************** function _glcd_SetCursor *****************
 Defined at:
		line 551 in file "glcd.c"
 Parameters:    Size  Location     Type
  xpos            1    wreg     unsigned char 
  ypos            1   10[COMRAM] unsigned char 
 Auto vars:     Size  Location     Type
  xpos            1   12[COMRAM] unsigned char 
  side            1   11[COMRAM] unsigned char 
 Return value:  Size  Location     Type
                  1    wreg      void 
 Registers used:
		wreg, status,2, status,0, cstack
 Tracked objects:
		On entry : 
		On exit  : 
		Unchanged: 
 Data sizes:     COMRAM   BANK0   BANK1   BANK2   BANK3   BANK4   BANK5   BANK6   BANK7
      Params:         1       0       0       0       0       0       0       0       0
      Locals:         2       0       0       0       0       0       0       0       0
      Temps:          0       0       0       0       0       0       0       0       0
      Totals:         3       0       0       0       0       0       0       0       0
Total ram usage:        3 bytes
 Hardware stack levels used:    1
 Hardware stack levels required when called:    1
 This function calls:
		_glcd_WriteByte
 This function is called by:
		_game_play
		_game_stats
		_screen_credits
		_glcd_text_write
 This function uses a non-reentrant model


 *************** function _glcd_FillScreen *****************
 Defined at:
		line 527 in file "glcd.c"
 Parameters:    Size  Location     Type
  color           1    wreg     unsigned char 
 Auto vars:     Size  Location     Type
  color           1   10[COMRAM] unsigned char 
  i               1   12[COMRAM] unsigned char 
  j               1   11[COMRAM] unsigned char 
 Return value:  Size  Location     Type
                  1    wreg      void 
 Registers used:
		wreg, status,2, status,0, prodl, prodh, cstack
 Tracked objects:
		On entry : 
		On exit  : 
		Unchanged: 
 Data sizes:     COMRAM   BANK0   BANK1   BANK2   BANK3   BANK4   BANK5   BANK6   BANK7
      Params:         0       0       0       0       0       0       0       0       0
      Locals:         3       0       0       0       0       0       0       0       0
      Temps:          0       0       0       0       0       0       0       0       0
      Totals:         3       0       0       0       0       0       0       0       0
Total ram usage:        3 bytes
 Hardware stack levels used:    1
 Hardware stack levels required when called:    1
 This function calls:
		_glcd_WriteByte
 This function is called by:
		_game_play
		_game_stats
		_screen_credits
		_glcd_Init
 This function uses a non-reentrant model


 *************** function _glcd_Image *****************
 Defined at:
		line 697 in file "glcd.c"
 Parameters:    Size  Location     Type
		None
 Auto vars:     Size  Location     Type
  ptr             2   10[COMRAM] int 
  cs              1   14[COMRAM] unsigned char 
  i               1   13[COMRAM] unsigned char 
  j               1   12[COMRAM] unsigned char 
 Return value:  Size  Location     Type
                  1    wreg      void 
 Registers used:
		wreg, status,2, status,0, tblptrl, tblptrh, tblptru, cstack
 Tracked objects:
		On entry : 
		On exit  : 
		Unchanged: 
 Data sizes:     COMRAM   BANK0   BANK1   BANK2   BANK3   BANK4   BANK5   BANK6   BANK7
      Params:         0       0       0       0       0       0       0       0       0
      Locals:         5       0       0       0       0       0       0       0       0
      Temps:          0       0       0       0       0       0       0       0       0
      Totals:         5       0       0       0       0       0       0       0       0
Total ram usage:        5 bytes
 Hardware stack levels used:    1
 Hardware stack levels required when called:    1
 This function calls:
		_glcd_WriteByte
 This function is called by:
		_game_play
 This function uses a non-reentrant model


 *************** function _glcd_WriteByte *****************
 Defined at:
		line 395 in file "glcd.c"
 Parameters:    Size  Location     Type
  side            1    wreg     unsigned char 
  data            1    8[COMRAM] unsigned char 
 Auto vars:     Size  Location     Type
  side            1    9[COMRAM] unsigned char 
 Return value:  Size  Location     Type
                  1    wreg      void 
 Registers used:
		wreg, status,2
 Tracked objects:
		On entry : 
		On exit  : 
		Unchanged: 
 Data sizes:     COMRAM   BANK0   BANK1   BANK2   BANK3   BANK4   BANK5   BANK6   BANK7
      Params:         1       0       0       0       0       0       0       0       0
      Locals:         1       0       0       0       0       0       0       0       0
      Temps:          0       0       0       0       0       0       0       0       0
      Totals:         2       0       0       0       0       0       0       0       0
Total ram usage:        2 bytes
 Hardware stack levels used:    1
 This function calls:
		Nothing
 This function is called by:
		_glcd_Init
		_glcd_PlotPixel
		_glcd_FillScreen
		_glcd_SetCursor
		_glcd_WriteChar8X8
		_glcd_WriteChar3x6
		_glcd_Image
		_glcd_icon8X8
 This function uses a non-reentrant model



MODULE INFORMATION

Module		Function		Class		Link	Load	Size
microgochi.c
		_microgochi_init		CODE           	6468	0000	91
		_micro_manger  		CODE           	6376	0000	19

microgochi.c estimated size: 110

screen.c
		_screen_credits		CODE           	6A8A	0000	219

screen.c estimated size: 219

C:\Program Files (x86)\Microchip\xc8\v2.00\pic\sources\c99\common\awdiv.c
		___awdiv       		CODE           	6B64	0000	237

C:\Program Files (x86)\Microchip\xc8\v2.00\pic\sources\c99\common\awdiv.c estimated size: 237

shared
		_Font3x6       		MEDIUMCONST    	7EF7	0000	196
		_Font8x8       		MEDIUMCONST    	72F7	0000	2049
		_test          		MEDIUMCONST    	7AF7	0000	1025
		__initialization		CODE           	63A6	0000	45
		_ou            		MEDIUMCONST    	7FBA	0000	9

shared estimated size: 3324

game.c
		_game_stats    		CODE           	669E	0000	183
		_game_play     		CODE           	70F8	0000	511

game.c estimated size: 694

glcd.c
		_glcd_SetCursor		CODE           	6590	0000	113
		_glcd_WriteString		CODE           	6522	0000	111
		_glcd_WriteByte		CODE           	63DC	0000	71
		_glcd_Init     		CODE           	680C	0000	207
		_glcd_ReadByte 		CODE           	6422	0000	71
		_glcd_WriteChar8X8		CODE           	6E88	0000	301
		_glcd_FillScreen		CODE           	6754	0000	185
		_glcd_WriteChar3x6		CODE           	6FB4	0000	325
		_glcd_PlotPixel		CODE           	69B0	0000	219
		_glcd_Image    		CODE           	68DA	0000	215

glcd.c estimated size: 1818

myglcd.c
		_displayObject 		CODE           	6D62	0000	295

myglcd.c estimated size: 295

menu.c
		_menu_actions  		CODE           	64C2	0000	97
		_menu_cursor   		CODE           	6C50	0000	275

menu.c estimated size: 372

main.c
		_main          		CODE           	6600	0000	159

main.c estimated size: 159

