Microchip MPLAB XC8 Compiler V2.00 ()

Linker command line:

-W-3 --edf=C:\Program Files (x86)\Microchip\xc8\v2.00\pic\dat\en_msgs.txt \
  -cs -h+dist/default/production\MCU_projet_microgochi.production.sym \
  --cmf=dist/default/production\MCU_projet_microgochi.production.cmf -z \
  -Q18F4550 -oC:\Users\JARVIS\AppData\Local\Temp\s420.2 \
  --defsym=__MPLAB_BUILD=1 \
  -Mdist/default/production/MCU_projet_microgochi.production.map -E1 \
  -ver=XC8 --acfsm=1493 -ASTACK=01C2h-01ffh -pstack=STACK -ACODE=00h-07FFFh \
  -ACONST=00h-07FFFh -ASMALLCONST=0800h-08FFhx120 \
  -AMEDIUMCONST=0800h-07FFFh -ACOMRAM=01h-05Fh -AABS1=00h-07FFh \
  -ABIGRAM=01h-07FFh -ARAM=060h-0FFh,0100h-01FFhx7 -ABANK0=060h-0FFh \
  -ABANK1=0100h-01FFh -ABANK2=0200h-02FFh -ABANK3=0300h-03FFh \
  -ABANK4=0400h-04FFh -ABANK5=0500h-05FFh -ABANK6=0600h-06FFh \
  -ABANK7=0700h-07FFh -ASFR=0F60h-0FFFh \
  -preset_vec=00h,intcode=08h,intcodelo,powerup,init -pramtop=0800h \
  -psmallconst=SMALLCONST -pmediumconst=MEDIUMCONST -pconst=CONST \
  -AFARRAM=00h-00h -ACONFIG=0300000h-030000Dh -pconfig=CONFIG \
  -AIDLOC=0200000h-0200007h -pidloc=IDLOC -AEEDATA=0F00000h-0F000FFh \
  -peeprom_data=EEDATA \
  -prdata=COMRAM,nvrram=COMRAM,nvbit=COMRAM,rbss=COMRAM,rbit=COMRAM \
  -pfarbss=FARRAM,fardata=FARRAM,nvFARRAM=FARRAM \
  -pintsave_regs=BIGRAM,bigbss=BIGRAM,bigdata=BIGRAM -pbss=RAM \
  -pidata=CODE,irdata=CODE,ibigdata=CODE,ifardata=CODE -prparam=COMRAM \
  C:\Users\JARVIS\AppData\Local\Temp\s420.o \
  dist/default/production\MCU_projet_microgochi.production.o 

Object code version is 3.11

Machine type is 18F4550

Call graph: (short form)




                Name                               Link     Load   Length Selector   Space Scale
C:\Users\JARVIS\AppData\Local\Temp\s420.o
                init                                  E        E        4        4       0
                reset_vec                             0        0        4        0       0
                idloc                            200000   200000        8   200000       0
                config                           300000   300000        E   300000       0
dist/default/production\MCU_projet_microgochi.production.o
                intcode                               8        8        6        4       0
                temp                                 59       59        1        1       1
                mediumconst                        72C2     72C2      D3E     3961       0
                text43                             2D88     2D88       1E        4       0
                text42                             1E88     1E88       D8        4       0
                intcode_body                       1414     1414      11A        4       0
                text40                             1A2C     1A2C       EC        4       0
                text39                             2C8C     2C8C       46        4       0
                text38                             2C46     2C46       46        4       0
                text37                             1CD6     1CD6       DA        4       0
                text36                             12EE     12EE      126        4       0
                text35                             28F4     28F4       9E        4       0
                text34                             2B8A     2B8A       6A        4       0
                text33                             2856     2856       9E        4       0
                text32                             174A     174A      106        4       0
                text31                             27B8     27B8       9E        4       0
                text30                             2036     2036       D6        4       0
                text29                             25AE     25AE       B8        4       0
                text28                             2B1A     2B1A       70        4       0
                text27                              F54      F54      144        4       0
                text26                             1098     1098      12C        4       0
                text25                             2666     2666       AA        4       0
                text24                             1DB0     1DB0       D8        4       0
                text23                             2BF4     2BF4       52        4       0
                text22                             2992     2992       92        4       0
                text21                             1F60     1F60       D6        4       0
                text20                              C4E      C4E      1BE        4       0
                text19                              9A4      9A4      2AA        4       0
                text18                             24EE     24EE       C0        4       0
                text17                             242E     242E       C0        4       0
                text16                             22A8     22A8       C4        4       0
                text15                              380      380      316        4       0
                text14                             2CFA     2CFA       28        4       0
                text13                             2A24     2A24       84        4       0
                text12                             11C4     11C4      12A        4       0
                text11                              E0C      E0C      148        4       0
                text10                             2D46     2D46       22        4       0
                text9                              2D68     2D68       20        4       0
                text8                              2DA6     2DA6        8        4       0
                text7                              2D22     2D22       24        4       0
                text6                              21DA     21DA       CE        4       0
                text5                              152E     152E      112        4       0
                text4                                12       12      36E        4       0
                text3                              210C     210C       CE        4       0
                text2                              2CD2     2CD2       28        4       0
                text1                              1BFC     1BFC       DA        4       0
                text0                              2710     2710       A8        4       0
                cstackCOMRAM                          1        1       4D        1       1
                cstackBANK0                          E7       E7        B       60       1
                dataBIGRAM                          4EE      4EE      30E      4EE       1
                dataBANK4                           400      400       EE      400       1
                dataBANK3                           300      300       EE      300       1
                dataBANK2                           200      200       E4      200       1
                dataBANK1                           100      100       C2      100       1
                dataBANK0                            60       60       72       60       1
                bssBANK0                             D2       D2       15       60       1
                dataCOMRAM                           55       55        4        1       1
                bssCOMRAM                            4E       4E        7        1       1
                cinit                              1640     1640      10A        4       0
                idataBANK4                         193E     193E       EE        4       0
                idataBANK3                         1850     1850       EE        4       0
                idataBANK2                         1B18     1B18       E4        4       0
                idataBANK1                         236C     236C       C2        4       0
                idataBANK0                         2AA8     2AA8       72        4       0
                idataBIGRAM                         696      696      30E        4       0
                idataCOMRAM                        2DAE     2DAE        4        4       0

TOTAL           Name                               Link     Load   Length     Space
        CLASS   STACK          

        CLASS   CODE           
                intcode                               8        8        6         0
                init                                  E        E        4         0
                reset_vec                             0        0        4         0
                text43                             2D88     2D88       1E         0
                text42                             1E88     1E88       D8         0
                intcode_body                       1414     1414      11A         0
                text40                             1A2C     1A2C       EC         0
                text39                             2C8C     2C8C       46         0
                text38                             2C46     2C46       46         0
                text37                             1CD6     1CD6       DA         0
                text36                             12EE     12EE      126         0
                text35                             28F4     28F4       9E         0
                text34                             2B8A     2B8A       6A         0
                text33                             2856     2856       9E         0
                text32                             174A     174A      106         0
                text31                             27B8     27B8       9E         0
                text30                             2036     2036       D6         0
                text29                             25AE     25AE       B8         0
                text28                             2B1A     2B1A       70         0
                text27                              F54      F54      144         0
                text26                             1098     1098      12C         0
                text25                             2666     2666       AA         0
                text24                             1DB0     1DB0       D8         0
                text23                             2BF4     2BF4       52         0
                text22                             2992     2992       92         0
                text21                             1F60     1F60       D6         0
                text20                              C4E      C4E      1BE         0
                text19                              9A4      9A4      2AA         0
                text18                             24EE     24EE       C0         0
                text17                             242E     242E       C0         0
                text16                             22A8     22A8       C4         0
                text15                              380      380      316         0
                text14                             2CFA     2CFA       28         0
                text13                             2A24     2A24       84         0
                text12                             11C4     11C4      12A         0
                text11                              E0C      E0C      148         0
                text10                             2D46     2D46       22         0
                text9                              2D68     2D68       20         0
                text8                              2DA6     2DA6        8         0
                text7                              2D22     2D22       24         0
                text6                              21DA     21DA       CE         0
                text5                              152E     152E      112         0
                text4                                12       12      36E         0
                text3                              210C     210C       CE         0
                text2                              2CD2     2CD2       28         0
                text1                              1BFC     1BFC       DA         0
                text0                              2710     2710       A8         0
                cinit                              1640     1640      10A         0
                idataBANK4                         193E     193E       EE         0
                idataBANK3                         1850     1850       EE         0
                idataBANK2                         1B18     1B18       E4         0
                idataBANK1                         236C     236C       C2         0
                idataBANK0                         2AA8     2AA8       72         0
                idataBIGRAM                         696      696      30E         0
                idataCOMRAM                        2DAE     2DAE        4         0

        CLASS   CONST          

        CLASS   SMALLCONST     

        CLASS   MEDIUMCONST    
                mediumconst                        72C2     72C2      D3E         0

        CLASS   COMRAM         
                temp                                 59       59        1         1
                cstackCOMRAM                          1        1       4D         1
                dataCOMRAM                           55       55        4         1
                bssCOMRAM                            4E       4E        7         1

        CLASS   ABS1           

        CLASS   BIGRAM         
                dataBIGRAM                          4EE      4EE      30E         1

        CLASS   RAM            

        CLASS   BANK0          
                cstackBANK0                          E7       E7        B         1
                dataBANK0                            60       60       72         1
                bssBANK0                             D2       D2       15         1

        CLASS   BANK1          
                dataBANK1                           100      100       C2         1

        CLASS   BANK2          
                dataBANK2                           200      200       E4         1

        CLASS   BANK3          
                dataBANK3                           300      300       EE         1

        CLASS   BANK4          
                dataBANK4                           400      400       EE         1

        CLASS   BANK5          

        CLASS   BANK6          

        CLASS   BANK7          

        CLASS   SFR            

        CLASS   FARRAM         

        CLASS   CONFIG         
                config                           300000   300000        E         0

        CLASS   IDLOC          
                idloc                            200000   200000        8         0

        CLASS   EEDATA         



SEGMENTS        Name                           Load    Length   Top    Selector   Space  Class

                reset_vec                      000000  000004  000004         0       0  CODE    
                cstackCOMRAM                   000001  000059  00005A         1       1  COMRAM  
                intcode                        000008  002DAA  002DB2         4       0  CODE    
                dataBANK0                      000060  000092  0000F2        60       1  BANK0   
                dataBANK1                      000100  0000C2  0001C2       100       1  BANK1   
                dataBANK2                      000200  0000E4  0002E4       200       1  BANK2   
                dataBANK3                      000300  0000EE  0003EE       300       1  BANK3   
                dataBANK4                      000400  0000EE  0004EE       400       1  BANK4   
                dataBIGRAM                     0004EE  00030E  0007FC       4EE       1  BIGRAM  
                mediumconst                    0072C2  000D3E  008000      3961       0  MEDIUMCO
                idloc                          200000  000008  200008    200000       0  IDLOC   
                config                         300000  00000E  30000E    300000       0  CONFIG  


UNUSED ADDRESS RANGES

        Name                Unused          Largest block    Delta
        BANK0            0000F2-0000FF                E
        BANK1            0001C2-0001FF               3E
        BANK2            0002E4-0002FF               1C
        BANK3            0003EE-0003FF               12
        BANK7            0007FC-0007FF                4
        BIGRAM           00005A-00005F                6
                         0000F2-0000FF                E
                         0001C2-0001FF               3E
                         0002E4-0002FF               1C
                         0003EE-0003FF               12
                         0007FC-0007FF                4
        CODE             000004-000007                4
                         002DB2-0072C1             4510
        COMRAM           00005A-00005F                6
        CONST            000004-000007                4
                         002DB2-0072C1             4510
        EEDATA           F00000-F000FF              100
        MEDIUMCONST      002DB2-0072C1             4510
        RAM              0000F2-0000FF                E
                         0001C2-0001FF               3E
                         0002E4-0002FF               1C
                         0003EE-0003FF               12
                         0007FC-0007FF                4
        SFR              000F60-000FFF               A0
        SMALLCONST       002DB2-0072C1              100
        STACK            0001C2-0001FF               3E

                                  Symbol Table

?___awdiv                     cstackCOMRAM 000007
?___awmod                     cstackCOMRAM 000007
?_creer_champi                cstackCOMRAM 000007
?_strlen                      cstackCOMRAM 000007
?i2___awmod                   cstackCOMRAM 000001
_ADCON1                       (abs)        000FC1
_Font3x6                      mediumconst  007EC3
_Font8x8                      mediumconst  0072C3
_INTCONbits                   (abs)        000FF2
_LATBbits                     (abs)        000F8A
_LATD                         (abs)        000F8C
_PIE1bits                     (abs)        000F9D
_PIR1bits                     (abs)        000F9E
_PORTA                        (abs)        000F80
_PORTB                        (abs)        000F81
_PORTC                        (abs)        000F82
_PORTCbits                    (abs)        000F82
_PORTD                        (abs)        000F83
_PORTEbits                    (abs)        000F84
_T1CONbits                    (abs)        000FCD
_TRISA                        (abs)        000F92
_TRISB                        (abs)        000F93
_TRISC                        (abs)        000F94
_TRISD                        (abs)        000F95
_Z1                           dataBANK1    00017E
_Z2                           dataBANK0    0000B2
__CFG_BOR$ON                  (abs)        000000
__CFG_CPD$OFF                 (abs)        000000
__CFG_FOSC$HS                 (abs)        000000
__CFG_LVP$OFF                 (abs)        000000
__CFG_PWRT$OFF                (abs)        000000
__CFG_WDT$ON                  (abs)        000000
__CFG_WRTD$OFF                (abs)        000000
__HRAM                        (abs)        000000
__Habs1                       abs1         000000
__Hbank0                      bank0        000000
__Hbank1                      bank1        000000
__Hbank2                      bank2        000000
__Hbank3                      bank3        000000
__Hbank4                      bank4        000000
__Hbank5                      bank5        000000
__Hbank6                      bank6        000000
__Hbank7                      bank7        000000
__Hbigbss                     bigbss       000000
__Hbigdata                    bigdata      000000
__Hbigram                     bigram       000000
__Hbss                        bss          000000
__HbssBANK0                   bssBANK0     000000
__HbssCOMRAM                  bssCOMRAM    000000
__Hcinit                      cinit        000000
__Hclrtext                    clrtext      000000
__Hcomram                     comram       000000
__Hconfig                     config       30000E
__Hconst                      const        000000
__HcstackBANK0                cstackBANK0  000000
__HcstackCOMRAM               cstackCOMRAM 000000
__Hdata                       data         000000
__HdataBANK0                  dataBANK0    000000
__HdataBANK1                  dataBANK1    000000
__HdataBANK2                  dataBANK2    000000
__HdataBANK3                  dataBANK3    000000
__HdataBANK4                  dataBANK4    000000
__HdataBIGRAM                 dataBIGRAM   000000
__HdataCOMRAM                 dataCOMRAM   000000
__Heeprom_data                eeprom_data  000000
__Hfarbss                     farbss       000000
__Hfardata                    fardata      000000
__Hibigdata                   ibigdata     000000
__Hidata                      idata        000000
__HidataBANK0                 idataBANK0   000000
__HidataBANK1                 idataBANK1   000000
__HidataBANK2                 idataBANK2   000000
__HidataBANK3                 idataBANK3   000000
__HidataBANK4                 idataBANK4   000000
__HidataBIGRAM                idataBIGRAM  000000
__HidataCOMRAM                idataCOMRAM  000000
__Hidloc                      idloc        200008
__Hifardata                   ifardata     000000
__Hinit                       init         000012
__Hintcode                    intcode      00000E
__Hintcode_body               intcode_body 000000
__Hintcodelo                  intcodelo    00000E
__Hintentry                   intentry     000000
__Hintret                     intret       000000
__Hintsave_regs               intsave_regs 000000
__Hirdata                     irdata       000000
__Hmediumconst                mediumconst  008000
__HnvFARRAM                   nvFARRAM     000000
__Hnvbit                      nvbit        000000
__Hnvrram                     nvrram       000000
__Hparam                      rparam       000000
__Hpowerup                    powerup      00000E
__Hram                        ram          000000
__Hramtop                     ramtop       000800
__Hrbit                       rbit         000000
__Hrbss                       rbss         000000
__Hrdata                      rdata        000000
__Hreset_vec                  reset_vec    000004
__Hrparam                     rparam       000000
__Hsfr                        sfr          000000
__Hsmallconst                 smallconst   000000
__Hspace_0                    (abs)        30000E
__Hspace_1                    (abs)        0007FC
__Hspace_2                    (abs)        000000
__Hstack                      stack        000000
__Hstruct                     struct       000000
__Htemp                       temp         00005A
__Htext                       text         000000
__Htext0                      text0        000000
__Htext1                      text1        000000
__Htext10                     text10       000000
__Htext11                     text11       000000
__Htext12                     text12       000000
__Htext13                     text13       000000
__Htext14                     text14       000000
__Htext15                     text15       000000
__Htext16                     text16       000000
__Htext17                     text17       000000
__Htext18                     text18       000000
__Htext19                     text19       000000
__Htext2                      text2        000000
__Htext20                     text20       000000
__Htext21                     text21       000000
__Htext22                     text22       000000
__Htext23                     text23       000000
__Htext24                     text24       000000
__Htext25                     text25       000000
__Htext26                     text26       000000
__Htext27                     text27       000000
__Htext28                     text28       000000
__Htext29                     text29       000000
__Htext3                      text3        000000
__Htext30                     text30       000000
__Htext31                     text31       000000
__Htext32                     text32       000000
__Htext33                     text33       000000
__Htext34                     text34       000000
__Htext35                     text35       000000
__Htext36                     text36       000000
__Htext37                     text37       000000
__Htext38                     text38       000000
__Htext39                     text39       000000
__Htext4                      text4        000000
__Htext40                     text40       000000
__Htext42                     text42       000000
__Htext43                     text43       000000
__Htext5                      text5        000000
__Htext6                      text6        000000
__Htext7                      text7        000000
__Htext8                      text8        000000
__Htext9                      text9        000000
__LRAM                        (abs)        000001
__Labs1                       abs1         000000
__Lbank0                      bank0        000000
__Lbank1                      bank1        000000
__Lbank2                      bank2        000000
__Lbank3                      bank3        000000
__Lbank4                      bank4        000000
__Lbank5                      bank5        000000
__Lbank6                      bank6        000000
__Lbank7                      bank7        000000
__Lbigbss                     bigbss       000000
__Lbigdata                    bigdata      000000
__Lbigram                     bigram       000000
__Lbss                        bss          000000
__LbssBANK0                   bssBANK0     000000
__LbssCOMRAM                  bssCOMRAM    000000
__Lcinit                      cinit        000000
__Lclrtext                    clrtext      000000
__Lcomram                     comram       000000
__Lconfig                     config       300000
__Lconst                      const        000000
__LcstackBANK0                cstackBANK0  000000
__LcstackCOMRAM               cstackCOMRAM 000000
__Ldata                       data         000000
__LdataBANK0                  dataBANK0    000000
__LdataBANK1                  dataBANK1    000000
__LdataBANK2                  dataBANK2    000000
__LdataBANK3                  dataBANK3    000000
__LdataBANK4                  dataBANK4    000000
__LdataBIGRAM                 dataBIGRAM   000000
__LdataCOMRAM                 dataCOMRAM   000000
__Leeprom_data                eeprom_data  000000
__Lfarbss                     farbss       000000
__Lfardata                    fardata      000000
__Libigdata                   ibigdata     000000
__Lidata                      idata        000000
__LidataBANK0                 idataBANK0   000000
__LidataBANK1                 idataBANK1   000000
__LidataBANK2                 idataBANK2   000000
__LidataBANK3                 idataBANK3   000000
__LidataBANK4                 idataBANK4   000000
__LidataBIGRAM                idataBIGRAM  000000
__LidataCOMRAM                idataCOMRAM  000000
__Lidloc                      idloc        200000
__Lifardata                   ifardata     000000
__Linit                       init         00000E
__Lintcode                    intcode      000008
__Lintcode_body               intcode_body 000000
__Lintcodelo                  intcodelo    00000E
__Lintentry                   intentry     000000
__Lintret                     intret       000000
__Lintsave_regs               intsave_regs 000000
__Lirdata                     irdata       000000
__Lmediumconst                mediumconst  0072C2
__LnvFARRAM                   nvFARRAM     000000
__Lnvbit                      nvbit        000000
__Lnvrram                     nvrram       000000
__Lparam                      rparam       000000
__Lpowerup                    powerup      00000E
__Lram                        ram          000000
__Lramtop                     ramtop       000800
__Lrbit                       rbit         000000
__Lrbss                       rbss         000000
__Lrdata                      rdata        000000
__Lreset_vec                  reset_vec    000000
__Lrparam                     rparam       000000
__Lsfr                        sfr          000000
__Lsmallconst                 smallconst   000000
__Lspace_0                    (abs)        000000
__Lspace_1                    (abs)        000000
__Lspace_2                    (abs)        000000
__Lstack                      stack        000000
__Lstruct                     struct       000000
__Ltemp                       temp         000059
__Ltext                       text         000000
__Ltext0                      text0        000000
__Ltext1                      text1        000000
__Ltext10                     text10       000000
__Ltext11                     text11       000000
__Ltext12                     text12       000000
__Ltext13                     text13       000000
__Ltext14                     text14       000000
__Ltext15                     text15       000000
__Ltext16                     text16       000000
__Ltext17                     text17       000000
__Ltext18                     text18       000000
__Ltext19                     text19       000000
__Ltext2                      text2        000000
__Ltext20                     text20       000000
__Ltext21                     text21       000000
__Ltext22                     text22       000000
__Ltext23                     text23       000000
__Ltext24                     text24       000000
__Ltext25                     text25       000000
__Ltext26                     text26       000000
__Ltext27                     text27       000000
__Ltext28                     text28       000000
__Ltext29                     text29       000000
__Ltext3                      text3        000000
__Ltext30                     text30       000000
__Ltext31                     text31       000000
__Ltext32                     text32       000000
__Ltext33                     text33       000000
__Ltext34                     text34       000000
__Ltext35                     text35       000000
__Ltext36                     text36       000000
__Ltext37                     text37       000000
__Ltext38                     text38       000000
__Ltext39                     text39       000000
__Ltext4                      text4        000000
__Ltext40                     text40       000000
__Ltext42                     text42       000000
__Ltext43                     text43       000000
__Ltext5                      text5        000000
__Ltext6                      text6        000000
__Ltext7                      text7        000000
__Ltext8                      text8        000000
__Ltext9                      text9        000000
__S0                          (abs)        30000E
__S1                          (abs)        0007FC
__S2                          (abs)        000000
___awdiv                      text40       001A2C
___awdiv@counter              cstackCOMRAM 00000B
___awdiv@dividend             cstackCOMRAM 000007
___awdiv@divisor              cstackCOMRAM 000009
___awdiv@quotient             cstackCOMRAM 00000D
___awdiv@sign                 cstackCOMRAM 00000C
___awmod                      text24       001DB0
___awmod@counter              cstackCOMRAM 00000B
___awmod@dividend             cstackCOMRAM 000007
___awmod@divisor              cstackCOMRAM 000009
___awmod@sign                 cstackCOMRAM 00000C
___inthi_sp                   stack        000000
___intlo_sp                   stack        000000
___param_bank                 (abs)        000000
___rparam_used                (abs)        000001
___sp                         stack        000000
__accesstop                   (abs)        000060
__activetblptr                (abs)        000002
__end_of_Font3x6              mediumconst  007F86
__end_of_Font8x8              mediumconst  007AC3
__end_of___awdiv              text40       001B18
__end_of___awmod              text24       001E88
__end_of__initialization      cinit        00173C
__end_of_afficher_sequence    text18       0025AE
__end_of_animation            text35       002992
__end_of_animationCaca        text34       002BF4
__end_of_animationDead        text33       0028F4
__end_of_animationDodo        text32       001850
__end_of_animationPasContent  text31       002856
__end_of_bouger_sequence      text16       00236C
__end_of_collision            text15       000696
__end_of_creer_champi         text14       002D22
__end_of_displayObject        text36       001414
__end_of_effacer_sequence     text17       0024EE
__end_of_game_play            text4        000380
__end_of_game_stats           text19       000C4E
__end_of_glcd_FillScreen      text29       002666
__end_of_glcd_Image           text30       00210C
__end_of_glcd_Init            text3        0021DA
__end_of_glcd_PlotPixel       text37       001DB0
__end_of_glcd_ReadByte        text39       002CD2
__end_of_glcd_SetCursor       text28       002B8A
__end_of_glcd_WriteByte       text38       002C8C
__end_of_glcd_WriteChar3x6    text27       001098
__end_of_glcd_WriteChar8X8    text26       0011C4
__end_of_glcd_WriteString     text25       002710
__end_of_isr                  intcode_body 00152E
__end_of_itoa                 text21       002036
__end_of_lancer_minijeu       text11       000F54
__end_of_main                 text0        0027B8
__end_of_memset               text20       000E0C
__end_of_menu_actions         text6        0022A8
__end_of_menu_cursor          text5        001640
__end_of_micro_calin          text10       002D68
__end_of_micro_dormir         text9        002D88
__end_of_micro_laver          text8        002DAE
__end_of_micro_manger         text7        002D46
__end_of_micro_vieillir       text43       002DA6
__end_of_microgochi_init      text2        002CFA
__end_of_ou                   mediumconst  007F8E
__end_of_remplir_tableau      text13       002AA8
__end_of_reverse              text22       002A24
__end_of_saut_tamago          text12       0012EE
__end_of_screen_credits       text1        001CD6
__end_of_strlen               text23       002C46
__end_of_test                 mediumconst  007EC3
__end_ofi2___awmod            text42       001F60
__initialization              cinit        001640
__mediumconst                 mediumconst  0072C2
__pbssBANK0                   bssBANK0     0000D2
__pbssCOMRAM                  bssCOMRAM    00004E
__pcinit                      cinit        001640
__pcstackBANK0                cstackBANK0  0000E7
__pcstackCOMRAM               cstackCOMRAM 000001
__pdataBANK0                  dataBANK0    000060
__pdataBANK1                  dataBANK1    000100
__pdataBANK2                  dataBANK2    000200
__pdataBANK3                  dataBANK3    000300
__pdataBANK4                  dataBANK4    000400
__pdataBIGRAM                 dataBIGRAM   0004EE
__pdataCOMRAM                 dataCOMRAM   000055
__pidataBANK0                 idataBANK0   002AA8
__pidataBANK1                 idataBANK1   00236C
__pidataBANK2                 idataBANK2   001B18
__pidataBANK3                 idataBANK3   001850
__pidataBANK4                 idataBANK4   00193E
__pidataBIGRAM                idataBIGRAM  000696
__pidataCOMRAM                idataCOMRAM  002DAE
__pintcode                    intcode      000008
__pintcode_body               intcode_body 001414
__pmediumconst                mediumconst  0072C2
__ptext0                      text0        002710
__ptext1                      text1        001BFC
__ptext10                     text10       002D46
__ptext11                     text11       000E0C
__ptext12                     text12       0011C4
__ptext13                     text13       002A24
__ptext14                     text14       002CFA
__ptext15                     text15       000380
__ptext16                     text16       0022A8
__ptext17                     text17       00242E
__ptext18                     text18       0024EE
__ptext19                     text19       0009A4
__ptext2                      text2        002CD2
__ptext20                     text20       000C4E
__ptext21                     text21       001F60
__ptext22                     text22       002992
__ptext23                     text23       002BF4
__ptext24                     text24       001DB0
__ptext25                     text25       002666
__ptext26                     text26       001098
__ptext27                     text27       000F54
__ptext28                     text28       002B1A
__ptext29                     text29       0025AE
__ptext3                      text3        00210C
__ptext30                     text30       002036
__ptext31                     text31       0027B8
__ptext32                     text32       00174A
__ptext33                     text33       002856
__ptext34                     text34       002B8A
__ptext35                     text35       0028F4
__ptext36                     text36       0012EE
__ptext37                     text37       001CD6
__ptext38                     text38       002C46
__ptext39                     text39       002C8C
__ptext4                      text4        000012
__ptext40                     text40       001A2C
__ptext42                     text42       001E88
__ptext43                     text43       002D88
__ptext5                      text5        00152E
__ptext6                      text6        0021DA
__ptext7                      text7        002D22
__ptext8                      text8        002DA6
__ptext9                      text9        002D68
__ramtop                      ramtop       000800
__size_of___awdiv             (abs)        000000
__size_of___awmod             (abs)        000000
__size_of_afficher_sequence   (abs)        000000
__size_of_animation           (abs)        000000
__size_of_animationCaca       (abs)        000000
__size_of_animationDead       (abs)        000000
__size_of_animationDodo       (abs)        000000
__size_of_animationPasContent (abs)        000000
__size_of_bouger_sequence     (abs)        000000
__size_of_collision           (abs)        000000
__size_of_creer_champi        (abs)        000000
__size_of_displayObject       (abs)        000000
__size_of_effacer_sequence    (abs)        000000
__size_of_game_play           (abs)        000000
__size_of_game_stats          (abs)        000000
__size_of_glcd_FillScreen     (abs)        000000
__size_of_glcd_Image          (abs)        000000
__size_of_glcd_Init           (abs)        000000
__size_of_glcd_PlotPixel      (abs)        000000
__size_of_glcd_ReadByte       (abs)        000000
__size_of_glcd_SetCursor      (abs)        000000
__size_of_glcd_WriteByte      (abs)        000000
__size_of_glcd_WriteChar3x6   (abs)        000000
__size_of_glcd_WriteChar8X8   (abs)        000000
__size_of_glcd_WriteString    (abs)        000000
__size_of_isr                 (abs)        000000
__size_of_itoa                (abs)        000000
__size_of_lancer_minijeu      (abs)        000000
__size_of_main                (abs)        000000
__size_of_memset              (abs)        000000
__size_of_menu_actions        (abs)        000000
__size_of_menu_cursor         (abs)        000000
__size_of_micro_calin         (abs)        000000
__size_of_micro_dormir        (abs)        000000
__size_of_micro_laver         (abs)        000000
__size_of_micro_manger        (abs)        000000
__size_of_micro_vieillir      (abs)        000000
__size_of_microgochi_init     (abs)        000000
__size_of_remplir_tableau     (abs)        000000
__size_of_reverse             (abs)        000000
__size_of_saut_tamago         (abs)        000000
__size_of_screen_credits      (abs)        000000
__size_of_strlen              (abs)        000000
__size_ofi2___awmod           (abs)        000000
__smallconst                  smallconst   000000
_afficher_sequence            text18       0024EE
_animation                    text35       0028F4
_animationCaca                text34       002B8A
_animationDead                text33       002856
_animationDodo                text32       00174A
_animationPasContent          text31       0027B8
_bouger_sequence              text16       0022A8
_buffer                       bssCOMRAM    000052
_champi                       dataBANK2    000200
_colli                        bssBANK0     0000E3
_collision                    text15       000380
_cpt                          bssCOMRAM    00004E
_creer_champi                 text14       002CFA
_cursor                       dataBANK0    000064
_direction                    bssBANK0     0000E5
_displayObject                text36       0012EE
_effacer_sequence             text17       00242E
_game_play                    text4        000012
_game_stats                   text19       0009A4
_glcd_FillScreen              text29       0025AE
_glcd_Image                   text30       002036
_glcd_Init                    text3        00210C
_glcd_PlotPixel               text37       001CD6
_glcd_ReadByte                text39       002C8C
_glcd_SetCursor               text28       002B1A
_glcd_WriteByte               text38       002C46
_glcd_WriteChar3x6            text27       000F54
_glcd_WriteChar8X8            text26       001098
_glcd_WriteString             text25       002666
_gochiDodo                    dataBANK0    0000C2
_gochiMort                    dataBANK0    00009A
_gochiPasContent              dataBANK1    0001A2
_gochi_corps                  dataBIGRAM   0004EE
_gochi_oreilles1              dataBANK3    000300
_gochi_oreilles2              dataBANK4    000400
_gochi_yeux1                  dataBANK2    00027E
_isr                          intcode      000008
_itoa                         text21       001F60
_lancer_minijeu               text11       000E0C
_mGogo                        bssBANK0     0000D2
_main                         text0        002710
_memset                       text20       000C4E
_menu_actions                 text6        0021DA
_menu_cursor                  text5        00152E
_micro_calin                  text10       002D46
_micro_dormir                 text9        002D68
_micro_laver                  text8        002DA6
_micro_manger                 text7        002D22
_micro_vieillir               text43       002D88
_microgochi_init              text2        002CD2
_mouche                       dataBANK0    000082
_ou                           mediumconst  007F86
_remplir_tableau              text13       002A24
_reverse                      text22       002992
_saut_tamago                  text12       0011C4
_score                        dataCOMRAM   000055
_screen_credits               text1        001BFC
_strlen                       text23       002BF4
_tab                          bssBANK0     0000DB
_taille                       dataCOMRAM   000057
_tamago                       dataBANK1    000100
_tamago_hauteur               dataBANK0    000060
_tamago_largeur               dataBANK0    000062
_test                         mediumconst  007AC3
_x                            bssCOMRAM    000051
_y                            bssCOMRAM    000050
afficher_sequence@i           cstackCOMRAM 000033
bouger_sequence@i             cstackCOMRAM 000038
btemp                         temp         000059
collision@i                   cstackCOMRAM 000046
collision@i_977               cstackCOMRAM 000044
creer_champi@new_champi       cstackCOMRAM 00000C
creer_champi@x                cstackCOMRAM 00000B
creer_champi@y                cstackCOMRAM 000007
displayObject@height          cstackCOMRAM 00001E
displayObject@i               cstackCOMRAM 000029
displayObject@j               cstackCOMRAM 00002B
displayObject@nb              cstackCOMRAM 000027
displayObject@tab             cstackCOMRAM 000018
displayObject@width           cstackCOMRAM 000020
displayObject@write           cstackCOMRAM 000022
displayObject@x               cstackCOMRAM 00001A
displayObject@y               cstackCOMRAM 00001C
effacer_sequence@i            cstackCOMRAM 000033
end_of_initialization         cinit        00173C
game_play@action              cstackBANK0  0000EB
game_play@button_pressed      cstackBANK0  0000E9
game_play@write               cstackBANK0  0000E7
game_stats@sortie_enable      cstackCOMRAM 00001E
glcd_FillScreen@color         cstackCOMRAM 000011
glcd_FillScreen@i             cstackCOMRAM 000013
glcd_FillScreen@j             cstackCOMRAM 000012
glcd_Image@cs                 cstackCOMRAM 000015
glcd_Image@i                  cstackCOMRAM 000014
glcd_Image@j                  cstackCOMRAM 000013
glcd_Image@ptr                cstackCOMRAM 000011
glcd_Init@mode                cstackCOMRAM 000015
glcd_PlotPixel@color          cstackCOMRAM 000012
glcd_PlotPixel@data           cstackCOMRAM 000016
glcd_PlotPixel@side           cstackCOMRAM 000017
glcd_PlotPixel@xpos           cstackCOMRAM 000015
glcd_PlotPixel@ypos           cstackCOMRAM 000011
glcd_ReadByte@data            cstackCOMRAM 000008
glcd_ReadByte@side            cstackCOMRAM 000007
glcd_SetCursor@side           cstackCOMRAM 000012
glcd_SetCursor@xpos           cstackCOMRAM 000013
glcd_SetCursor@ypos           cstackCOMRAM 000011
glcd_WriteByte@data           cstackCOMRAM 00000F
glcd_WriteByte@side           cstackCOMRAM 000010
glcd_WriteChar3x6@ch          cstackCOMRAM 000015
glcd_WriteChar3x6@color       cstackCOMRAM 000011
glcd_WriteChar3x6@i           cstackCOMRAM 000016
glcd_WriteChar3x6@side        cstackCOMRAM 000017
glcd_WriteChar3x6@xpos        cstackCOMRAM 000014
glcd_WriteChar8X8@ch          cstackCOMRAM 000014
glcd_WriteChar8X8@chr         cstackCOMRAM 000015
glcd_WriteChar8X8@color       cstackCOMRAM 000011
glcd_WriteChar8X8@i           cstackCOMRAM 000018
glcd_WriteChar8X8@side        cstackCOMRAM 000019
glcd_WriteChar8X8@xpos        cstackCOMRAM 000017
glcd_WriteString@color        cstackCOMRAM 00001D
glcd_WriteString@font         cstackCOMRAM 00001C
glcd_WriteString@str          cstackCOMRAM 00001A
i2___awmod                    text42       001E88
i2___awmod@counter            cstackCOMRAM 000005
i2___awmod@dividend           cstackCOMRAM 000001
i2___awmod@divisor            cstackCOMRAM 000003
i2___awmod@sign               cstackCOMRAM 000006
int$flags                     temp         000059
int_func                      intcode_body 001414
intlevel0                     text         000000
intlevel1                     text         000000
intlevel2                     text         000000
intlevel3                     text         000000
itoa@i                        cstackCOMRAM 00001B
itoa@n                        cstackCOMRAM 000015
itoa@s                        cstackCOMRAM 000017
itoa@sign                     cstackCOMRAM 000019
main@bool_jeu                 cstackCOMRAM 00004C
memset@c                      cstackCOMRAM 000009
memset@dest                   cstackCOMRAM 000007
memset@k                      cstackCOMRAM 000011
memset@n                      cstackCOMRAM 00000B
memset@s                      cstackCOMRAM 000013
menu_actions@action           cstackCOMRAM 000048
menu_cursor@action            cstackCOMRAM 00002D
menu_cursor@write             cstackCOMRAM 00002F
remplir_tableau@i             cstackCOMRAM 000013
remplir_tableau@x             cstackCOMRAM 000012
reverse@c                     cstackCOMRAM 000010
reverse@i                     cstackCOMRAM 000011
reverse@j                     cstackCOMRAM 000013
reverse@s                     cstackCOMRAM 00000D
saut_tamago@i                 cstackCOMRAM 00003A
stackhi                       (abs)        0001FF
stacklo                       (abs)        0001C2
start                         init         00000E
start_initialization          cinit        001640
strlen@a                      cstackCOMRAM 00000B
strlen@s                      cstackCOMRAM 000007
ttemp5                        temp         00005A
ttemp6                        temp         00005D
ttemp7                        temp         000061
wtemp8                        temp         00005A


FUNCTION INFORMATION:

 *************** function _main *****************
 Defined at:
		line 47 in file "main.c"
 Parameters:    Size  Location     Type
  argc            2    6[BANK0 ] int 
  argv            3    8[BANK0 ] PTR PTR unsigned char 
 Auto vars:     Size  Location     Type
  bool_jeu        2   75[COMRAM] int 
 Return value:  Size  Location     Type
                  2    6[BANK0 ] int 
 Registers used:
		wreg, fsr1l, fsr1h, fsr2l, fsr2h, status,2, status,0, tblptrl, tblptrh, tblptru, prodl, prodh, cstack
 Tracked objects:
		On entry : 
		On exit  : 
		Unchanged: 
 Data sizes:     COMRAM   BANK0   BANK1   BANK2   BANK3   BANK4   BANK5   BANK6   BANK7
      Params:         0       5       0       0       0       0       0       0       0
      Locals:         2       0       0       0       0       0       0       0       0
      Temps:          2       0       0       0       0       0       0       0       0
      Totals:         4       5       0       0       0       0       0       0       0
Total ram usage:        9 bytes
 Hardware stack levels required when called:   11
 This function calls:
		_game_play
		_glcd_Init
		_microgochi_init
		_screen_credits
 This function is called by:
		Startup code after reset
 This function uses a non-reentrant model


 *************** function _screen_credits *****************
 Defined at:
		line 25 in file "screen.c"
 Parameters:    Size  Location     Type
		None
 Auto vars:     Size  Location     Type
		None
 Return value:  Size  Location     Type
                  1    wreg      void 
 Registers used:
		wreg, fsr1l, fsr1h, status,2, status,0, tblptrl, tblptrh, tblptru, prodl, prodh, cstack
 Tracked objects:
		On entry : 
		On exit  : 
		Unchanged: 
 Data sizes:     COMRAM   BANK0   BANK1   BANK2   BANK3   BANK4   BANK5   BANK6   BANK7
      Params:         0       0       0       0       0       0       0       0       0
      Locals:         0       0       0       0       0       0       0       0       0
      Temps:          0       0       0       0       0       0       0       0       0
      Totals:         0       0       0       0       0       0       0       0       0
Total ram usage:        0 bytes
 Hardware stack levels used:    1
 Hardware stack levels required when called:    5
 This function calls:
		_glcd_FillScreen
		_glcd_SetCursor
		_glcd_WriteString
 This function is called by:
		_main
 This function uses a non-reentrant model


 *************** function _microgochi_init *****************
 Defined at:
		line 14 in file "microgochi.c"
 Parameters:    Size  Location     Type
		None
 Auto vars:     Size  Location     Type
		None
 Return value:  Size  Location     Type
                  1    wreg      void 
 Registers used:
		wreg, status,2
 Tracked objects:
		On entry : 
		On exit  : 
		Unchanged: 
 Data sizes:     COMRAM   BANK0   BANK1   BANK2   BANK3   BANK4   BANK5   BANK6   BANK7
      Params:         0       0       0       0       0       0       0       0       0
      Locals:         0       0       0       0       0       0       0       0       0
      Temps:          0       0       0       0       0       0       0       0       0
      Totals:         0       0       0       0       0       0       0       0       0
Total ram usage:        0 bytes
 Hardware stack levels used:    1
 Hardware stack levels required when called:    2
 This function calls:
		Nothing
 This function is called by:
		_main
 This function uses a non-reentrant model


 *************** function _glcd_Init *****************
 Defined at:
		line 341 in file "glcd.c"
 Parameters:    Size  Location     Type
  mode            1    wreg     unsigned char 
 Auto vars:     Size  Location     Type
  mode            1   20[COMRAM] unsigned char 
  k               1    0        unsigned char 
  j               1    0        unsigned char 
  i               1    0        unsigned char 
 Return value:  Size  Location     Type
                  1    wreg      void 
 Registers used:
		wreg, status,2, status,0, prodl, prodh, cstack
 Tracked objects:
		On entry : 
		On exit  : 
		Unchanged: 
 Data sizes:     COMRAM   BANK0   BANK1   BANK2   BANK3   BANK4   BANK5   BANK6   BANK7
      Params:         0       0       0       0       0       0       0       0       0
      Locals:         1       0       0       0       0       0       0       0       0
      Temps:          1       0       0       0       0       0       0       0       0
      Totals:         2       0       0       0       0       0       0       0       0
Total ram usage:        2 bytes
 Hardware stack levels used:    1
 Hardware stack levels required when called:    4
 This function calls:
		_glcd_FillScreen
		_glcd_WriteByte
 This function is called by:
		_main
 This function uses a non-reentrant model


 *************** function _game_play *****************
 Defined at:
		line 23 in file "game.c"
 Parameters:    Size  Location     Type
		None
 Auto vars:     Size  Location     Type
  action          2    4[BANK0 ] int 
  button_press    2    2[BANK0 ] int 
  write           2    0[BANK0 ] int 
 Return value:  Size  Location     Type
                  1    wreg      void 
 Registers used:
		wreg, fsr1l, fsr1h, fsr2l, fsr2h, status,2, status,0, tblptrl, tblptrh, tblptru, prodl, prodh, cstack
 Tracked objects:
		On entry : 
		On exit  : 
		Unchanged: 
 Data sizes:     COMRAM   BANK0   BANK1   BANK2   BANK3   BANK4   BANK5   BANK6   BANK7
      Params:         0       0       0       0       0       0       0       0       0
      Locals:         0       6       0       0       0       0       0       0       0
      Temps:          0       0       0       0       0       0       0       0       0
      Totals:         0       6       0       0       0       0       0       0       0
Total ram usage:        6 bytes
 Hardware stack levels used:    1
 Hardware stack levels required when called:   10
 This function calls:
		_animation
		_animationCaca
		_animationDead
		_animationDodo
		_animationPasContent
		_displayObject
		_glcd_FillScreen
		_glcd_Image
		_glcd_SetCursor
		_glcd_WriteString
		_menu_actions
		_menu_cursor
 This function is called by:
		_main
 This function uses a non-reentrant model


 *************** function _menu_cursor *****************
 Defined at:
		line 18 in file "menu.c"
 Parameters:    Size  Location     Type
  action          2   44[COMRAM] int 
  write           2   46[COMRAM] int 
 Auto vars:     Size  Location     Type
		None
 Return value:  Size  Location     Type
                  1    wreg      void 
 Registers used:
		wreg, fsr2l, fsr2h, status,2, status,0, cstack
 Tracked objects:
		On entry : 
		On exit  : 
		Unchanged: 
 Data sizes:     COMRAM   BANK0   BANK1   BANK2   BANK3   BANK4   BANK5   BANK6   BANK7
      Params:         4       0       0       0       0       0       0       0       0
      Locals:         0       0       0       0       0       0       0       0       0
      Temps:          2       0       0       0       0       0       0       0       0
      Totals:         6       0       0       0       0       0       0       0       0
Total ram usage:        6 bytes
 Hardware stack levels used:    1
 Hardware stack levels required when called:    5
 This function calls:
		_displayObject
 This function is called by:
		_game_play
 This function uses a non-reentrant model


 *************** function _menu_actions *****************
 Defined at:
		line 39 in file "menu.c"
 Parameters:    Size  Location     Type
  action          2   71[COMRAM] int 
 Auto vars:     Size  Location     Type
		None
 Return value:  Size  Location     Type
                  1    wreg      void 
 Registers used:
		wreg, fsr1l, fsr1h, fsr2l, fsr2h, status,2, status,0, tblptrl, tblptrh, tblptru, prodl, prodh, cstack
 Tracked objects:
		On entry : 
		On exit  : 
		Unchanged: 
 Data sizes:     COMRAM   BANK0   BANK1   BANK2   BANK3   BANK4   BANK5   BANK6   BANK7
      Params:         2       0       0       0       0       0       0       0       0
      Locals:         0       0       0       0       0       0       0       0       0
      Temps:          0       0       0       0       0       0       0       0       0
      Totals:         2       0       0       0       0       0       0       0       0
Total ram usage:        2 bytes
 Hardware stack levels used:    1
 Hardware stack levels required when called:    9
 This function calls:
		_game_stats
		_lancer_minijeu
		_micro_calin
		_micro_dormir
		_micro_laver
		_micro_manger
 This function is called by:
		_game_play
 This function uses a non-reentrant model


 *************** function _micro_manger *****************
 Defined at:
		line 39 in file "microgochi.c"
 Parameters:    Size  Location     Type
		None
 Auto vars:     Size  Location     Type
		None
 Return value:  Size  Location     Type
                  1    wreg      void 
 Registers used:
		wreg, status,2, status,0
 Tracked objects:
		On entry : 
		On exit  : 
		Unchanged: 
 Data sizes:     COMRAM   BANK0   BANK1   BANK2   BANK3   BANK4   BANK5   BANK6   BANK7
      Params:         0       0       0       0       0       0       0       0       0
      Locals:         0       0       0       0       0       0       0       0       0
      Temps:          0       0       0       0       0       0       0       0       0
      Totals:         0       0       0       0       0       0       0       0       0
Total ram usage:        0 bytes
 Hardware stack levels used:    1
 Hardware stack levels required when called:    2
 This function calls:
		Nothing
 This function is called by:
		_menu_actions
 This function uses a non-reentrant model


 *************** function _micro_laver *****************
 Defined at:
		line 58 in file "microgochi.c"
 Parameters:    Size  Location     Type
		None
 Auto vars:     Size  Location     Type
		None
 Return value:  Size  Location     Type
                  1    wreg      void 
 Registers used:
		wreg, status,2
 Tracked objects:
		On entry : 
		On exit  : 
		Unchanged: 
 Data sizes:     COMRAM   BANK0   BANK1   BANK2   BANK3   BANK4   BANK5   BANK6   BANK7
      Params:         0       0       0       0       0       0       0       0       0
      Locals:         0       0       0       0       0       0       0       0       0
      Temps:          0       0       0       0       0       0       0       0       0
      Totals:         0       0       0       0       0       0       0       0       0
Total ram usage:        0 bytes
 Hardware stack levels used:    1
 Hardware stack levels required when called:    2
 This function calls:
		Nothing
 This function is called by:
		_menu_actions
 This function uses a non-reentrant model


 *************** function _micro_dormir *****************
 Defined at:
		line 63 in file "microgochi.c"
 Parameters:    Size  Location     Type
		None
 Auto vars:     Size  Location     Type
		None
 Return value:  Size  Location     Type
                  1    wreg      void 
 Registers used:
		wreg, status,2, status,0
 Tracked objects:
		On entry : 
		On exit  : 
		Unchanged: 
 Data sizes:     COMRAM   BANK0   BANK1   BANK2   BANK3   BANK4   BANK5   BANK6   BANK7
      Params:         0       0       0       0       0       0       0       0       0
      Locals:         0       0       0       0       0       0       0       0       0
      Temps:          0       0       0       0       0       0       0       0       0
      Totals:         0       0       0       0       0       0       0       0       0
Total ram usage:        0 bytes
 Hardware stack levels used:    1
 Hardware stack levels required when called:    2
 This function calls:
		Nothing
 This function is called by:
		_menu_actions
 This function uses a non-reentrant model


 *************** function _micro_calin *****************
 Defined at:
		line 49 in file "microgochi.c"
 Parameters:    Size  Location     Type
		None
 Auto vars:     Size  Location     Type
		None
 Return value:  Size  Location     Type
                  1    wreg      void 
 Registers used:
		wreg, status,2, status,0
 Tracked objects:
		On entry : 
		On exit  : 
		Unchanged: 
 Data sizes:     COMRAM   BANK0   BANK1   BANK2   BANK3   BANK4   BANK5   BANK6   BANK7
      Params:         0       0       0       0       0       0       0       0       0
      Locals:         0       0       0       0       0       0       0       0       0
      Temps:          0       0       0       0       0       0       0       0       0
      Totals:         0       0       0       0       0       0       0       0       0
Total ram usage:        0 bytes
 Hardware stack levels used:    1
 Hardware stack levels required when called:    2
 This function calls:
		Nothing
 This function is called by:
		_menu_actions
 This function uses a non-reentrant model


 *************** function _lancer_minijeu *****************
 Defined at:
		line 197 in file "minijeu.c"
 Parameters:    Size  Location     Type
		None
 Auto vars:     Size  Location     Type
		None
 Return value:  Size  Location     Type
                  1    wreg      void 
 Registers used:
		wreg, fsr1l, fsr1h, fsr2l, fsr2h, status,2, status,0, tblptrl, tblptrh, tblptru, prodl, prodh, cstack
 Tracked objects:
		On entry : 
		On exit  : 
		Unchanged: 
 Data sizes:     COMRAM   BANK0   BANK1   BANK2   BANK3   BANK4   BANK5   BANK6   BANK7
      Params:         0       0       0       0       0       0       0       0       0
      Locals:         0       0       0       0       0       0       0       0       0
      Temps:          0       0       0       0       0       0       0       0       0
      Totals:         0       0       0       0       0       0       0       0       0
Total ram usage:        0 bytes
 Hardware stack levels used:    1
 Hardware stack levels required when called:    8
 This function calls:
		_bouger_sequence
		_collision
		_displayObject
		_glcd_FillScreen
		_glcd_SetCursor
		_glcd_WriteString
		_itoa
		_memset
		_remplir_tableau
		_saut_tamago
 This function is called by:
		_menu_actions
 This function uses a non-reentrant model


 *************** function _saut_tamago *****************
 Defined at:
		line 94 in file "minijeu.c"
 Parameters:    Size  Location     Type
		None
 Auto vars:     Size  Location     Type
  i               2   57[COMRAM] int 
 Return value:  Size  Location     Type
                  1    wreg      void 
 Registers used:
		wreg, fsr2l, fsr2h, status,2, status,0, cstack
 Tracked objects:
		On entry : 
		On exit  : 
		Unchanged: 
 Data sizes:     COMRAM   BANK0   BANK1   BANK2   BANK3   BANK4   BANK5   BANK6   BANK7
      Params:         0       0       0       0       0       0       0       0       0
      Locals:         2       0       0       0       0       0       0       0       0
      Temps:          0       0       0       0       0       0       0       0       0
      Totals:         2       0       0       0       0       0       0       0       0
Total ram usage:        2 bytes
 Hardware stack levels used:    1
 Hardware stack levels required when called:    7
 This function calls:
		_bouger_sequence
		_displayObject
 This function is called by:
		_lancer_minijeu
 This function uses a non-reentrant model


 *************** function _remplir_tableau *****************
 Defined at:
		line 46 in file "minijeu.c"
 Parameters:    Size  Location     Type
		None
 Auto vars:     Size  Location     Type
  i               2   18[COMRAM] int 
  x               1   17[COMRAM] unsigned char 
 Return value:  Size  Location     Type
                  1    wreg      void 
 Registers used:
		wreg, fsr2l, fsr2h, status,2, status,0, cstack
 Tracked objects:
		On entry : 
		On exit  : 
		Unchanged: 
 Data sizes:     COMRAM   BANK0   BANK1   BANK2   BANK3   BANK4   BANK5   BANK6   BANK7
      Params:         0       0       0       0       0       0       0       0       0
      Locals:         3       0       0       0       0       0       0       0       0
      Temps:          2       0       0       0       0       0       0       0       0
      Totals:         5       0       0       0       0       0       0       0       0
Total ram usage:        5 bytes
 Hardware stack levels used:    1
 Hardware stack levels required when called:    3
 This function calls:
		_creer_champi
 This function is called by:
		_lancer_minijeu
 This function uses a non-reentrant model


 *************** function _creer_champi *****************
 Defined at:
		line 36 in file "minijeu.c"
 Parameters:    Size  Location     Type
  x               1    wreg     unsigned char 
  y               1    6[COMRAM] unsigned char 
 Auto vars:     Size  Location     Type
  x               1   10[COMRAM] unsigned char 
  new_champi      4   11[COMRAM] struct champi
 Return value:  Size  Location     Type
                  4    6[COMRAM] struct champi
 Registers used:
		wreg, status,2
 Tracked objects:
		On entry : 
		On exit  : 
		Unchanged: 
 Data sizes:     COMRAM   BANK0   BANK1   BANK2   BANK3   BANK4   BANK5   BANK6   BANK7
      Params:         4       0       0       0       0       0       0       0       0
      Locals:         5       0       0       0       0       0       0       0       0
      Temps:          0       0       0       0       0       0       0       0       0
      Totals:         9       0       0       0       0       0       0       0       0
Total ram usage:        9 bytes
 Hardware stack levels used:    1
 Hardware stack levels required when called:    2
 This function calls:
		Nothing
 This function is called by:
		_remplir_tableau
 This function uses a non-reentrant model


 *************** function _collision *****************
 Defined at:
		line 123 in file "minijeu.c"
 Parameters:    Size  Location     Type
		None
 Auto vars:     Size  Location     Type
  i               2   67[COMRAM] int 
  i               2   69[COMRAM] int 
 Return value:  Size  Location     Type
                  1    wreg      void 
 Registers used:
		wreg, fsr2l, fsr2h, status,2, status,0, cstack
 Tracked objects:
		On entry : 
		On exit  : 
		Unchanged: 
 Data sizes:     COMRAM   BANK0   BANK1   BANK2   BANK3   BANK4   BANK5   BANK6   BANK7
      Params:         0       0       0       0       0       0       0       0       0
      Locals:         4       0       0       0       0       0       0       0       0
      Temps:         10       0       0       0       0       0       0       0       0
      Totals:        14       0       0       0       0       0       0       0       0
Total ram usage:       14 bytes
 Hardware stack levels used:    1
 Hardware stack levels required when called:    7
 This function calls:
		_bouger_sequence
		_displayObject
 This function is called by:
		_lancer_minijeu
 This function uses a non-reentrant model


 *************** function _bouger_sequence *****************
 Defined at:
		line 78 in file "minijeu.c"
 Parameters:    Size  Location     Type
		None
 Auto vars:     Size  Location     Type
  i               2   55[COMRAM] int 
 Return value:  Size  Location     Type
                  1    wreg      void 
 Registers used:
		wreg, fsr2l, fsr2h, status,2, status,0, cstack
 Tracked objects:
		On entry : 
		On exit  : 
		Unchanged: 
 Data sizes:     COMRAM   BANK0   BANK1   BANK2   BANK3   BANK4   BANK5   BANK6   BANK7
      Params:         0       0       0       0       0       0       0       0       0
      Locals:         2       0       0       0       0       0       0       0       0
      Temps:          3       0       0       0       0       0       0       0       0
      Totals:         5       0       0       0       0       0       0       0       0
Total ram usage:        5 bytes
 Hardware stack levels used:    1
 Hardware stack levels required when called:    6
 This function calls:
		_afficher_sequence
		_effacer_sequence
 This function is called by:
		_saut_tamago
		_collision
		_lancer_minijeu
 This function uses a non-reentrant model


 *************** function _effacer_sequence *****************
 Defined at:
		line 67 in file "minijeu.c"
 Parameters:    Size  Location     Type
		None
 Auto vars:     Size  Location     Type
  i               2   50[COMRAM] int 
 Return value:  Size  Location     Type
                  1    wreg      void 
 Registers used:
		wreg, fsr2l, fsr2h, status,2, status,0, cstack
 Tracked objects:
		On entry : 
		On exit  : 
		Unchanged: 
 Data sizes:     COMRAM   BANK0   BANK1   BANK2   BANK3   BANK4   BANK5   BANK6   BANK7
      Params:         0       0       0       0       0       0       0       0       0
      Locals:         2       0       0       0       0       0       0       0       0
      Temps:          6       0       0       0       0       0       0       0       0
      Totals:         8       0       0       0       0       0       0       0       0
Total ram usage:        8 bytes
 Hardware stack levels used:    1
 Hardware stack levels required when called:    5
 This function calls:
		_displayObject
 This function is called by:
		_bouger_sequence
 This function uses a non-reentrant model


 *************** function _afficher_sequence *****************
 Defined at:
		line 56 in file "minijeu.c"
 Parameters:    Size  Location     Type
		None
 Auto vars:     Size  Location     Type
  i               2   50[COMRAM] int 
 Return value:  Size  Location     Type
                  1    wreg      void 
 Registers used:
		wreg, fsr2l, fsr2h, status,2, status,0, cstack
 Tracked objects:
		On entry : 
		On exit  : 
		Unchanged: 
 Data sizes:     COMRAM   BANK0   BANK1   BANK2   BANK3   BANK4   BANK5   BANK6   BANK7
      Params:         0       0       0       0       0       0       0       0       0
      Locals:         2       0       0       0       0       0       0       0       0
      Temps:          6       0       0       0       0       0       0       0       0
      Totals:         8       0       0       0       0       0       0       0       0
Total ram usage:        8 bytes
 Hardware stack levels used:    1
 Hardware stack levels required when called:    5
 This function calls:
		_displayObject
 This function is called by:
		_bouger_sequence
 This function uses a non-reentrant model


 *************** function _game_stats *****************
 Defined at:
		line 127 in file "game.c"
 Parameters:    Size  Location     Type
		None
 Auto vars:     Size  Location     Type
  sortie_enabl    2   29[COMRAM] int 
 Return value:  Size  Location     Type
                  1    wreg      void 
 Registers used:
		wreg, fsr1l, fsr1h, fsr2l, fsr2h, status,2, status,0, tblptrl, tblptrh, tblptru, prodl, prodh, cstack
 Tracked objects:
		On entry : 
		On exit  : 
		Unchanged: 
 Data sizes:     COMRAM   BANK0   BANK1   BANK2   BANK3   BANK4   BANK5   BANK6   BANK7
      Params:         0       0       0       0       0       0       0       0       0
      Locals:         2       0       0       0       0       0       0       0       0
      Temps:          0       0       0       0       0       0       0       0       0
      Totals:         2       0       0       0       0       0       0       0       0
Total ram usage:        2 bytes
 Hardware stack levels used:    1
 Hardware stack levels required when called:    5
 This function calls:
		_glcd_FillScreen
		_glcd_SetCursor
		_glcd_WriteString
		_itoa
		_memset
 This function is called by:
		_menu_actions
 This function uses a non-reentrant model


 *************** function _memset *****************
 Defined at:
		line 4 in file "C:\Program Files (x86)\Microchip\xc8\v2.00\pic\sources\c99\common\memset.c"
 Parameters:    Size  Location     Type
  dest            2    6[COMRAM] PTR void 
		 -> buffer(3), 
  c               2    8[COMRAM] int 
  n               2   10[COMRAM] unsigned int 
 Auto vars:     Size  Location     Type
  s               2   18[COMRAM] PTR unsigned char 
		 -> buffer(3), 
  k               2   16[COMRAM] unsigned int 
 Return value:  Size  Location     Type
                  2    6[COMRAM] PTR void 
 Registers used:
		wreg, fsr2l, fsr2h, status,2, status,0
 Tracked objects:
		On entry : 
		On exit  : 
		Unchanged: 
 Data sizes:     COMRAM   BANK0   BANK1   BANK2   BANK3   BANK4   BANK5   BANK6   BANK7
      Params:         6       0       0       0       0       0       0       0       0
      Locals:         4       0       0       0       0       0       0       0       0
      Temps:          4       0       0       0       0       0       0       0       0
      Totals:        14       0       0       0       0       0       0       0       0
Total ram usage:       14 bytes
 Hardware stack levels used:    1
 Hardware stack levels required when called:    2
 This function calls:
		Nothing
 This function is called by:
		_game_stats
		_lancer_minijeu
 This function uses a non-reentrant model


 *************** function _itoa *****************
 Defined at:
		line 14 in file "itoa.c"
 Parameters:    Size  Location     Type
  n               2   20[COMRAM] int 
  s               2   22[COMRAM] PTR unsigned char 
		 -> buffer(3), 
 Auto vars:     Size  Location     Type
  i               2   26[COMRAM] int 
  sign            2   24[COMRAM] int 
 Return value:  Size  Location     Type
                  1    wreg      void 
 Registers used:
		wreg, fsr1l, fsr1h, fsr2l, fsr2h, status,2, status,0, cstack
 Tracked objects:
		On entry : 
		On exit  : 
		Unchanged: 
 Data sizes:     COMRAM   BANK0   BANK1   BANK2   BANK3   BANK4   BANK5   BANK6   BANK7
      Params:         4       0       0       0       0       0       0       0       0
      Locals:         4       0       0       0       0       0       0       0       0
      Temps:          0       0       0       0       0       0       0       0       0
      Totals:         8       0       0       0       0       0       0       0       0
Total ram usage:        8 bytes
 Hardware stack levels used:    1
 Hardware stack levels required when called:    4
 This function calls:
		___awdiv
		___awmod
		_reverse
 This function is called by:
		_game_stats
		_lancer_minijeu
 This function uses a non-reentrant model


 *************** function _reverse *****************
 Defined at:
		line 31 in file "itoa.c"
 Parameters:    Size  Location     Type
  s               2   12[COMRAM] PTR unsigned char 
		 -> buffer(3), 
 Auto vars:     Size  Location     Type
  j               2   18[COMRAM] int 
  i               2   16[COMRAM] int 
  c               1   15[COMRAM] unsigned char 
 Return value:  Size  Location     Type
                  1    wreg      void 
 Registers used:
		wreg, fsr1l, fsr1h, fsr2l, fsr2h, status,2, status,0, cstack
 Tracked objects:
		On entry : 
		On exit  : 
		Unchanged: 
 Data sizes:     COMRAM   BANK0   BANK1   BANK2   BANK3   BANK4   BANK5   BANK6   BANK7
      Params:         2       0       0       0       0       0       0       0       0
      Locals:         5       0       0       0       0       0       0       0       0
      Temps:          1       0       0       0       0       0       0       0       0
      Totals:         8       0       0       0       0       0       0       0       0
Total ram usage:        8 bytes
 Hardware stack levels used:    1
 Hardware stack levels required when called:    3
 This function calls:
		_strlen
 This function is called by:
		_itoa
 This function uses a non-reentrant model


 *************** function _strlen *****************
 Defined at:
		line 12 in file "C:\Program Files (x86)\Microchip\xc8\v2.00\pic\sources\c99\common\strlen.c"
 Parameters:    Size  Location     Type
  s               2    6[COMRAM] PTR const unsigned char 
		 -> buffer(3), 
 Auto vars:     Size  Location     Type
  a               2   10[COMRAM] PTR const unsigned char 
		 -> buffer(3), 
 Return value:  Size  Location     Type
                  2    6[COMRAM] unsigned int 
 Registers used:
		wreg, fsr2l, fsr2h, status,2, status,0
 Tracked objects:
		On entry : 
		On exit  : 
		Unchanged: 
 Data sizes:     COMRAM   BANK0   BANK1   BANK2   BANK3   BANK4   BANK5   BANK6   BANK7
      Params:         2       0       0       0       0       0       0       0       0
      Locals:         2       0       0       0       0       0       0       0       0
      Temps:          2       0       0       0       0       0       0       0       0
      Totals:         6       0       0       0       0       0       0       0       0
Total ram usage:        6 bytes
 Hardware stack levels used:    1
 Hardware stack levels required when called:    2
 This function calls:
		Nothing
 This function is called by:
		_reverse
 This function uses a non-reentrant model


 *************** function ___awmod *****************
 Defined at:
		line 7 in file "C:\Program Files (x86)\Microchip\xc8\v2.00\pic\sources\c99\common\awmod.c"
 Parameters:    Size  Location     Type
  dividend        2    6[COMRAM] int 
  divisor         2    8[COMRAM] int 
 Auto vars:     Size  Location     Type
  sign            1   11[COMRAM] unsigned char 
  counter         1   10[COMRAM] unsigned char 
 Return value:  Size  Location     Type
                  2    6[COMRAM] int 
 Registers used:
		wreg, status,2, status,0
 Tracked objects:
		On entry : 
		On exit  : 
		Unchanged: 
 Data sizes:     COMRAM   BANK0   BANK1   BANK2   BANK3   BANK4   BANK5   BANK6   BANK7
      Params:         4       0       0       0       0       0       0       0       0
      Locals:         2       0       0       0       0       0       0       0       0
      Temps:          0       0       0       0       0       0       0       0       0
      Totals:         6       0       0       0       0       0       0       0       0
Total ram usage:        6 bytes
 Hardware stack levels used:    1
 Hardware stack levels required when called:    2
 This function calls:
		Nothing
 This function is called by:
		_itoa
 This function uses a non-reentrant model


 *************** function _glcd_WriteString *****************
 Defined at:
		line 670 in file "glcd.c"
 Parameters:    Size  Location     Type
  str             2   25[COMRAM] PTR const unsigned char 
		 -> STR_18(5), STR_17(7), STR_16(5), STR_15(4), 
		 -> STR_14(6), STR_13(5), STR_12(7), STR_11(6), 
		 -> STR_10(6), STR_9(7), STR_8(5), STR_7(8), 
		 -> STR_6(7), STR_5(9), buffer(3), STR_4(6), 
		 -> STR_3(9), STR_2(7), STR_1(4), 
  font            1   27[COMRAM] unsigned char 
  color           1   28[COMRAM] unsigned char 
 Auto vars:     Size  Location     Type
		None
 Return value:  Size  Location     Type
                  1    wreg      void 
 Registers used:
		wreg, fsr1l, fsr1h, status,2, status,0, tblptrl, tblptrh, tblptru, prodl, prodh, cstack
 Tracked objects:
		On entry : 
		On exit  : 
		Unchanged: 
 Data sizes:     COMRAM   BANK0   BANK1   BANK2   BANK3   BANK4   BANK5   BANK6   BANK7
      Params:         4       0       0       0       0       0       0       0       0
      Locals:         0       0       0       0       0       0       0       0       0
      Temps:          0       0       0       0       0       0       0       0       0
      Totals:         4       0       0       0       0       0       0       0       0
Total ram usage:        4 bytes
 Hardware stack levels used:    1
 Hardware stack levels required when called:    4
 This function calls:
		_glcd_WriteChar3x6
		_glcd_WriteChar8X8
 This function is called by:
		_game_play
		_game_stats
[...]
 Tracked objects:
		On entry : 
		On exit  : 
		Unchanged: 
 Data sizes:     COMRAM   BANK0   BANK1   BANK2   BANK3   BANK4   BANK5   BANK6   BANK7
      Params:         0       0       0       0       0       0       0       0       0
      Locals:         5       0       0       0       0       0       0       0       0
      Temps:          0       0       0       0       0       0       0       0       0
      Totals:         5       0       0       0       0       0       0       0       0
Total ram usage:        5 bytes
 Hardware stack levels used:    1
 Hardware stack levels required when called:    3
 This function calls:
		_glcd_WriteByte
 This function is called by:
		_game_play
 This function uses a non-reentrant model


 *************** function _animationPasContent *****************
 Defined at:
		line 307 in file "game.c"
 Parameters:    Size  Location     Type
		None
 Auto vars:     Size  Location     Type
		None
 Return value:  Size  Location     Type
                  1    wreg      void 
 Registers used:
		wreg, fsr2l, fsr2h, status,2, status,0, cstack
 Tracked objects:
		On entry : 
		On exit  : 
		Unchanged: 
 Data sizes:     COMRAM   BANK0   BANK1   BANK2   BANK3   BANK4   BANK5   BANK6   BANK7
      Params:         0       0       0       0       0       0       0       0       0
      Locals:         0       0       0       0       0       0       0       0       0
      Temps:          0       0       0       0       0       0       0       0       0
      Totals:         0       0       0       0       0       0       0       0       0
Total ram usage:        0 bytes
 Hardware stack levels used:    1
 Hardware stack levels required when called:    5
 This function calls:
		_displayObject
 This function is called by:
		_game_play
 This function uses a non-reentrant model


 *************** function _animationDodo *****************
 Defined at:
		line 250 in file "game.c"
 Parameters:    Size  Location     Type
		None
 Auto vars:     Size  Location     Type
		None
 Return value:  Size  Location     Type
                  1    wreg      void 
 Registers used:
		wreg, fsr2l, fsr2h, status,2, status,0, cstack
 Tracked objects:
		On entry : 
		On exit  : 
		Unchanged: 
 Data sizes:     COMRAM   BANK0   BANK1   BANK2   BANK3   BANK4   BANK5   BANK6   BANK7
      Params:         0       0       0       0       0       0       0       0       0
      Locals:         0       0       0       0       0       0       0       0       0
      Temps:          0       0       0       0       0       0       0       0       0
      Totals:         0       0       0       0       0       0       0       0       0
Total ram usage:        0 bytes
 Hardware stack levels used:    1
 Hardware stack levels required when called:    5
 This function calls:
		_displayObject
 This function is called by:
		_game_play
 This function uses a non-reentrant model


 *************** function _animationDead *****************
 Defined at:
		line 295 in file "game.c"
 Parameters:    Size  Location     Type
		None
 Auto vars:     Size  Location     Type
		None
 Return value:  Size  Location     Type
                  1    wreg      void 
 Registers used:
		wreg, fsr2l, fsr2h, status,2, status,0, cstack
 Tracked objects:
		On entry : 
		On exit  : 
		Unchanged: 
 Data sizes:     COMRAM   BANK0   BANK1   BANK2   BANK3   BANK4   BANK5   BANK6   BANK7
      Params:         0       0       0       0       0       0       0       0       0
      Locals:         0       0       0       0       0       0       0       0       0
      Temps:          0       0       0       0       0       0       0       0       0
      Totals:         0       0       0       0       0       0       0       0       0
Total ram usage:        0 bytes
 Hardware stack levels used:    1
 Hardware stack levels required when called:    5
 This function calls:
		_displayObject
 This function is called by:
		_game_play
 This function uses a non-reentrant model


 *************** function _animationCaca *****************
 Defined at:
		line 275 in file "game.c"
 Parameters:    Size  Location     Type
		None
 Auto vars:     Size  Location     Type
		None
 Return value:  Size  Location     Type
                  1    wreg      void 
 Registers used:
		wreg, fsr2l, fsr2h, status,2, status,0, cstack
 Tracked objects:
		On entry : 
		On exit  : 
		Unchanged: 
 Data sizes:     COMRAM   BANK0   BANK1   BANK2   BANK3   BANK4   BANK5   BANK6   BANK7
      Params:         0       0       0       0       0       0       0       0       0
      Locals:         0       0       0       0       0       0       0       0       0
      Temps:          0       0       0       0       0       0       0       0       0
      Totals:         0       0       0       0       0       0       0       0       0
Total ram usage:        0 bytes
 Hardware stack levels used:    1
 Hardware stack levels required when called:    5
 This function calls:
		_displayObject
 This function is called by:
		_game_play
 This function uses a non-reentrant model


 *************** function _animation *****************
 Defined at:
		line 215 in file "game.c"
 Parameters:    Size  Location     Type
		None
 Auto vars:     Size  Location     Type
		None
 Return value:  Size  Location     Type
                  1    wreg      void 
 Registers used:
		wreg, fsr2l, fsr2h, status,2, status,0, cstack
 Tracked objects:
		On entry : 
		On exit  : 
		Unchanged: 
 Data sizes:     COMRAM   BANK0   BANK1   BANK2   BANK3   BANK4   BANK5   BANK6   BANK7
      Params:         0       0       0       0       0       0       0       0       0
      Locals:         0       0       0       0       0       0       0       0       0
      Temps:          0       0       0       0       0       0       0       0       0
      Totals:         0       0       0       0       0       0       0       0       0
Total ram usage:        0 bytes
 Hardware stack levels used:    1
 Hardware stack levels required when called:    5
 This function calls:
		_displayObject
 This function is called by:
		_game_play
 This function uses a non-reentrant model


 *************** function _displayObject *****************
 Defined at:
		line 13 in file "myglcd.c"
 Parameters:    Size  Location     Type
  tab             2   23[COMRAM] PTR unsigned char 
		 -> tamago(126), cursor(30), gochiPasContent(32), gochiMort(24), 
		 -> gochiDodo(16), gochi_yeux1(102), gochi_oreilles1(238), gochi_corps(782), 
		 -> Z2(16), Z1(36), mouche(24), champi(126), 
  x               2   25[COMRAM] int 
  y               2   27[COMRAM] int 
  height          2   29[COMRAM] int 
  width           2   31[COMRAM] int 
  write           2   33[COMRAM] int 
 Auto vars:     Size  Location     Type
  j               2   42[COMRAM] int 
  i               2   40[COMRAM] int 
  nb              2   38[COMRAM] int 
 Return value:  Size  Location     Type
                  1    wreg      void 
 Registers used:
		wreg, fsr2l, fsr2h, status,2, status,0, cstack
 Tracked objects:
		On entry : 
		On exit  : 
		Unchanged: 
 Data sizes:     COMRAM   BANK0   BANK1   BANK2   BANK3   BANK4   BANK5   BANK6   BANK7
      Params:        12       0       0       0       0       0       0       0       0
      Locals:         6       0       0       0       0       0       0       0       0
      Temps:          3       0       0       0       0       0       0       0       0
      Totals:        21       0       0       0       0       0       0       0       0
Total ram usage:       21 bytes
 Hardware stack levels used:    1
 Hardware stack levels required when called:    4
 This function calls:
		_glcd_PlotPixel
 This function is called by:
		_game_play
		_animation
		_animationDodo
		_animationCaca
		_animationDead
		_animationPasContent
		_menu_cursor
		_afficher_sequence
		_effacer_sequence
		_saut_tamago
		_collision
		_lancer_minijeu
 This function uses a non-reentrant model


 *************** function _glcd_PlotPixel *****************
 Defined at:
		line 468 in file "glcd.c"
 Parameters:    Size  Location     Type
  xpos            1    wreg     unsigned char 
  ypos            1   16[COMRAM] unsigned char 
  color           1   17[COMRAM] unsigned char 
 Auto vars:     Size  Location     Type
  xpos            1   20[COMRAM] unsigned char 
  side            1   22[COMRAM] unsigned char 
  data            1   21[COMRAM] unsigned char 
 Return value:  Size  Location     Type
                  1    wreg      void 
 Registers used:
		wreg, status,2, status,0, cstack
 Tracked objects:
		On entry : 
		On exit  : 
		Unchanged: 
 Data sizes:     COMRAM   BANK0   BANK1   BANK2   BANK3   BANK4   BANK5   BANK6   BANK7
      Params:         2       0       0       0       0       0       0       0       0
      Locals:         3       0       0       0       0       0       0       0       0
      Temps:          2       0       0       0       0       0       0       0       0
      Totals:         7       0       0       0       0       0       0       0       0
Total ram usage:        7 bytes
 Hardware stack levels used:    1
 Hardware stack levels required when called:    3
 This function calls:
		___awdiv
		_glcd_ReadByte
		_glcd_WriteByte
 This function is called by:
		_displayObject
		_glcd_Rect
 This function uses a non-reentrant model


 *************** function _glcd_WriteByte *****************
 Defined at:
		line 395 in file "glcd.c"
 Parameters:    Size  Location     Type
  side            1    wreg     unsigned char 
  data            1   14[COMRAM] unsigned char 
 Auto vars:     Size  Location     Type
  side            1   15[COMRAM] unsigned char 
 Return value:  Size  Location     Type
                  1    wreg      void 
 Registers used:
		wreg, status,2
 Tracked objects:
		On entry : 
		On exit  : 
		Unchanged: 
 Data sizes:     COMRAM   BANK0   BANK1   BANK2   BANK3   BANK4   BANK5   BANK6   BANK7
      Params:         1       0       0       0       0       0       0       0       0
      Locals:         1       0       0       0       0       0       0       0       0
      Temps:          0       0       0       0       0       0       0       0       0
      Totals:         2       0       0       0       0       0       0       0       0
Total ram usage:        2 bytes
 Hardware stack levels used:    1
 Hardware stack levels required when called:    2
 This function calls:
		Nothing
 This function is called by:
		_glcd_Init
		_glcd_PlotPixel
		_glcd_FillScreen
		_glcd_SetCursor
		_glcd_WriteChar8X8
		_glcd_WriteChar3x6
		_glcd_Image
		_glcd_icon8X8
 This function uses a non-reentrant model


 *************** function _glcd_ReadByte *****************
 Defined at:
		line 431 in file "glcd.c"
 Parameters:    Size  Location     Type
  side            1    wreg     unsigned char 
 Auto vars:     Size  Location     Type
  side            1    6[COMRAM] unsigned char 
  data            1    7[COMRAM] unsigned char 
 Return value:  Size  Location     Type
                  1    wreg      unsigned char 
 Registers used:
		wreg, status,2, cstack
 Tracked objects:
		On entry : 
		On exit  : 
		Unchanged: 
 Data sizes:     COMRAM   BANK0   BANK1   BANK2   BANK3   BANK4   BANK5   BANK6   BANK7
      Params:         0       0       0       0       0       0       0       0       0
      Locals:         2       0       0       0       0       0       0       0       0
      Temps:          0       0       0       0       0       0       0       0       0
      Totals:         2       0       0       0       0       0       0       0       0
Total ram usage:        2 bytes
 Hardware stack levels used:    1
 Hardware stack levels required when called:    2
 This function calls:
		Nothing
 This function is called by:
		_glcd_PlotPixel
 This function uses a non-reentrant model


 *************** function ___awdiv *****************
 Defined at:
		line 7 in file "C:\Program Files (x86)\Microchip\xc8\v2.00\pic\sources\c99\common\awdiv.c"
 Parameters:    Size  Location     Type
  dividend        2    6[COMRAM] int 
  divisor         2    8[COMRAM] int 
 Auto vars:     Size  Location     Type
  quotient        2   12[COMRAM] int 
  sign            1   11[COMRAM] unsigned char 
  counter         1   10[COMRAM] unsigned char 
 Return value:  Size  Location     Type
                  2    6[COMRAM] int 
 Registers used:
		wreg, status,2, status,0
 Tracked objects:
		On entry : 
		On exit  : 
		Unchanged: 
 Data sizes:     COMRAM   BANK0   BANK1   BANK2   BANK3   BANK4   BANK5   BANK6   BANK7
      Params:         4       0       0       0       0       0       0       0       0
      Locals:         4       0       0       0       0       0       0       0       0
      Temps:          0       0       0       0       0       0       0       0       0
      Totals:         8       0       0       0       0       0       0       0       0
Total ram usage:        8 bytes
 Hardware stack levels used:    1
 Hardware stack levels required when called:    2
 This function calls:
		Nothing
 This function is called by:
		_glcd_PlotPixel
		_itoa
 This function uses a non-reentrant model


 *************** function _isr *****************
 Defined at:
		line 142 in file "main.c"
 Parameters:    Size  Location     Type
		None
 Auto vars:     Size  Location     Type
		None
 Return value:  Size  Location     Type
                  1    wreg      void 
 Registers used:
		wreg, status,2, status,0, cstack
 Tracked objects:
		On entry : 
		On exit  : 
		Unchanged: 
 Data sizes:     COMRAM   BANK0   BANK1   BANK2   BANK3   BANK4   BANK5   BANK6   BANK7
      Params:         0       0       0       0       0       0       0       0       0
      Locals:         0       0       0       0       0       0       0       0       0
      Temps:          0       0       0       0       0       0       0       0       0
      Totals:         0       0       0       0       0       0       0       0       0
Total ram usage:        0 bytes
 Hardware stack levels used:    1
 Hardware stack levels required when called:    1
 This function calls:
		_micro_vieillir
		i2___awmod
 This function is called by:
		Interrupt level 2
 This function uses a non-reentrant model


 *************** function i2___awmod *****************
 Defined at:
		line 7 in file "C:\Program Files (x86)\Microchip\xc8\v2.00\pic\sources\c99\common\awmod.c"
 Parameters:    Size  Location     Type
  dividend        2    0[COMRAM] int 
  divisor         2    2[COMRAM] int 
 Auto vars:     Size  Location     Type
  __awmod         1    5[COMRAM] unsigned char 
  __awmod         1    4[COMRAM] unsigned char 
 Return value:  Size  Location     Type
                  2    0[COMRAM] int 
 Registers used:
		wreg, status,2, status,0
 Tracked objects:
		On entry : 
		On exit  : 
		Unchanged: 
 Data sizes:     COMRAM   BANK0   BANK1   BANK2   BANK3   BANK4   BANK5   BANK6   BANK7
      Params:         4       0       0       0       0       0       0       0       0
      Locals:         2       0       0       0       0       0       0       0       0
      Temps:          0       0       0       0       0       0       0       0       0
      Totals:         6       0       0       0       0       0       0       0       0
Total ram usage:        6 bytes
 Hardware stack levels used:    1
 This function calls:
		Nothing
 This function is called by:
		_isr
 This function uses a non-reentrant model


 *************** function _micro_vieillir *****************
 Defined at:
		line 29 in file "microgochi.c"
 Parameters:    Size  Location     Type
		None
 Auto vars:     Size  Location     Type
		None
 Return value:  Size  Location     Type
                  1    wreg      void 
 Registers used:
		wreg, status,2, status,0
 Tracked objects:
		On entry : 
		On exit  : 
		Unchanged: 
 Data sizes:     COMRAM   BANK0   BANK1   BANK2   BANK3   BANK4   BANK5   BANK6   BANK7
      Params:         0       0       0       0       0       0       0       0       0
      Locals:         0       0       0       0       0       0       0       0       0
      Temps:          0       0       0       0       0       0       0       0       0
      Totals:         0       0       0       0       0       0       0       0       0
Total ram usage:        0 bytes
 Hardware stack levels used:    1
 This function calls:
		Nothing
 This function is called by:
		_isr
 This function uses a non-reentrant model



MODULE INFORMATION

Module		Function		Class		Link	Load	Size
minijeu.c
		_creer_champi  		CODE           	2CFA	0000	41
		_afficher_sequence		CODE           	24EE	0000	193
		_collision     		CODE           	0380	0000	791
		_effacer_sequence		CODE           	242E	0000	193
		_saut_tamago   		CODE           	11C4	0000	299
		_remplir_tableau		CODE           	2A24	0000	133
		_lancer_minijeu		CODE           	0E0C	0000	329
		_bouger_sequence		CODE           	22A8	0000	197

minijeu.c estimated size: 2176

C:\Program Files (x86)\Microchip\xc8\v2.00\pic\sources\c99\common\awmod.c
		___awmod       		CODE           	1DB0	0000	217

C:\Program Files (x86)\Microchip\xc8\v2.00\pic\sources\c99\common\awmod.c estimated size: 217

microgochi.c
		_microgochi_init		CODE           	2CD2	0000	41
		_micro_dormir  		CODE           	2D68	0000	33
		_micro_manger  		CODE           	2D22	0000	37
		_micro_calin   		CODE           	2D46	0000	35
		_micro_laver   		CODE           	2DA6	0000	9
		_micro_vieillir		CODE           	2D88	0000	31

microgochi.c estimated size: 186

C:\Program Files (x86)\Microchip\xc8\v2.00\pic\sources\c99\common\strlen.c
		_strlen        		CODE           	2BF4	0000	83

C:\Program Files (x86)\Microchip\xc8\v2.00\pic\sources\c99\common\strlen.c estimated size: 83

screen.c
		_screen_credits		CODE           	1BFC	0000	219

screen.c estimated size: 219

C:\Program Files (x86)\Microchip\xc8\v2.00\pic\sources\c99\common\memset.c
		_memset        		CODE           	0C4E	0000	447

C:\Program Files (x86)\Microchip\xc8\v2.00\pic\sources\c99\common\memset.c estimated size: 447

C:\Program Files (x86)\Microchip\xc8\v2.00\pic\sources\c99\common\awdiv.c
		___awdiv       		CODE           	1A2C	0000	237

C:\Program Files (x86)\Microchip\xc8\v2.00\pic\sources\c99\common\awdiv.c estimated size: 237

shared
		_Font3x6       		MEDIUMCONST    	7EC3	0000	196
		_Font8x8       		MEDIUMCONST    	72C3	0000	2049
		_test          		MEDIUMCONST    	7AC3	0000	1025
		__initialization		CODE           	1640	0000	253
		i2___awmod     		CODE           	1E88	0000	217
		_ou            		MEDIUMCONST    	7F86	0000	9

shared estimated size: 3749

game.c
		_animation     		CODE           	28F4	0000	159
		_animationCaca 		CODE           	2B8A	0000	107
		_animationDead 		CODE           	2856	0000	159
		_animationDodo 		CODE           	174A	0000	263
		_game_stats    		CODE           	09A4	0000	683
		_game_play     		CODE           	0012	0000	879
		_animationPasContent		CODE           	27B8	0000	159

game.c estimated size: 2409

glcd.c
		_glcd_SetCursor		CODE           	2B1A	0000	113
		_glcd_WriteString		CODE           	2666	0000	171
		_glcd_WriteByte		CODE           	2C46	0000	71
		_glcd_Init     		CODE           	210C	0000	207
		_glcd_ReadByte 		CODE           	2C8C	0000	71
		_glcd_WriteChar8X8		CODE           	1098	0000	301
		_glcd_FillScreen		CODE           	25AE	0000	185
		_glcd_WriteChar3x6		CODE           	0F54	0000	325
		_glcd_PlotPixel		CODE           	1CD6	0000	219
		_glcd_Image    		CODE           	2036	0000	215

glcd.c estimated size: 1878

myglcd.c
		_displayObject 		CODE           	12EE	0000	295

myglcd.c estimated size: 295

menu.c
		_menu_actions  		CODE           	21DA	0000	207
		_menu_cursor   		CODE           	152E	0000	275

menu.c estimated size: 482

itoa.c
		_itoa          		CODE           	1F60	0000	215
		_reverse       		CODE           	2992	0000	147

itoa.c estimated size: 362

main.c
		_main          		CODE           	2710	0000	169
		_isr           		CODE           	0008	0000	289

main.c estimated size: 458

